[0;32mI (100) esp_image: segment 2: paddr=0001e994 vaddr=40374000 size[0m
abort() was called at PC 0x4037ad53 on core 0


Backtrace: 0x40375b79:0x3fc99150 0x4037ad5d:0x3fc99170 0x4038159d:0x3fc99190 0x4037ad53:0x3fcESP-ROM:esp32s3-20210327
Build:Mar 27 2021
rst:0x15 (USB_UART_CHIP_RESET),boot:0x8 (SPI_FAST_FLASH_BOOT)
Saved PC:0x42002248
SPIWP:0xee
mode:DIO, clock div:1
load:0x3fce2810,len:0x15a0
load:0x403c8700,len:0x4
load:0x403c8704,len:0xd20
load:0x403cb700,len:0x2ee4
entry 0x403c8928
[0;32mI (26) boot: ESP-IDF v5.4-dirty 2nd stage bootloader[0m
[0;32mI (27) boot: compile time Apr 18 2025 01:13:45[0m
[0;32mI (27) boot: Multicore bootloader[0m
[0;32mI (27) boot: chip revision: v0.2[0m
[0;32mI (30) boot: efuse block revision: v1.3[0m
[0;32mI (34) boot.esp32s3: Boot SPI Speed : 80MHz[0m
[0;32mI (37) boot.esp32s3: SPI Mode       : DIO[0m
[0;32mI (41) boot.esp32s3: SPI Flash Size : 2MB[0m
[0;32mI (45) boot: Enabling RNG early entropy source...[0m
[0;32mI (49) boot: Partition Table:[0m
[0;32mI (52) boot: ## Label            Usage          Type ST Offset   Length[0m
[0;32mI (58) boot:  0 nvs              WiFi data        01 02 00009000 00006000[0m
[0;32mI (65) boot:  1 phy_init         RF data          01 01 0000f000 00001000[0m
[0;32mI (71) boot:  2 factory          factory app      00 00 00010000 00100000[0m
[0;32mI (78) boot: End of partition table[0m
[0;32mI (81) esp_image: segment 0: paddr=00010020 vaddr=3c020020 size=0be84h ( 48772) map[0m
[0;32mI (97) esp_image: segment 1: paddr=0001beac vaddr=3fc93700 size=02ae0h ( 10976) load[0m
[0;32mI (100) esp_image: segment 2: paddr=0001e994 vaddr=40374000 size=01684h (  5764) load[0m
[0;32mI (105) esp_image: segment 3: paddr=00020020 vaddr=42000020 size=1bb38h (113464) map[0m
[0;32mI (131) esp_image: segment 4: paddr=0003bb60 vaddr=40375684 size=0dfd8h ( 57304) load[0m
[0;32mI (144) esp_image: segment 5: paddr=00049b40 vaddr=600fe100 size=0001ch (    28) load[0m
[0;32mI (150) boot: Loaded app from partition at offset 0x10000[0m
[0;32mI (150) boot: Disabling RNG early entropy source...[0m
[0;32mI (162) cpu_start: Multicore app[0m
[0;32mI (171) cpu_start: Pro cpu start user code[0m
[0;32mI (171) cpu_start: cpu freq: 160000000 Hz[0m
[0;32mI (171) app_init: Application information:[0m
[0;32mI (171) app_init: Project name:     GPIO_Example[0m
[0;32mI (175) app_init: App version:      ce7ed68-dirty[0m
[0;32mI (180) app_init: Compile time:     Apr 19 2025 02:27:40[0m
[0;32mI (185) app_init: ELF file SHA256:  1ca61bb27...[0m
[0;32mI (189) app_init: ESP-IDF:          v5.4-dirty[0m
[0;32mI (193) efuse_init: Min chip rev:     v0.0[0m
[0;32mI (197) efuse_init: Max chip rev:     v0.99 [0m
[0;32mI (201) efuse_init: Chip rev:         v0.2[0m
[0;32mI (205) heap_init: Initializing. RAM available for dynamic allocation:[0m
[0;32mI (211) heap_init: At 3FC96AD8 len 00052C38 (331 KiB): RAM[0m
[0;32mI (216) heap_init: At 3FCE9710 len 00005724 (21 KiB): RAM[0m
[0;32mI (221) heap_init: At 3FCF0000 len 00008000 (32 KiB): DRAM[0m
[0;32mI (227) heap_init: At 600FE11C len 00001ECC (7 KiB): RTCRAM[0m
[0;32mI (233) spi_flash: detected chip: gd[0m
[0;32mI (235) spi_flash: flash io: dio[0m
[0;33mW (238) spi_flash: Detected size(8192k) larger than the size in the binary image header(2048k). Using the size in the binary image header.[0m
[0;32mI (251) sleep_gpio: Configure to isolate all GPIO pins in sleep state[0m
[0;32mI (257) sleep_gpio: Enable automatic switching of GPIO sleep configuration[0m
[0;32mI (264) main_task: Started on CPU0[0m
[0;32mI (274) main_task: Calling app_main()[0m
[1;31mE (274) adc_continuous: adc_continuous_config(448): ADC bitwidth not supported[0m
ESP_ERROR_CHECK failed: esp_err_t 0x102 (ESP_ERR_INVALID_ARG) at 0x42009b02
file: "./main/Temperature_Module.c" line 38
func: continuous_adc_init
expression: adc_continuous_config(adc_handle, &adc_config)

abort() was called at PC 0x4037ad53 on core 0


Backtrace: 0x40375b79:0x3fc99150 0x4037ad5d:0x3fc99170 0x4038159d:0x3fc99190 0x4037ad53:0x3fc99200 0x42009b02:0x3fc99230 0x42009b0b:0x3fc99280 0x4201afab:0x3fc993c0 0x4037b625:0x3fc993f0




ELF file SHA256: 1ca61bb27

Rebooting...
ESP-ROM:esp32s3-20210327
Build:Mar 27 2021
rst:0xc (RTC_SW_CPU_RST),boot:0x8 (SPI_FAST_FLASH_BOOT)
Saved PC:0x40375ab8
SPIWP:0xee
mode:DIO, clock div:1
load:0x3fce2810,len:0x15a0
load:0x403c8700,len:0x4
load:0x403c8704,len:0xd20
load:0x403cb700,len:0x2ee4
entry 0x403c8928
[0;32mI (26) boot: ESP-IDF v5.4-dirty 2nd stage bootloader[0m
[0;32mI (26) boot: compile time Apr 18 2025 01:13:45[0m
[0;32mI (26) boot: Multicore bootloader[0m
[0;32mI (27) boot: chip revision: v0.2[0m
[0;32mI (29) boot: efuse block revision: v1.3[0m
[0;32mI (33) boot.esp32s3: Boot SPI Speed : 80MHz[0m
[0;32mI (37) boot.esp32s3: SPI Mode       : DIO[0m
[0;32mI (41) boot.esp32s3: SPI Flash Size : 2MB[0m
[0;32mI (44) boot: Enabling RNG early entropy source...[0m
[0;32mI (49) boot: Partition Table:[0m
[0;32mI (52) boot: ## Label            Usage          Type ST Offset   Length[0m
[0;32mI (58) boot:  0 nvs              WiFi data        01 02 00009000 00006000[0m
[0;32mI (64) boot:  1 phy_init         RF data          01 01 0000f000 00001000[0m
[0;32mI (71) boot:  2 factory          factory app      00 00 00010000 00100000[0m
[0;32mI (77) boot: End of partition table[0m
[0;32mI (81) esp_image: segment 0: paddr=00010020 vaddr=3c020020 size=0be84h ( 48772) map[0m
[0;32mI (97) esp_image: segment 1: paddr=0001beac vaddr=3fc93700 size=02ae0h ( 10976) load[0m
[0;32mI (99) esp_image: segment 2: paddr=0001e994 vaddr=40374000 size=01684h (  5764) load[0m
[0;32mI (104) esp_image: segment 3: paddr=00020020 vaddr=42000020 size=1bb38h (113464) map[0m
[0;32mI (130) esp_image: segment 4: paddr=0003bb60 vaddr=40375684 size=0dfd8h ( 57304) load[0m
[0;32mI (143) esp_image: segment 5: paddr=00049b40 vaddr=600fe100 size=0001ch (    28) load[0m
[0;32mI (150) boot: Loaded app from partition at offset 0x10000[0m
[0;32mI (150) boot: Disabling RNG early entropy source...[0m
[0;32mI (161) cpu_start: Multicore app[0m
[0;32mI (170) cpu_start: Pro cpu start user code[0m
[0;32mI (170) cpu_start: cpu freq: 160000000 Hz[0m
[0;32mI (170) app_init: Application information:[0m
[0;32mI (170) app_init: Project name:     GPIO_Example[0m
[0;32mI (175) app_init: App version:      ce7ed68-dirty[0m
[0;32mI (179) app_init: Compile time:     Apr 19 2025 02:27:40[0m
[0;32mI (184) app_init: ELF file SHA256:  1ca61bb27...[0m
[0;32mI (188) app_init: ESP-IDF:          v5.4-dirty[0m
[0;32mI (192) efuse_init: Min chip rev:     v0.0[0m
[0;32mI (196) efuse_init: Max chip rev:     v0.99 [0m
[0;32mI (200) efuse_init: Chip rev:         v0.2[0m
[0;32mI (204) heap_init: Initializing. RAM available for dynamic allocation:[0m
[0;32mI (211) heap_init: At 3FC96AD8 len 00052C38 (331 KiB): RAM[0m
[0;32mI (216) heap_init: At 3FCE9710 len 00005724 (21 KiB): RAM[0m
[0;32mI (221) heap_init: At 3FCF0000 len 00008000 (32 KiB): DRAM[0m
[0;32mI (226) heap_init: At 600FE11C len 00001ECC (7 KiB): RTCRAM[0m
[0;32mI (232) spi_flash: detected chip: gd[0m
[0;32mI (235) spi_flash: flash io: dio[0m
[0;33mW (237) spi_flash: Detected size(8192k) larger than the size in the binary image header(2048k). Using the size in the binary image header.[0m
[0;32mI (250) sleep_gpio: Configure to isolate all GPIO pins in sleep state[0m
[0;32mI (256) sleep_gpio: Enable automatic switching of GPIO sleep configuration[0m
[0;32mI (263) main_task: Started on CPU0[0m
[0;32mI (273) main_task: Calling app_main()[0m
[1;31mE (273) adc_continuous: adc_continuous_config(448): ADC bitwidth not supported[0m
ESP_ERROR_CHECK failed: esp_err_t 0x102 (ESP_ERR_INVALID_ARG) at 0x42009b02
file: "./main/Temperature_Module.c" line 38
func: continuous_adc_init
expression: adc_continuous_config(adc_handle, &adc_config)

abort() was called at PC 0x4037ad53 on core 0


Backtrace: 0x40375b79:0x3fc99150 0x4037ad5d:0x3fc99170 0x4038159d:0x3fc99190 0x4037ad53:0x3fc99200 0x42009b02:0x3fc99230 0x42009b0b:0x3fc99280 0x4201afab:0x3fc993c0 0x4037b625:0x3fc993f0




ELF file SHA256: 1ca61bb27

Rebooting...
ESP-ROM:esp32s3-20210327
Build:Mar 27 2021
rst:0xc (RTC_SW_CPU_RST),boot:0x8 (SPI_FAST_FLASH_BOOT)
Saved PC:0x40375ab8
SPIWP:0xee
mode:DIO, clock div:1
load:0x3fce2810,len:0x15a0
load:0x403c8700,len:0x4
load:0x403c8704,len:0xd20
load:0x403cb700,len:0x2ee4
entry 0x403c8928
[0;32mI (26) boot: ESP-IDF v5.4-dirty 2nd stage bootloader[0m
[0;32mI (26) boot: compile time Apr 18 2025 01:13:45[0m
[0;32mI (26) boot: Multicore bootloader[0m
[0;32mI (27) boot: chip revision: v0.2[0m
[0;32mI (29) boot: efuse block revision: v1.3[0m
[0;32mI (33) boot.esp32s3: Boot SPI Speed : 80MHz[0m
[0;32mI (37) boot.esp32s3: SPI Mode       : DIO[0m
[0;32mI (41) boot.esp32s3: SPI Flash Size : 2MB[0m
[0;32mI (44) boot: Enabling RNG early entropy source...[0m
[0;32mI (49) boot: Partition Table:[0m
[0;32mI (52) boot: ## Label            Usage          Type ST Offset   Length[0m
[0;32mI (58) boot:  0 nvs              WiFi data        01 02 00009000 00006000[0m
[0;32mI (64) boot:  1 phy_init         RF data          01 01 0000f000 00001000[0m
[0;32mI (71) boot:  2 factory          factory app      00 00 00010000 00100000[0m
[0;32mI (77) boot: End of partition table[0m
[0;32mI (81) esp_image: segment 0: paddr=00010020 vaddr=3c020020 size=0be84h ( 48772) map[0m
[0;32mI (97) esp_image: segment 1: paddr=0001beac vaddr=3fc93700 size=02ae0h ( 10976) load[0m
[0;32mI (99) esp_image: segment 2: paddr=0001e994 vaddr=40374000 size=01684h (  5764) load[0m
[0;32mI (104) esp_image: segment 3: paddr=00020020 vaddr=42000020 size=1bb38h (113464) map[0m
[0;32mI (130) esp_image: segment 4: paddr=0003bb60 vaddr=40375684 size=0dfd8h ( 57304) load[0m
[0;32mI (143) esp_image: segment 5: paddr=00049b40 vaddr=600fe100 size=0001ch (    28) load[0m
[0;32mI (150) boot: Loaded app from partition at offset 0x10000[0m
[0;32mI (150) boot: Disabling RNG early entropy source...[0m
[0;32mI (161) cpu_start: Multicore app[0m
[0;32mI (170) cpu_start: Pro cpu start user code[0m
[0;32mI (170) cpu_start: cpu freq: 160000000 Hz[0m
[0;32mI (170) app_init: Application information:[0m
[0;32mI (170) app_init: Project name:     GPIO_Example[0m
[0;32mI (175) app_init: App version:      ce7ed68-dirty[0m
[0;32mI (179) app_init: Compile time:     Apr 19 2025 02:27:40[0m
[0;32mI (184) app_init: ELF file SHA256:  1ca61bb27...[0m
[0;32mI (188) app_init: ESP-IDF:          v5.4-dirty[0m
[0;32mI (192) efuse_init: Min chip rev:     v0.0[0m
[0;32mI (196) efuse_init: Max chip rev:     v0.99 [0m
[0;32mI (200) efuse_init: Chip rev:         v0.2[0m
[0;32mI (204) heap_init: Initializing. RAM available for dynamic allocation:[0m
[0;32mI (211) heap_init: At 3FC96AD8 len 00052C38 (331 KiB): RAM[0m
[0;32mI (216) heap_init: At 3FCE9710 len 00005724 (21 KiB): RAM[0m
[0;32mI (221) heap_init: At 3FCF0000 len 00008000 (32 KiB): DRAM[0m
[0;32mI (226) heap_init: At 600FE11C len 00001ECC (7 KiB): RTCRAM[0m
[0;32mI (232) spi_flash: detected chip: gd[0m
[0;32mI (235) spi_flash: flash io: dio[0m
[0;33mW (237) spi_flash: Detected size(8192k) larger than the size in the binary image header(2048k). Using the size in the binary image header.[0m
[0;32mI (250) sleep_gpio: Configure to isolate all GPIO pins in sleep state[0m
[0;32mI (256) sleep_gpio: Enable automatic switching of GPIO sleep configuration[0m
[0;32mI (263) main_task: Started on CPU0[0m
[0;32mI (273) main_task: Calling app_main()[0m
[1;31mE (273) adc_continuous: adc_continuous_config(448): ADC bitwidth not supported[0m
ESP_ERROR_CHECK failed: esp_err_t 0x102 (ESP_ERR_INVALID_ARG) at 0x42009b02
file: "./main/Temperature_Module.c" line 38
func: continuous_adc_init
expression: adc_continuous_config(adc_handle, &adc_config)

abort() was called at PC 0x4037ad53 on core 0


Backtrace: 0x40375b79:0x3fc99150 0x4037ad5d:0x3fc99170 0x4038159d:0x3fc99190 0x4037ad53:0x3fc99200 0x42009b02:0x3fc99230 0x42009b0b:0x3fc99280 0x4201afab:0x3fc993c0 0x4037b625:0x3fc993f0




ELF file SHA256: 1ca61bb27

Rebooting...
ESP-ROM:esp32s3-20210327
Build:Mar 27 2021
rst:0xc (RTC_SW_CPU_RST),boot:0x8 (SPI_FAST_FLASH_BOOT)
Saved PC:0x40375ab8
SPIWP:0xee
mode:DIO, clock div:1
load:0x3fce2810,len:0x15a0
load:0x403c8700,len:0x4
load:0x403c8704,len:0xd20
load:0x403cb700,len:0x2ee4
entry 0x403c8928
[0;32mI (26) boot: ESP-IDF v5.4-dirty 2nd stage bootloader[0m
[0;32mI (26) boot: compile time Apr 18 2025 01:13:45[0m
[0;32mI (26) boot: Multicore bootloader[0m
[0;32mI (27) boot: chip revision: v0.2[0m
[0;32mI (29) boot: efuse block revision: v1.3[0m
[0;32mI (33) boot.esp32s3: Boot SPI Speed : 80MHz[0m
[0;32mI (37) boot.esp32s3: SPI Mode       : DIO[0m
[0;32mI (41) boot.esp32s3: SPI Flash Size : 2MB[0m
[0;32mI (44) boot: Enabling RNG early entropy source...[0m
[0;32mI (49) boot: Partition Table:[0m
[0;32mI (52) boot: ## Label            Usage          Type ST Offset   Length[0m
[0;32mI (58) boot:  0 nvs              WiFi data        01 02 00009000 00006000[0m
[0;32mI (64) boot:  1 phy_init         RF data          01 01 0000f000 00001000[0m
[0;32mI (71) boot:  2 factory          factory app      00 00 00010000 00100000[0m
[0;32mI (77) boot: End of partition table[0m
[0;32mI (81) esp_image: segment 0: paddr=00010020 vaddr=3c020020 size=0be84h ( 48772) map[0m
[0;32mI (97) esp_image: segment 1: paddr=0001beac vaddr=3fc93700 size=02ae0h ( 10976) load[0m
[0;32mI (99) esp_image: segment 2: paddr=0001e994 vaddr=40374000 size=01684h (  5764) load[0m
[0;32mI (104) esp_image: segment 3: paddr=00020020 vaddr=42000020 size=1bb38h (113464) map[0m
[0;32mI (130) esp_image: segment 4: paddr=0003bb60 vaddr=40375684 size=0dfd8h ( 57304) load[0m
[0;32mI (143) esp_image: segment 5: paddr=00049b40 vaddr=600fe100 size=0001ch (    28) load[0m
[0;32mI (150) boot: Loaded app from partition at offset 0x10000[0m
[0;32mI (150) boot: Disabling RNG early entropy source...[0m
[0;32mI (161) cpu_start: Multicore app[0m
[0;32mI (170) cpu_start: Pro cpu start user code[0m
[0;32mI (170) cpu_start: cpu freq: 160000000 Hz[0m
[0;32mI (170) app_init: Application information:[0m
[0;32mI (170) app_init: Project name:     GPIO_Example[0m
[0;32mI (175) app_init: App version:      ce7ed68-dirty[0m
[0;32mI (179) app_init: Compile time:     Apr 19 2025 02:27:40[0m
[0;32mI (184) app_init: ELF file SHA256:  1ca61bb27...[0m
[0;32mI (188) app_init: ESP-IDF:          v5.4-dirty[0m
[0;32mI (192) efuse_init: Min chip rev:     v0.0[0m
[0;32mI (196) efuse_init: Max chip rev:     v0.99 [0m
[0;32mI (200) efuse_init: Chip rev:         v0.2[0m
[0;32mI (204) heap_init: Initializing. RAM available for dynamic allocation:[0m
[0;32mI (211) heap_init: At 3FC96AD8 len 00052C38 (331 KiB): RAM[0m
[0;32mI (216) heap_init: At 3FCE9710 len 00005724 (21 KiB): RAM[0m
[0;32mI (221) heap_init: At 3FCF0000 len 00008000 (32 KiB): DRAM[0m
[0;32mI (226) heap_init: At 600FE11C len 00001ECC (7 KiB): RTCRAM[0m
[0;32mI (232) spi_flash: detected chip: gd[0m
[0;32mI (235) spi_flash: flash io: dio[0m
[0;33mW (237) spi_flash: Detected size(8192k) larger than the size in the binary image header(2048k). Using the size in the binary image header.[0m
[0;32mI (250) sleep_gpio: Configure to isolate all GPIO pins in sleep state[0m
[0;32mI (256) sleep_gpio: Enable automatic switching of GPIO sleep configuration[0m
[0;32mI (263) main_task: Started on CPU0[0m
[0;32mI (273) main_task: Calling app_main()[0m
[1;31mE (273) adc_continuous: adc_continuous_config(448): ADC bitwidth not supported[0m
ESP_ERROR_CHECK failed: esp_err_t 0x102 (ESP_ERR_INVALID_ARG) at 0x42009b02
file: "./main/Temperature_Module.c" line 38
func: continuous_adc_init
expression: adc_continuous_config(adc_handle, &adc_config)

abort() was called at PC 0x4037ad53 on core 0


Backtrace: 0x40375b79:0x3fc99150 0x4037ad5d:0x3fc99170 0x4038159d:0x3fc99190 0x4037ad53:0x3fc99200 0x42009b02:0x3fc99230 0x42009b0b:0x3fc99280 0x4201afab:0x3fc993c0 0x4037b625:0x3fc993f0




ELF file SHA256: 1ca61bb27

Rebooting...
ESP-ROM:esp32s3-20210327
Build:Mar 27 2021
rst:0xc (RTC_SW_CPU_RST),boot:0x8 (SPI_FAST_FLASH_BOOT)
Saved PC:0x40375ab8
SPIWP:0xee
mode:DIO, clock div:1
load:0x3fce2810,len:0x15a0
load:0x403c8700,len:0x4
load:0x403c8704,len:0xd20
load:0x403cb700,len:0x2ee4
entry 0x403c8928
[0;32mI (26) boot: ESP-IDF v5.4-dirty 2nd stage bootloader[0m
[0;32mI (26) boot: compile time Apr 18 2025 01:13:45[0m
[0;32mI (26) boot: Multicore bootloader[0m
[0;32mI (27) boot: chip revision: v0.2[0m
[0;32mI (29) boot: efuse block revision: v1.3[0m
[0;32mI (33) boot.esp32s3: Boot SPI Speed : 80MHz[0m
[0;32mI (37) boot.esp32s3: SPI Mode       : DIO[0m
[0;32mI (41) boot.esp32s3: SPI Flash Size : 2MB[0m
[0;32mI (44) boot: Enabling RNG early entropy source...[0m
[0;32mI (49) boot: Partition Table:[0m
[0;32mI (52) boot: ## Label            Usage          Type ST Offset   Length[0m
[0;32mI (58) boot:  0 nvs              WiFi data        01 02 00009000 00006000[0m
[0;32mI (64) boot:  1 phy_init         RF data          01 01 0000f000 00001000[0m
[0;32mI (71) boot:  2 factory          factory app      00 00 00010000 00100000[0m
[0;32mI (77) boot: End of partition table[0m
[0;32mI (81) esp_image: segment 0: paddr=00010020 vaddr=3c020020 size=0be84h ( 48772) map[0m
[0;32mI (97) esp_image: segment 1: paddr=0001beac vaddr=3fc93700 size=02ae0h ( 10976) load[0m
[0;32mI (99) esp_image: segment 2: paddr=0001e994 vaddr=40374000 size=01684h (  5764) load[0m
[0;32mI (104) esp_image: segment 3: paddr=00020020 vaddr=42000020 size=1bb38h (113464) map[0m
[0;32mI (130) esp_image: segment 4: paddr=0003bb60 vaddr=40375684 size=0dfd8h ( 57304) load[0m
[0;32mI (143) esp_image: segment 5: paddr=00049b40 vaddr=600fe100 size=0001ch (    28) load[0m
[0;32mI (150) boot: Loaded app from partition at offset 0x10000[0m
[0;32mI (150) boot: Disabling RNG early entropy source...[0m
[0;32mI (161) cpu_start: Multicore app[0m
[0;32mI (170) cpu_start: Pro cpu start user code[0m
[0;32mI (170) cpu_start: cpu freq: 160000000 Hz[0m
[0;32mI (170) app_init: Application information:[0m
[0;32mI (171) app_init: Project name:     GPIO_Example[0m
[0;32mI (175) app_init: App version:      ce7ed68-dirty[0m
[0;32mI (179) app_init: Compile time:     Apr 19 2025 02:27:40[0m
[0;32mI (184) app_init: ELF file SHA256:  1ca61bb27...[0m
[0;32mI (188) app_init: ESP-IDF:          v5.4-dirty[0m
[0;32mI (192) efuse_init: Min chip rev:     v0.0[0m
[0;32mI (196) efuse_init: Max chip rev:     v0.99 [0m
[0;32mI (200) efuse_init: Chip rev:         v0.2[0m
[0;32mI (204) heap_init: Initializing. RAM available for dynamic allocation:[0m
[0;32mI (211) heap_init: At 3FC96AD8 len 00052C38 (331 KiB): RAM[0m
[0;32mI (216) heap_init: At 3FCE9710 len 00005724 (21 KiB): RAM[0m
[0;32mI (221) heap_init: At 3FCF0000 len 00008000 (32 KiB): DRAM[0m
[0;32mI (226) heap_init: At 600FE11C len 00001ECC (7 KiB): RTCRAM[0m
[0;32mI (232) spi_flash: detected chip: gd[0m
[0;32mI (235) spi_flash: flash io: dio[0m
[0;33mW (237) spi_flash: Detected size(8192k) larger than the size in the binary image header(2048k). Using the size in the binary image header.[0m
[0;32mI (250) sleep_gpio: Configure to isolate all GPIO pins in sleep state[0m
[0;32mI (256) sleep_gpio: Enable automatic switching of GPIO sleep configuration[0m
[0;32mI (263) main_task: Started on CPU0[0m
[0;32mI (273) main_task: Calling app_main()[0m
[1;31mE (273) adc_continuous: adc_continuous_config(448): ADC bitwidth not supported[0m
ESP_ERROR_CHECK failed: esp_err_t 0x102 (ESP_ERR_INVALID_ARG) at 0x42009b02
file: "./main/Temperature_Module.c" line 38
func: continuous_adc_init
expression: adc_continuous_config(adc_handle, &adc_config)

abort() was called at PC 0x4037ad53 on core 0


Backtrace: 0x40375b79:0x3fc99150 0x4037ad5d:0x3fc99170 0x4038159d:0x3fc99190 0x4037ad53:0x3fc99200 0x42009b02:0x3fc99230 0x42009b0b:0x3fc99280 0x4201afab:0x3fc993c0 0x4037b625:0x3fc993f0




ELF file SHA256: 1ca61bb27

Rebooting...
ESP-ROM:esp32s3-20210327
Build:Mar 27 2021
rst:0xc (RTC_SW_CPU_RST),boot:0x8 (SPI_FAST_FLASH_BOOT)
Saved PC:0x40375ab8
SPIWP:0xee
mode:DIO, clock div:1
load:0x3fce2810,len:0x15a0
load:0x403c8700,len:0x4
load:0x403c8704,len:0xd20
load:0x403cb700,len:0x2ee4
entry 0x403c8928
[0;32mI (26) boot: ESP-IDF v5.4-dirty 2nd stage bootloader[0m
[0;32mI (26) boot: compile time Apr 18 2025 01:13:45[0m
[0;32mI (26) boot: Multicore bootloader[0m
[0;32mI (27) boot: chip revision: v0.2[0m
[0;32mI (29) boot: efuse block revision: v1.3[0m
[0;32mI (33) boot.esp32s3: Boot SPI Speed : 80MHz[0m
[0;32mI (37) boot.esp32s3: SPI Mode       : DIO[0m
[0;32mI (41) boot.esp32s3: SPI Flash Size : 2MB[0m
[0;32mI (44) boot: Enabling RNG early entropy source...[0m
[0;32mI (49) boot: Partition Table:[0m
[0;32mI (52) boot: ## Label            Usage          Type ST Offset   Length[0m
[0;32mI (58) boot:  0 nvs              WiFi data        01 02 00009000 00006000[0m
[0;32mI (64) boot:  1 phy_init         RF data          01 01 0000f000 00001000[0m
[0;32mI (71) boot:  2 factory          factory app      00 00 00010000 00100000[0m
[0;32mI (77) boot: End of partition table[0m
[0;32mI (81) esp_image: segment 0: paddr=00010020 vaddr=3c020020 size=0be84h ( 48772) map[0m
[0;32mI (97) esp_image: segment 1: paddr=0001beac vaddr=3fc93700 size=02ae0h ( 10976) load[0m
[0;32mI (99) esp_image: segment 2: paddr=0001e994 vaddr=40374000 size=01684h (  5764) load[0m
[0;32mI (104) esp_image: segment 3: paddr=00020020 vaddr=42000020 size=1bb38h (113464) map[0m
[0;32mI (130) esp_image: segment 4: paddr=0003bb60 vaddr=40375684 size=0dfd8h ( 57304) load[0m
[0;32mI (143) esp_image: segment 5: paddr=00049b40 vaddr=600fe100 size=0001ch (    28) load[0m
[0;32mI (150) boot: Loaded app from partition at offset 0x10000[0m
[0;32mI (150) boot: Disabling RNG early entropy source...[0m
[0;32mI (161) cpu_start: Multicore app[0m
[0;32mI (170) cpu_start: Pro cpu start user code[0m
[0;32mI (170) cpu_start: cpu freq: 160000000 Hz[0m
[0;32mI (170) app_init: Application information:[0m
[0;32mI (170) app_init: Project name:     GPIO_Example[0m
[0;32mI (175) app_init: App version:      ce7ed68-dirty[0m
[0;32mI (179) app_init: Compile time:     Apr 19 2025 02:27:40[0m
[0;32mI (184) app_init: ELF file SHA256:  1ca61bb27...[0m
[0;32mI (188) app_init: ESP-IDF:          v5.4-dirty[0m
[0;32mI (192) efuse_init: Min chip rev:     v0.0[0m
[0;32mI (196) efuse_init: Max chip rev:     v0.99 [0m
[0;32mI (200) efuse_init: Chip rev:         v0.2[0m
[0;32mI (204) heap_init: Initializing. RAM available for dynamic allocation:[0m
[0;32mI (211) heap_init: At 3FC96AD8 len 00052C38 (331 KiB): RAM[0m
[0;32mI (216) heap_init: At 3FCE9710 len 00005724 (21 KiB): RAM[0m
[0;32mI (221) heap_init: At 3FCF0000 len 00008000 (32 KiB): DRAM[0m
[0;32mI (226) heap_init: At 600FE11C len 00001ECC (7 KiB): RTCRAM[0m
[0;32mI (232) spi_flash: detected chip: gd[0m
[0;32mI (235) spi_flash: flash io: dio[0m
[0;33mW (237) spi_flash: Detected size(8192k) larger than the size in the binary image header(2048k). Using the size in the binary image header.[0m
[0;32mI (250) sleep_gpio: Configure to isolate all GPIO pins in sleep state[0m
[0;32mI (256) sleep_gpio: Enable automatic switching of GPIO sleep configuration[0m
[0;32mI (263) main_task: Started on CPU0[0m
[0;32mI (273) main_task: Calling app_main()[0m
[1;31mE (273) adc_continuous: adc_continuous_config(448): ADC bitwidth not supported[0m
ESP_ERROR_CHECK failed: esp_err_t 0x102 (ESP_ERR_INVALID_ARG) at 0x42009b02
file: "./main/Temperature_Module.c" line 38
func: continuous_adc_init
expression: adc_continuous_config(adc_handle, &adc_config)

abort() was called at PC 0x4037ad53 on core 0


Backtrace: 0x40375b79:0x3fc99150 0x4037ad5d:0x3fc99170 0x4038159d:0x3fc99190 0x4037ad53:0x3fc99200 0x42009b02:0x3fc99230 0x42009b0b:0x3fc99280 0x4201afab:0x3fc993c0 0x4037b625:0x3fc993f0




ELF file SHA256: 1ca61bb27

Rebooting...
ESP-ROM:esp32s3-20210327
Build:Mar 27 2021
rst:0xc (RTC_SW_CPU_RST),boot:0x8 (SPI_FAST_FLASH_BOOT)
Saved PC:0x40375ab8
SPIWP:0xee
mode:DIO, clock div:1
load:0x3fce2810,len:0x15a0
load:0x403c8700,len:0x4
load:0x403c8704,len:0xd20
load:0x403cb700,len:0x2ee4
entry 0x403c8928
[0;32mI (26) boot: ESP-IDF v5.4-dirty 2nd stage bootloader[0m
[0;32mI (26) boot: compile time Apr 18 2025 01:13:45[0m
[0;32mI (26) boot: Multicore bootloader[0m
[0;32mI (27) boot: chip revision: v0.2[0m
[0;32mI (29) boot: efuse block revision: v1.3[0m
[0;32mI (33) boot.esp32s3: Boot SPI Speed : 80MHz[0m
[0;32mI (37) boot.esp32s3: SPI Mode       : DIO[0m
[0;32mI (41) boot.esp32s3: SPI Flash Size : 2MB[0m
[0;32mI (44) boot: Enabling RNG early entropy source...[0m
[0;32mI (49) boot: Partition Table:[0m
[0;32mI (52) boot: ## Label            Usage          Type ST Offset   Length[0m
[0;32mI (58) boot:  0 nvs              WiFi data        01 02 00009000 00006000[0m
[0;32mI (64) boot:  1 phy_init         RF data          01 01 0000f000 00001000[0m
[0;32mI (71) boot:  2 factory          factory app      00 00 00010000 00100000[0m
[0;32mI (77) boot: End of partition table[0m
[0;32mI (81) esp_image: segment 0: paddr=00010020 vaddr=3c020020 size=0be84h ( 48772) map[0m
[0;32mI (97) esp_image: segment 1: paddr=0001beac vaddr=3fc93700 size=02ae0h ( 10976) load[0m
[0;32mI (99) esp_image: segment 2: paddr=0001e994 vaddr=40374000 size=01684h (  5764) load[0m
[0;32mI (104) esp_image: segment 3: paddr=00020020 vaddr=42000020 size=1bb38h (113464) map[0m
[0;32mI (130) esp_image: segment 4: paddr=0003bb60 vaddr=40375684 size=0dfd8h ( 57304) load[0m
[0;32mI (143) esp_image: segment 5: paddr=00049b40 vaddr=600fe100 size=0001ch (    28) load[0m
[0;32mI (150) boot: Loaded app from partition at offset 0x10000[0m
[0;32mI (150) boot: Disabling RNG early entropy source...[0m
[0;32mI (161) cpu_start: Multicore app[0m
[0;32mI (170) cpu_start: Pro cpu start user code[0m
[0;32mI (170) cpu_start: cpu freq: 160000000 Hz[0m
[0;32mI (170) app_init: Application information:[0m
[0;32mI (170) app_init: Project name:     GPIO_Example[0m
[0;32mI (175) app_init: App version:      ce7ed68-dirty[0m
[0;32mI (179) app_init: Compile time:     Apr 19 2025 02:27:40[0m
[0;32mI (184) app_init: ELF file SHA256:  1ca61bb27...[0m
[0;32mI (188) app_init: ESP-IDF:          v5.4-dirty[0m
[0;32mI (192) efuse_init: Min chip rev:     v0.0[0m
[0;32mI (196) efuse_init: Max chip rev:     v0.99 [0m
[0;32mI (200) efuse_init: Chip rev:         v0.2[0m
[0;32mI (204) heap_init: Initializing. RAM available for dynamic allocation:[0m
[0;32mI (211) heap_init: At 3FC96AD8 len 00052C38 (331 KiB): RAM[0m
[0;32mI (216) heap_init: At 3FCE9710 len 00005724 (21 KiB): RAM[0m
[0;32mI (221) heap_init: At 3FCF0000 len 00008000 (32 KiB): DRAM[0m
[0;32mI (226) heap_init: At 600FE11C len 00001ECC (7 KiB): RTCRAM[0m
[0;32mI (232) spi_flash: detected chip: gd[0m
[0;32mI (235) spi_flash: flash io: dio[0m
[0;33mW (237) spi_flash: Detected size(8192k) larger than the size in the binary image header(2048k). Using the size in the binary image header.[0m
[0;32mI (250) sleep_gpio: Configure to isolate all GPIO pins in sleep state[0m
[0;32mI (256) sleep_gpio: Enable automatic switching of GPIO sleep configuration[0m
[0;32mI (263) main_task: Started on CPU0[0m
[0;32mI (273) main_task: Calling app_main()[0m
[1;31mE (273) adc_continuous: adc_continuous_config(448): ADC bitwidth not supported[0m
ESP_ERROR_CHECK failed: esp_err_t 0x102 (ESP_ERR_INVALID_ARG) at 0x42009b02
file: "./main/Temperature_Module.c" line 38
func: continuous_adc_init
expression: adc_continuous_config(adc_handle, &adc_config)

abort() was called at PC 0x4037ad53 on core 0


Backtrace: 0x40375b79:0x3fc99150 0x4037ad5d:0x3fc99170 0x4038159d:0x3fc99190 0x4037ad53:0x3fc99200 0x42009b02:0x3fc99230 0x42009b0b:0x3fc99280 0x4201afab:0x3fc993c0 0x4037b625:0x3fc993f0




ELF file SHA256: 1ca61bb27

Rebooting...
ESP-ROM:esp32s3-20210327
Build:Mar 27 2021
rst:0xc (RTC_SW_CPU_RST),boot:0x8 (SPI_FAST_FLASH_BOOT)
Saved PC:0x40375ab8
SPIWP:0xee
mode:DIO, clock div:1
load:0x3fce2810,len:0x15a0
load:0x403c8700,len:0x4
load:0x403c8704,len:0xd20
load:0x403cb700,len:0x2ee4
entry 0x403c8928
[0;32mI (26) boot: ESP-IDF v5.4-dirty 2nd stage bootloader[0m
[0;32mI (26) boot: compile time Apr 18 2025 01:13:45[0m
[0;32mI (26) boot: Multicore bootloader[0m
[0;32mI (27) boot: chip revision: v0.2[0m
[0;32mI (29) boot: efuse block revision: v1.3[0m
[0;32mI (33) boot.esp32s3: Boot SPI Speed : 80MHz[0m
[0;32mI (37) boot.esp32s3: SPI Mode       : DIO[0m
[0;32mI (41) boot.esp32s3: SPI Flash Size : 2MB[0m
[0;32mI (44) boot: Enabling RNG early entropy source...[0m
[0;32mI (49) boot: Partition Table:[0m
[0;32mI (52) boot: ## Label            Usage          Type ST Offset   Length[0m
[0;32mI (58) boot:  0 nvs              WiFi data        01 02 00009000 00006000[0m
[0;32mI (64) boot:  1 phy_init         RF data          01 01 0000f000 00001000[0m
[0;32mI (71) boot:  2 factory          factory app      00 00 00010000 00100000[0m
[0;32mI (77) boot: End of partition table[0m
[0;32mI (81) esp_image: segment 0: paddr=00010020 vaddr=3c020020 size=0be84h ( 48772) map[0m
[0;32mI (97) esp_image: segment 1: paddr=0001beac vaddr=3fc93700 size=02ae0h ( 10976) load[0m
[0;32mI (99) esp_image: segment 2: paddr=0001e994 vaddr=40374000 size=01684h (  5764) load[0m
[0;32mI (104) esp_image: segment 3: paddr=00020020 vaddr=42000020 size=1bb38h (113464) map[0m
[0;32mI (130) esp_image: segment 4: paddr=0003bb60 vaddr=40375684 size=0dfd8h ( 57304) load[0m
[0;32mI (143) esp_image: segment 5: paddr=00049b40 vaddr=600fe100 size=0001ch (    28) load[0m
[0;32mI (150) boot: Loaded app from partition at offset 0x10000[0m
[0;32mI (150) boot: Disabling RNG early entropy source...[0m
[0;32mI (161) cpu_start: Multicore app[0m
[0;32mI (170) cpu_start: Pro cpu start user code[0m
[0;32mI (170) cpu_start: cpu freq: 160000000 Hz[0m
[0;32mI (170) app_init: Application information:[0m
[0;32mI (170) app_init: Project name:     GPIO_Example[0m
[0;32mI (175) app_init: App version:      ce7ed68-dirty[0m
[0;32mI (179) app_init: Compile time:     Apr 19 2025 02:27:40[0m
[0;32mI (184) app_init: ELF file SHA256:  1ca61bb27...[0m
[0;32mI (188) app_init: ESP-IDF:          v5.4-dirty[0m
[0;32mI (192) efuse_init: Min chip rev:     v0.0[0m
[0;32mI (196) efuse_init: Max chip rev:     v0.99 [0m
[0;32mI (200) efuse_init: Chip rev:         v0.2[0m
[0;32mI (204) heap_init: Initializing. RAM available for dynamic allocation:[0m
[0;32mI (211) heap_init: At 3FC96AD8 len 00052C38 (331 KiB): RAM[0m
[0;32mI (216) heap_init: At 3FCE9710 len 00005724 (21 KiB): RAM[0m
[0;32mI (221) heap_init: At 3FCF0000 len 00008000 (32 KiB): DRAM[0m
[0;32mI (226) heap_init: At 600FE11C len 00001ECC (7 KiB): RTCRAM[0m
[0;32mI (232) spi_flash: detected chip: gd[0m
[0;32mI (235) spi_flash: flash io: dio[0m
[0;33mW (237) spi_flash: Detected size(8192k) larger than the size in the binary image header(2048k). Using the size in the binary image header.[0m
[0;32mI (250) sleep_gpio: Configure to isolate all GPIO pins in sleep state[0m
[0;32mI (256) sleep_gpio: Enable automatic switching of GPIO sleep configuration[0m
[0;32mI (263) main_task: Started on CPU0[0m
[0;32mI (273) main_task: Calling app_main()[0m
[1;31mE (273) adc_continuous: adc_continuous_config(448): ADC bitwidth not supported[0m
ESP_ERROR_CHECK failed: esp_err_t 0x102 (ESP_ERR_INVALID_ARG) at 0x42009b02
file: "./main/Temperature_Module.c" line 38
func: continuous_adc_init
expression: adc_continuous_config(adc_handle, &adc_config)

abort() was called at PC 0x4037ad53 on core 0


Backtrace: 0x40375b79:0x3fc99150 0x4037ad5d:0x3fc99170 0x4038159d:0x3fc99190 0x4037ad53:0x3fc99200 0x42009b02:0x3fc99230 0x42009b0b:0x3fc99280 0x4201afab:0x3fc993c0 0x4037b625:0x3fc993f0




ELF file SHA256: 1ca61bb27

Rebooting...
ESP-ROM:esp32s3-20210327
Build:Mar 27 2021
rst:0xc (RTC_SW_CPU_RST),boot:0x8 (SPI_FAST_FLASH_BOOT)
Saved PC:0x40375ab8
SPIWP:0xee
mode:DIO, clock div:1
load:0x3fce2810,len:0x15a0
load:0x403c8700,len:0x4
load:0x403c8704,len:0xd20
load:0x403cb700,len:0x2ee4
entry 0x403c8928
[0;32mI (26) boot: ESP-IDF v5.4-dirty 2nd stage bootloader[0m
[0;32mI (26) boot: compile time Apr 18 2025 01:13:45[0m
[0;32mI (26) boot: Multicore bootloader[0m
[0;32mI (27) boot: chip revision: v0.2[0m
[0;32mI (29) boot: efuse block revision: v1.3[0m
[0;32mI (33) boot.esp32s3: Boot SPI Speed : 80MHz[0m
[0;32mI (37) boot.esp32s3: SPI Mode       : DIO[0m
[0;32mI (41) boot.esp32s3: SPI Flash Size : 2MB[0m
[0;32mI (44) boot: Enabling RNG early entropy source...[0m
[0;32mI (49) boot: Partition Table:[0m
[0;32mI (52) boot: ## Label            Usage          Type ST Offset   Length[0m
[0;32mI (58) boot:  0 nvs              WiFi data        01 02 00009000 00006000[0m
[0;32mI (64) boot:  1 phy_init         RF data          01 01 0000f000 00001000[0m
[0;32mI (71) boot:  2 factory          factory app      00 00 00010000 00100000[0m
[0;32mI (77) boot: End of partition table[0m
[0;32mI (81) esp_image: segment 0: paddr=00010020 vaddr=3c020020 size=0be84h ( 48772) map[0m
[0;32mI (97) esp_image: segment 1: paddr=0001beac vaddr=3fc93700 size=02ae0h ( 10976) load[0m
[0;32mI (99) esp_image: segment 2: paddr=0001e994 vaddr=40374000 size=01684h (  5764) load[0m
[0;32mI (104) esp_image: segment 3: paddr=00020020 vaddr=42000020 size=1bb38h (113464) map[0m
[0;32mI (130) esp_image: segment 4: paddr=0003bb60 vaddr=40375684 size=0dfd8h ( 57304) load[0m
[0;32mI (143) esp_image: segment 5: paddr=00049b40 vaddr=600fe100 size=0001ch (    28) load[0m
[0;32mI (150) boot: Loaded app from partition at offset 0x10000[0m
[0;32mI (150) boot: Disabling RNG early entropy source...[0m
[0;32mI (161) cpu_start: Multicore app[0m
[0;32mI (170) cpu_start: Pro cpu start user code[0m
[0;32mI (170) cpu_start: cpu freq: 160000000 Hz[0m
[0;32mI (170) app_init: Application information:[0m
[0;32mI (170) app_init: Project name:     GPIO_Example[0m
[0;32mI (175) app_init: App version:      ce7ed68-dirty[0m
[0;32mI (179) app_init: Compile time:     Apr 19 2025 02:27:40[0m
[0;32mI (184) app_init: ELF file SHA256:  1ca61bb27...[0m
[0;32mI (188) app_init: ESP-IDF:          v5.4-dirty[0m
[0;32mI (192) efuse_init: Min chip rev:     v0.0[0m
[0;32mI (196) efuse_init: Max chip rev:     v0.99 [0m
[0;32mI (200) efuse_init: Chip rev:         v0.2[0m
[0;32mI (204) heap_init: Initializing. RAM available for dynamic allocation:[0m
[0;32mI (211) heap_init: At 3FC96AD8 len 00052C38 (331 KiB): RAM[0m
[0;32mI (216) heap_init: At 3FCE9710 len 00005724 (21 KiB): RAM[0m
[0;32mI (221) heap_init: At 3FCF0000 len 00008000 (32 KiB): DRAM[0m
[0;32mI (226) heap_init: At 600FE11C len 00001ECC (7 KiB): RTCRAM[0m
[0;32mI (232) spi_flash: detected chip: gd[0m
[0;32mI (235) spi_flash: flash io: dio[0m
[0;33mW (237) spi_flash: Detected size(8192k) larger than the size in the binary image header(2048k). Using the size in the binary image header.[0m
[0;32mI (250) sleep_gpio: Configure to isolate all GPIO pins in sleep state[0m
[0;32mI (256) sleep_gpio: Enable automatic switching of GPIO sleep configuration[0m
[0;32mI (263) main_task: Started on CPU0[0m
[0;32mI (273) main_task: Calling app_main()[0m
[1;31mE (273) adc_continuous: adc_continuous_config(448): ADC bitwidth not supported[0m
ESP_ERROR_CHECK failed: esp_err_t 0x102 (ESP_ERR_INVALID_ARG) at 0x42009b02
file: "./main/Temperature_Module.c" line 38
func: continuous_adc_init
expression: adc_continuous_config(adc_handle, &adc_config)

abort() was called at PC 0x4037ad53 on core 0


Backtrace: 0x40375b79:0x3fc99150 0x4037ad5d:0x3fc99170 0x4038159d:0x3fc99190 0x4037ad53:0x3fc99200 0x42009b02:0x3fc99230 0x42009b0b:0x3fc99280 0x4201afab:0x3fc993c0 0x4037b625:0x3fc993f0




ELF file SHA256: 1ca61bb27

Rebooting...
ESP-ROM:esp32s3-20210327
Build:Mar 27 2021
rst:0xc (RTC_SW_CPU_RST),boot:0x8 (SPI_FAST_FLASH_BOOT)
Saved PC:0x40375ab8
SPIWP:0xee
mode:DIO, clock div:1
load:0x3fce2810,len:0x15a0
load:0x403c8700,len:0x4
load:0x403c8704,len:0xd20
load:0x403cb700,len:0x2ee4
entry 0x403c8928
[0;32mI (26) boot: ESP-IDF v5.4-dirty 2nd stage bootloader[0m
[0;32mI (26) boot: compile time Apr 18 2025 01:13:45[0m
[0;32mI (26) boot: Multicore bootloader[0m
[0;32mI (27) boot: chip revision: v0.2[0m
[0;32mI (29) boot: efuse block revision: v1.3[0m
[0;32mI (33) boot.esp32s3: Boot SPI Speed : 80MHz[0m
[0;32mI (37) boot.esp32s3: SPI Mode       : DIO[0m
[0;32mI (41) boot.esp32s3: SPI Flash Size : 2MB[0m
[0;32mI (44) boot: Enabling RNG early entropy source...[0m
[0;32mI (49) boot: Partition Table:[0m
[0;32mI (52) boot: ## Label            Usage          Type ST Offset   Length[0m
[0;32mI (58) boot:  0 nvs              WiFi data        01 02 00009000 00006000[0m
[0;32mI (64) boot:  1 phy_init         RF data          01 01 0000f000 00001000[0m
[0;32mI (71) boot:  2 factory          factory app      00 00 00010000 00100000[0m
[0;32mI (77) boot: End of partition table[0m
[0;32mI (81) esp_image: segment 0: paddr=00010020 vaddr=3c020020 size=0be84h ( 48772) map[0m
[0;32mI (97) esp_image: segment 1: paddr=0001beac vaddr=3fc93700 size=02ae0h ( 10976) load[0m
[0;32mI (99) esp_image: segment 2: paddr=0001e994 vaddr=40374000 size=01684h (  5764) load[0m
[0;32mI (104) esp_image: segment 3: paddr=00020020 vaddr=42000020 size=1bb38h (113464) map[0m
[0;32mI (130) esp_image: segment 4: paddr=0003bb60 vaddr=40375684 size=0dfd8h ( 57304) load[0m
[0;32mI (143) esp_image: segment 5: paddr=00049b40 vaddr=600fe100 size=0001ch (    28) load[0m
[0;32mI (150) boot: Loaded app from partition at offset 0x10000[0m
[0;32mI (150) boot: Disabling RNG early entropy source...[0m
[0;32mI (161) cpu_start: Multicore app[0m
[0;32mI (170) cpu_start: Pro cpu start user code[0m
[0;32mI (170) cpu_start: cpu freq: 160000000 Hz[0m
[0;32mI (170) app_init: Application information:[0m
[0;32mI (170) app_init: Project name:     GPIO_Example[0m
[0;32mI (175) app_init: App version:      ce7ed68-dirty[0m
[0;32mI (179) app_init: Compile time:     Apr 19 2025 02:27:40[0m
[0;32mI (184) app_init: ELF file SHA256:  1ca61bb27...[0m
[0;32mI (188) app_init: ESP-IDF:          v5.4-dirty[0m
[0;32mI (192) efuse_init: Min chip rev:     v0.0[0m
[0;32mI (196) efuse_init: Max chip rev:     v0.99 [0m
[0;32mI (200) efuse_init: Chip rev:         v0.2[0m
[0;32mI (204) heap_init: Initializing. RAM available for dynamic allocation:[0m
[0;32mI (211) heap_init: At 3FC96AD8 len 00052C38 (331 KiB): RAM[0m
[0;32mI (216) heap_init: At 3FCE9710 len 00005724 (21 KiB): RAM[0m
[0;32mI (221) heap_init: At 3FCF0000 len 00008000 (32 KiB): DRAM[0m
[0;32mI (226) heap_init: At 600FE11C len 00001ECC (7 KiB): RTCRAM[0m
[0;32mI (232) spi_flash: detected chip: gd[0m
[0;32mI (235) spi_flash: flash io: dio[0m
[0;33mW (237) spi_flash: Detected size(8192k) larger than the size in the binary image header(2048k). Using the size in the binary image header.[0m
[0;32mI (250) sleep_gpio: Configure to isolate all GPIO pins in sleep state[0m
[0;32mI (256) sleep_gpio: Enable automatic switching of GPIO sleep configuration[0m
[0;32mI (263) main_task: Started on CPU0[0m
[0;32mI (273) main_task: Calling app_main()[0m
[1;31mE (273) adc_continuous: adc_continuous_config(448): ADC bitwidth not supported[0m
ESP_ERROR_CHECK failed: esp_err_t 0x102 (ESP_ERR_INVALID_ARG) at 0x42009b02
file: "./main/Temperature_Module.c" line 38
func: continuous_adc_init
expression: adc_continuous_config(adc_handle, &adc_config)

abort() was called at PC 0x4037ad53 on core 0


Backtrace: 0x40375b79:0x3fc99150 0x4037ad5d:0x3fc99170 0x4038159d:0x3fc99190 0x4037ad53:0x3fc99200 0x42009b02:0x3fc99230 0x42009b0b:0x3fc99280 0x4201afab:0x3fc993c0 0x4037b625:0x3fc993f0




ELF file SHA256: 1ca61bb27

Rebooting...
ESP-ROM:esp32s3-20210327
Build:Mar 27 2021
rst:0xc (RTC_SW_CPU_RST),boot:0x8 (SPI_FAST_FLASH_BOOT)
Saved PC:0x40375ab8
SPIWP:0xee
mode:DIO, clock div:1
load:0x3fce2810,len:0x15a0
load:0x403c8700,len:0x4
load:0x403c8704,len:0xd20
load:0x403cb700,len:0x2ee4
entry 0x403c8928
[0;32mI (26) boot: ESP-IDF v5.4-dirty 2nd stage bootloader[0m
[0;32mI (26) boot: compile time Apr 18 2025 01:13:45[0m
[0;32mI (26) boot: Multicore bootloader[0m
[0;32mI (27) boot: chip revision: v0.2[0m
[0;32mI (29) boot: efuse block revision: v1.3[0m
[0;32mI (33) boot.esp32s3: Boot SPI Speed : 80MHz[0m
[0;32mI (37) boot.esp32s3: SPI Mode       : DIO[0m
[0;32mI (41) boot.esp32s3: SPI Flash Size : 2MB[0m
[0;32mI (44) boot: Enabling RNG early entropy source...[0m
[0;32mI (49) boot: Partition Table:[0m
[0;32mI (52) boot: ## Label            Usage          Type ST Offset   Length[0m
[0;32mI (58) boot:  0 nvs              WiFi data        01 02 00009000 00006000[0m
[0;32mI (64) boot:  1 phy_init         RF data          01 01 0000f000 00001000[0m
[0;32mI (71) boot:  2 factory          factory app      00 00 00010000 00100000[0m
[0;32mI (77) boot: End of partition table[0m
[0;32mI (81) esp_image: segment 0: paddr=00010020 vaddr=3c020020 size=0be84h ( 48772) map[0m
[0;32mI (97) esp_image: segment 1: paddr=0001beac vaddr=3fc93700 size=02ae0h ( 10976) load[0m
[0;32mI (99) esp_image: segment 2: paddr=0001e994 vaddr=40374000 size=01684h (  5764) load[0m
[0;32mI (104) esp_image: segment 3: paddr=00020020 vaddr=42000020 size=1bb38h (113464) map[0m
[0;32mI (130) esp_image: segment 4: paddr=0003bb60 vaddr=40375684 size=0dfd8h ( 57304) load[0m
[0;32mI (143) esp_image: segment 5: paddr=00049b40 vaddr=600fe100 size=0001ch (    28) load[0m
[0;32mI (150) boot: Loaded app from partition at offset 0x10000[0m
[0;32mI (150) boot: Disabling RNG early entropy source...[0m
[0;32mI (161) cpu_start: Multicore app[0m
[0;32mI (170) cpu_start: Pro cpu start user code[0m
[0;32mI (170) cpu_start: cpu freq: 160000000 Hz[0m
[0;32mI (170) app_init: Application information:[0m
[0;32mI (170) app_init: Project name:     GPIO_Example[0m
[0;32mI (175) app_init: App version:      ce7ed68-dirty[0m
[0;32mI (179) app_init: Compile time:     Apr 19 2025 02:27:40[0m
[0;32mI (184) app_init: ELF file SHA256:  1ca61bb27...[0m
[0;32mI (188) app_init: ESP-IDF:          v5.4-dirty[0m
[0;32mI (192) efuse_init: Min chip rev:     v0.0[0m
[0;32mI (196) efuse_init: Max chip rev:     v0.99 [0m
[0;32mI (200) efuse_init: Chip rev:         v0.2[0m
[0;32mI (204) heap_init: Initializing. RAM available for dynamic allocation:[0m
[0;32mI (211) heap_init: At 3FC96AD8 len 00052C38 (331 KiB): RAM[0m
[0;32mI (216) heap_init: At 3FCE9710 len 00005724 (21 KiB): RAM[0m
[0;32mI (221) heap_init: At 3FCF0000 len 00008000 (32 KiB): DRAM[0m
[0;32mI (226) heap_init: At 600FE11C len 00001ECC (7 KiB): RTCRAM[0m
[0;32mI (232) spi_flash: detected chip: gd[0m
[0;32mI (235) spi_flash: flash io: dio[0m
[0;33mW (237) spi_flash: Detected size(8192k) larger than the size in the binary image header(2048k). Using the size in the binary image header.[0m
[0;32mI (250) sleep_gpio: Configure to isolate all GPIO pins in sleep state[0m
[0;32mI (256) sleep_gpio: Enable automatic switching of GPIO sleep configuration[0m
[0;32mI (263) main_task: Started on CPU0[0m
[0;32mI (273) main_task: Calling app_main()[0m
[1;31mE (273) adc_continuous: adc_continuous_config(448): ADC bitwidth not supported[0m
ESP_ERROR_CHECK failed: esp_err_t 0x102 (ESP_ERR_INVALID_ARG) at 0x42009b02
file: "./main/Temperature_Module.c" line 38
func: continuous_adc_init
expression: adc_continuous_config(adc_handle, &adc_config)

abort() was called at PC 0x4037ad53 on core 0


Backtrace: 0x40375b79:0x3fc99150 0x4037ad5d:0x3fc99170 0x4038159d:0x3fc99190 0x4037ad53:0x3fc99200 0x42009b02:0x3fc99230 0x42009b0b:0x3fc99280 0x4201afab:0x3fc993c0 0x4037b625:0x3fc993f0




ELF file SHA256: 1ca61bb27

Rebooting...
ESP-ROM:esp32s3-20210327
Build:Mar 27 2021
rst:0xc (RTC_SW_CPU_RST),boot:0x8 (SPI_FAST_FLASH_BOOT)
Saved PC:0x40375ab8
SPIWP:0xee
mode:DIO, clock div:1
load:0x3fce2810,len:0x15a0
load:0x403c8700,len:0x4
load:0x403c8704,len:0xd20
load:0x403cb700,len:0x2ee4
entry 0x403c8928
[0;32mI (26) boot: ESP-IDF v5.4-dirty 2nd stage bootloader[0m
[0;32mI (26) boot: compile time Apr 18 2025 01:13:45[0m
[0;32mI (26) boot: Multicore bootloader[0m
[0;32mI (27) boot: chip revision: v0.2[0m
[0;32mI (29) boot: efuse block revision: v1.3[0m
[0;32mI (33) boot.esp32s3: Boot SPI Speed : 80MHz[0m
[0;32mI (37) boot.esp32s3: SPI Mode       : DIO[0m
[0;32mI (41) boot.esp32s3: SPI Flash Size : 2MB[0m
[0;32mI (44) boot: Enabling RNG early entropy source...[0m
[0;32mI (49) boot: Partition Table:[0m
[0;32mI (52) boot: ## Label            Usage          Type ST Offset   Length[0m
[0;32mI (58) boot:  0 nvs              WiFi data        01 02 00009000 00006000[0m
[0;32mI (64) boot:  1 phy_init         RF data          01 01 0000f000 00001000[0m
[0;32mI (71) boot:  2 factory          factory app      00 00 00010000 00100000[0m
[0;32mI (77) boot: End of partition table[0m
[0;32mI (81) esp_image: segment 0: paddr=00010020 vaddr=3c020020 size=0be84h ( 48772) map[0m
[0;32mI (97) esp_image: segment 1: paddr=0001beac vaddr=3fc93700 size=02ae0h ( 10976) load[0m
[0;32mI (99) esp_image: segment 2: paddr=0001e994 vaddr=40374000 size=01684h (  5764) load[0m
[0;32mI (104) esp_image: segment 3: paddr=00020020 vaddr=42000020 size=1bb38h (113464) map[0m
[0;32mI (130) esp_image: segment 4: paddr=0003bb60 vaddr=40375684 size=0dfd8h ( 57304) load[0m
[0;32mI (143) esp_image: segment 5: paddr=00049b40 vaddr=600fe100 size=0001ch (    28) load[0m
[0;32mI (150) boot: Loaded app from partition at offset 0x10000[0m
[0;32mI (150) boot: Disabling RNG early entropy source...[0m
[0;32mI (161) cpu_start: Multicore app[0m
[0;32mI (170) cpu_start: Pro cpu start user code[0m
[0;32mI (170) cpu_start: cpu freq: 160000000 Hz[0m
[0;32mI (170) app_init: Application information:[0m
[0;32mI (170) app_init: Project name:     GPIO_Example[0m
[0;32mI (175) app_init: App version:      ce7ed68-dirty[0m
[0;32mI (179) app_init: Compile time:     Apr 19 2025 02:27:40[0m
[0;32mI (184) app_init: ELF file SHA256:  1ca61bb27...[0m
[0;32mI (188) app_init: ESP-IDF:          v5.4-dirty[0m
[0;32mI (192) efuse_init: Min chip rev:     v0.0[0m
[0;32mI (196) efuse_init: Max chip rev:     v0.99 [0m
[0;32mI (200) efuse_init: Chip rev:         v0.2[0m
[0;32mI (204) heap_init: Initializing. RAM available for dynamic allocation:[0m
[0;32mI (211) heap_init: At 3FC96AD8 len 00052C38 (331 KiB): RAM[0m
[0;32mI (216) heap_init: At 3FCE9710 len 00005724 (21 KiB): RAM[0m
[0;32mI (221) heap_init: At 3FCF0000 len 00008000 (32 KiB): DRAM[0m
[0;32mI (226) heap_init: At 600FE11C len 00001ECC (7 KiB): RTCRAM[0m
[0;32mI (232) spi_flash: detected chip: gd[0m
[0;32mI (235) spi_flash: flash io: dio[0m
[0;33mW (237) spi_flash: Detected size(8192k) larger than the size in the binary image header(2048k). Using the size in the binary image header.[0m
[0;32mI (250) sleep_gpio: Configure to isolate all GPIO pins in sleep state[0m
[0;32mI (256) sleep_gpio: Enable automatic switching of GPIO sleep configuration[0m
[0;32mI (263) main_task: Started on CPU0[0m
[0;32mI (273) main_task: Calling app_main()[0m
[1;31mE (273) adc_continuous: adc_continuous_config(448): ADC bitwidth not supported[0m
ESP_ERROR_CHECK failed: esp_err_t 0x102 (ESP_ERR_INVALID_ARG) at 0x42009b02
file: "./main/Temperature_Module.c" line 38
func: continuous_adc_init
expression: adc_continuous_config(adc_handle, &adc_config)

abort() was called at PC 0x4037ad53 on core 0


Backtrace: 0x40375b79:0x3fc99150 0x4037ad5d:0x3fc99170 0x4038159d:0x3fc99190 0x4037ad53:0x3fc99200 0x42009b02:0x3fc99230 0x42009b0b:0x3fc99280 0x4201afab:0x3fc993c0 0x4037b625:0x3fc993f0




ELF file SHA256: 1ca61bb27

Rebooting...
ESP-ROM:esp32s3-20210327
Build:Mar 27 2021
rst:0xc (RTC_SW_CPU_RST),boot:0x8 (SPI_FAST_FLASH_BOOT)
Saved PC:0x40375ab8
SPIWP:0xee
mode:DIO, clock div:1
load:0x3fce2810,len:0x15a0
load:0x403c8700,len:0x4
load:0x403c8704,len:0xd20
load:0x403cb700,len:0x2ee4
entry 0x403c8928
[0;32mI (26) boot: ESP-IDF v5.4-dirty 2nd stage bootloader[0m
[0;32mI (26) boot: compile time Apr 18 2025 01:13:45[0m
[0;32mI (26) boot: Multicore bootloader[0m
[0;32mI (27) boot: chip revision: v0.2[0m
[0;32mI (29) boot: efuse block revision: v1.3[0m
[0;32mI (33) boot.esp32s3: Boot SPI Speed : 80MHz[0m
[0;32mI (37) boot.esp32s3: SPI Mode       : DIO[0m
[0;32mI (41) boot.esp32s3: SPI Flash Size : 2MB[0m
[0;32mI (44) boot: Enabling RNG early entropy source...[0m
[0;32mI (49) boot: Partition Table:[0m
[0;32mI (52) boot: ## Label            Usage          Type ST Offset   Length[0m
[0;32mI (58) boot:  0 nvs              WiFi data        01 02 00009000 00006000[0m
[0;32mI (64) boot:  1 phy_init         RF data          01 01 0000f000 00001000[0m
[0;32mI (71) boot:  2 factory          factory app      00 00 00010000 00100000[0m
[0;32mI (77) boot: End of partition table[0m
[0;32mI (81) esp_image: segment 0: paddr=00010020 vaddr=3c020020 size=0be84h ( 48772) map[0m
[0;32mI (97) esp_image: segment 1: paddr=0001beac vaddr=3fc93700 size=02ae0h ( 10976) load[0m
[0;32mI (99) esp_image: segment 2: paddr=0001e994 vaddr=40374000 size=01684h (  5764) load[0m
[0;32mI (104) esp_image: segment 3: paddr=00020020 vaddr=42000020 size=1bb38h (113464) map[0m
[0;32mI (130) esp_image: segment 4: paddr=0003bb60 vaddr=40375684 size=0dfd8h ( 57304) load[0m
[0;32mI (143) esp_image: segment 5: paddr=00049b40 vaddr=600fe100 size=0001ch (    28) load[0m
[0;32mI (150) boot: Loaded app from partition at offset 0x10000[0m
[0;32mI (150) boot: Disabling RNG early entropy source...[0m
[0;32mI (161) cpu_start: Multicore app[0m
[0;32mI (170) cpu_start: Pro cpu start user code[0m
[0;32mI (170) cpu_start: cpu freq: 160000000 Hz[0m
[0;32mI (170) app_init: Application information:[0m
[0;32mI (170) app_init: Project name:     GPIO_Example[0m
[0;32mI (175) app_init: App version:      ce7ed68-dirty[0m
[0;32mI (179) app_init: Compile time:     Apr 19 2025 02:27:40[0m
[0;32mI (184) app_init: ELF file SHA256:  1ca61bb27...[0m
[0;32mI (188) app_init: ESP-IDF:          v5.4-dirty[0m
[0;32mI (192) efuse_init: Min chip rev:     v0.0[0m
[0;32mI (196) efuse_init: Max chip rev:     v0.99 [0m
[0;32mI (200) efuse_init: Chip rev:         v0.2[0m
[0;32mI (204) heap_init: Initializing. RAM available for dynamic allocation:[0m
[0;32mI (211) heap_init: At 3FC96AD8 len 00052C38 (331 KiB): RAM[0m
[0;32mI (216) heap_init: At 3FCE9710 len 00005724 (21 KiB): RAM[0m
[0;32mI (221) heap_init: At 3FCF0000 len 00008000 (32 KiB): DRAM[0m
[0;32mI (226) heap_init: At 600FE11C len 00001ECC (7 KiB): RTCRAM[0m
[0;32mI (232) spi_flash: detected chip: gd[0m
[0;32mI (235) spi_flash: flash io: dio[0m
[0;33mW (237) spi_flash: Detected size(8192k) larger than the size in the binary image header(2048k). Using the size in the binary image header.[0m
[0;32mI (250) sleep_gpio: Configure to isolate all GPIO pins in sleep state[0m
[0;32mI (256) sleep_gpio: Enable automatic switching of GPIO sleep configuration[0m
[0;32mI (263) main_task: Started on CPU0[0m
[0;32mI (273) main_task: Calling app_main()[0m
[1;31mE (273) adc_continuous: adc_continuous_config(448): ADC bitwidth not supported[0m
ESP_ERROR_CHECK failed: esp_err_t 0x102 (ESP_ERR_INVALID_ARG) at 0x42009b02
file: "./main/Temperature_Module.c" line 38
func: continuous_adc_init
expression: adc_continuous_config(adc_handle, &adc_config)

abort() was called at PC 0x4037ad53 on core 0


Backtrace: 0x40375b79:0x3fc99150 0x4037ad5d:0x3fc99170 0x4038159d:0x3fc99190 0x4037ad53:0x3fc99200 0x42009b02:0x3fc99230 0x42009b0b:0x3fc99280 0x4201afab:0x3fc993c0 0x4037b625:0x3fc993f0




ELF file SHA256: 1ca61bb27

Rebooting...
ESP-ROM:esp32s3-20210327
Build:Mar 27 2021
rst:0xc (RTC_SW_CPU_RST),boot:0x8 (SPI_FAST_FLASH_BOOT)
Saved PC:0x40375ab8
SPIWP:0xee
mode:DIO, clock div:1
load:0x3fce2810,len:0x15a0
load:0x403c8700,len:0x4
load:0x403c8704,len:0xd20
load:0x403cb700,len:0x2ee4
entry 0x403c8928
[0;32mI (26) boot: ESP-IDF v5.4-dirty 2nd stage bootloader[0m
[0;32mI (26) boot: compile time Apr 18 2025 01:13:45[0m
[0;32mI (26) boot: Multicore bootloader[0m
[0;32mI (27) boot: chip revision: v0.2[0m
[0;32mI (29) boot: efuse block revision: v1.3[0m
[0;32mI (33) boot.esp32s3: Boot SPI Speed : 80MHz[0m
[0;32mI (37) boot.esp32s3: SPI Mode       : DIO[0m
[0;32mI (41) boot.esp32s3: SPI Flash Size : 2MB[0m
[0;32mI (44) boot: Enabling RNG early entropy source...[0m
[0;32mI (49) boot: Partition Table:[0m
[0;32mI (52) boot: ## Label            Usage          Type ST Offset   Length[0m
[0;32mI (58) boot:  0 nvs              WiFi data        01 02 00009000 00006000[0m
[0;32mI (64) boot:  1 phy_init         RF data          01 01 0000f000 00001000[0m
[0;32mI (71) boot:  2 factory          factory app      00 00 00010000 00100000[0m
[0;32mI (77) boot: End of partition table[0m
[0;32mI (81) esp_image: segment 0: paddr=00010020 vaddr=3c020020 size=0be84h ( 48772) map[0m
[0;32mI (97) esp_image: segment 1: paddr=0001beac vaddr=3fc93700 size=02ae0h ( 10976) load[0m
[0;32mI (99) esp_image: segment 2: paddr=0001e994 vaddr=40374000 size=01684h (  5764) load[0m
[0;32mI (104) esp_image: segment 3: paddr=00020020 vaddr=42000020 size=1bb38h (113464) map[0m
[0;32mI (130) esp_image: segment 4: paddr=0003bb60 vaddr=40375684 size=0dfd8h ( 57304) load[0m
[0;32mI (143) esp_image: segment 5: paddr=00049b40 vaddr=600fe100 size=0001ch (    28) load[0m
[0;32mI (150) boot: Loaded app from partition at offset 0x10000[0m
[0;32mI (150) boot: Disabling RNG early entropy source...[0m
[0;32mI (161) cpu_start: Multicore app[0m
[0;32mI (170) cpu_start: Pro cpu start user code[0m
[0;32mI (170) cpu_start: cpu freq: 160000000 Hz[0m
[0;32mI (170) app_init: Application information:[0m
[0;32mI (170) app_init: Project name:     GPIO_Example[0m
[0;32mI (175) app_init: App version:      ce7ed68-dirty[0m
[0;32mI (179) app_init: Compile time:     Apr 19 2025 02:27:40[0m
[0;32mI (184) app_init: ELF file SHA256:  1ca61bb27...[0m
[0;32mI (188) app_init: ESP-IDF:          v5.4-dirty[0m
[0;32mI (192) efuse_init: Min chip rev:     v0.0[0m
[0;32mI (196) efuse_init: Max chip rev:     v0.99 [0m
[0;32mI (200) efuse_init: Chip rev:         v0.2[0m
[0;32mI (204) heap_init: Initializing. RAM available for dynamic allocation:[0m
[0;32mI (211) heap_init: At 3FC96AD8 len 00052C38 (331 KiB): RAM[0m
[0;32mI (216) heap_init: At 3FCE9710 len 00005724 (21 KiB): RAM[0m
[0;32mI (221) heap_init: At 3FCF0000 len 00008000 (32 KiB): DRAM[0m
[0;32mI (226) heap_init: At 600FE11C len 00001ECC (7 KiB): RTCRAM[0m
[0;32mI (232) spi_flash: detected chip: gd[0m
[0;32mI (235) spi_flash: flash io: dio[0m
[0;33mW (237) spi_flash: Detected size(8192k) larger than the size in the binary image header(2048k). Using the size in the binary image header.[0m
[0;32mI (250) sleep_gpio: Configure to isolate all GPIO pins in sleep state[0m
[0;32mI (256) sleep_gpio: Enable automatic switching of GPIO sleep configuration[0m
[0;32mI (263) main_task: Started on CPU0[0m
[0;32mI (273) main_task: Calling app_main()[0m
[1;31mE (273) adc_continuous: adc_continuous_config(448): ADC bitwidth not supported[0m
ESP_ERROR_CHECK failed: esp_err_t 0x102 (ESP_ERR_INVALID_ARG) at 0x42009b02
file: "./main/Temperature_Module.c" line 38
func: continuous_adc_init
expression: adc_continuous_config(adc_handle, &adc_config)

abort() was called at PC 0x4037ad53 on core 0


Backtrace: 0x40375b79:0x3fc99150 0x4037ad5d:0x3fc99170 0x4038159d:0x3fc99190 0x4037ad53:0x3fc99200 0x42009b02:0x3fc99230 0x42009b0b:0x3fc99280 0x4201afab:0x3fc993c0 0x4037b625:0x3fc993f0




ELF file SHA256: 1ca61bb27

Rebooting...
ESP-ROM:esp32s3-20210327
Build:Mar 27 2021
rst:0xc (RTC_SW_CPU_RST),boot:0x8 (SPI_FAST_FLASH_BOOT)
Saved PC:0x40375ab8
SPIWP:0xee
mode:DIO, clock div:1
load:0x3fce2810,len:0x15a0
load:0x403c8700,len:0x4
load:0x403c8704,len:0xd20
load:0x403cb700,len:0x2ee4
entry 0x403c8928
[0;32mI (26) boot: ESP-IDF v5.4-dirty 2nd stage bootloader[0m
[0;32mI (26) boot: compile time Apr 18 2025 01:13:45[0m
[0;32mI (26) boot: Multicore bootloader[0m
[0;32mI (27) boot: chip revision: v0.2[0m
[0;32mI (29) boot: efuse block revision: v1.3[0m
[0;32mI (33) boot.esp32s3: Boot SPI Speed : 80MHz[0m
[0;32mI (37) boot.esp32s3: SPI Mode       : DIO[0m
[0;32mI (41) boot.esp32s3: SPI Flash Size : 2MB[0m
[0;32mI (44) boot: Enabling RNG early entropy source...[0m
[0;32mI (49) boot: Partition Table:[0m
[0;32mI (52) boot: ## Label            Usage          Type ST Offset   Length[0m
[0;32mI (58) boot:  0 nvs              WiFi data        01 02 00009000 00006000[0m
[0;32mI (64) boot:  1 phy_init         RF data          01 01 0000f000 00001000[0m
[0;32mI (71) boot:  2 factory          factory app      00 00 00010000 00100000[0m
[0;32mI (77) boot: End of partition table[0m
[0;32mI (81) esp_image: segment 0: paddr=00010020 vaddr=3c020020 size=0be84h ( 48772) map[0m
[0;32mI (97) esp_image: segment 1: paddr=0001beac vaddr=3fc93700 size=02ae0h ( 10976) load[0m
[0;32mI (99) esp_image: segment 2: paddr=0001e994 vaddr=40374000 size=01684h (  5764) load[0m
[0;32mI (104) esp_image: segment 3: paddr=00020020 vaddr=42000020 size=1bb38h (113464) map[0m
[0;32mI (130) esp_image: segment 4: paddr=0003bb60 vaddr=40375684 size=0dfd8h ( 57304) load[0m
[0;32mI (143) esp_image: segment 5: paddr=00049b40 vaddr=600fe100 size=0001ch (    28) load[0m
[0;32mI (150) boot: Loaded app from partition at offset 0x10000[0m
[0;32mI (150) boot: Disabling RNG early entropy source...[0m
[0;32mI (161) cpu_start: Multicore app[0m
[0;32mI (170) cpu_start: Pro cpu start user code[0m
[0;32mI (170) cpu_start: cpu freq: 160000000 Hz[0m
[0;32mI (170) app_init: Application information:[0m
[0;32mI (170) app_init: Project name:     GPIO_Example[0m
[0;32mI (175) app_init: App version:      ce7ed68-dirty[0m
[0;32mI (179) app_init: Compile time:     Apr 19 2025 02:27:40[0m
[0;32mI (184) app_init: ELF file SHA256:  1ca61bb27...[0m
[0;32mI (188) app_init: ESP-IDF:          v5.4-dirty[0m
[0;32mI (192) efuse_init: Min chip rev:     v0.0[0m
[0;32mI (196) efuse_init: Max chip rev:     v0.99 [0m
[0;32mI (200) efuse_init: Chip rev:         v0.2[0m
[0;32mI (204) heap_init: Initializing. RAM available for dynamic allocation:[0m
[0;32mI (211) heap_init: At 3FC96AD8 len 00052C38 (331 KiB): RAM[0m
[0;32mI (216) heap_init: At 3FCE9710 len 00005724 (21 KiB): RAM[0m
[0;32mI (221) heap_init: At 3FCF0000 len 00008000 (32 KiB): DRAM[0m
[0;32mI (226) heap_init: At 600FE11C len 00001ECC (7 KiB): RTCRAM[0m
[0;32mI (232) spi_flash: detected chip: gd[0m
[0;32mI (235) spi_flash: flash io: dio[0m
[0;33mW (237) spi_flash: Detected size(8192k) larger than the size in the binary image header(2048k). Using the size in the binary image header.[0m
[0;32mI (250) sleep_gpio: Configure to isolate all GPIO pins in sleep state[0m
[0;32mI (256) sleep_gpio: Enable automatic switching of GPIO sleep configuration[0m
[0;32mI (263) main_task: Started on CPU0[0m
[0;32mI (273) main_task: Calling app_main()[0m
[1;31mE (273) adc_continuous: adc_continuous_config(448): ADC bitwidth not supported[0m
ESP_ERROR_CHECK failed: esp_err_t 0x102 (ESP_ERR_INVALID_ARG) at 0x42009b02
file: "./main/Temperature_Module.c" line 38
func: continuous_adc_init
expression: adc_continuous_config(adc_handle, &adc_config)

abort() was called at PC 0x4037ad53 on core 0


Backtrace: 0x40375b79:0x3fc99150 0x4037ad5d:0x3fc99170 0x4038159d:0x3fc99190 0x4037ad53:0x3fc99200 0x42009b02:0x3fc99230 0x42009b0b:0x3fc99280 0x4201afab:0x3fc993c0 0x4037b625:0x3fc993f0




ELF file SHA256: 1ca61bb27

Rebooting...
ESP-ROM:esp32s3-20210327
Build:Mar 27 2021
rst:0xc (RTC_SW_CPU_RST),boot:0x8 (SPI_FAST_FLASH_BOOT)
Saved PC:0x40375ab8
SPIWP:0xee
mode:DIO, clock div:1
load:0x3fce2810,len:0x15a0
load:0x403c8700,len:0x4
load:0x403c8704,len:0xd20
load:0x403cb700,len:0x2ee4
entry 0x403c8928
[0;32mI (26) boot: ESP-IDF v5.4-dirty 2nd stage bootloader[0m
[0;32mI (26) boot: compile time Apr 18 2025 01:13:45[0m
[0;32mI (26) boot: Multicore bootloader[0m
[0;32mI (27) boot: chip revision: v0.2[0m
[0;32mI (29) boot: efuse block revision: v1.3[0m
[0;32mI (33) boot.esp32s3: Boot SPI Speed : 80MHz[0m
[0;32mI (37) boot.esp32s3: SPI Mode       : DIO[0m
[0;32mI (41) boot.esp32s3: SPI Flash Size : 2MB[0m
[0;32mI (44) boot: Enabling RNG early entropy source...[0m
[0;32mI (49) boot: Partition Table:[0m
[0;32mI (52) boot: ## Label            Usage          Type ST Offset   Length[0m
[0;32mI (58) boot:  0 nvs              WiFi data        01 02 00009000 00006000[0m
[0;32mI (64) boot:  1 phy_init         RF data          01 01 0000f000 00001000[0m
[0;32mI (71) boot:  2 factory          factory app      00 00 00010000 00100000[0m
[0;32mI (77) boot: End of partition table[0m
[0;32mI (81) esp_image: segment 0: paddr=00010020 vaddr=3c020020 size=0be84h ( 48772) map[0m
[0;32mI (97) esp_image: segment 1: paddr=0001beac vaddr=3fc93700 size=02ae0h ( 10976) load[0m
[0;32mI (99) esp_image: segment 2: paddr=0001e994 vaddr=40374000 size=01684h (  5764) load[0m
[0;32mI (104) esp_image: segment 3: paddr=00020020 vaddr=42000020 size=1bb38h (113464) map[0m
[0;32mI (130) esp_image: segment 4: paddr=0003bb60 vaddr=40375684 size=0dfd8h ( 57304) load[0m
[0;32mI (143) esp_image: segment 5: paddr=00049b40 vaddr=600fe100 size=0001ch (    28) load[0m
[0;32mI (150) boot: Loaded app from partition at offset 0x10000[0m
[0;32mI (150) boot: Disabling RNG early entropy source...[0m
[0;32mI (161) cpu_start: Multicore app[0m
[0;32mI (170) cpu_start: Pro cpu start user code[0m
[0;32mI (170) cpu_start: cpu freq: 160000000 Hz[0m
[0;32mI (170) app_init: Application information:[0m
[0;32mI (170) app_init: Project name:     GPIO_Example[0m
[0;32mI (175) app_init: App version:      ce7ed68-dirty[0m
[0;32mI (179) app_init: Compile time:     Apr 19 2025 02:27:40[0m
[0;32mI (184) app_init: ELF file SHA256:  1ca61bb27...[0m
[0;32mI (188) app_init: ESP-IDF:          v5.4-dirty[0m
[0;32mI (192) efuse_init: Min chip rev:     v0.0[0m
[0;32mI (196) efuse_init: Max chip rev:     v0.99 [0m
[0;32mI (200) efuse_init: Chip rev:         v0.2[0m
[0;32mI (204) heap_init: Initializing. RAM available for dynamic allocation:[0m
[0;32mI (211) heap_init: At 3FC96AD8 len 00052C38 (331 KiB): RAM[0m
[0;32mI (216) heap_init: At 3FCE9710 len 00005724 (21 KiB): RAM[0m
[0;32mI (221) heap_init: At 3FCF0000 len 00008000 (32 KiB): DRAM[0m
[0;32mI (226) heap_init: At 600FE11C len 00001ECC (7 KiB): RTCRAM[0m
[0;32mI (232) spi_flash: detected chip: gd[0m
[0;32mI (235) spi_flash: flash io: dio[0m
[0;33mW (237) spi_flash: Detected size(8192k) larger than the size in the binary image header(2048k). Using the size in the binary image header.[0m
[0;32mI (250) sleep_gpio: Configure to isolate all GPIO pins in sleep state[0m
[0;32mI (256) sleep_gpio: Enable automatic switching of GPIO sleep configuration[0m
[0;32mI (263) main_task: Started on CPU0[0m
[0;32mI (273) main_task: Calling app_main()[0m
[1;31mE (273) adc_continuous: adc_continuous_config(448): ADC bitwidth not supported[0m
ESP_ERROR_CHECK failed: esp_err_t 0x102 (ESP_ERR_INVALID_ARG) at 0x42009b02
file: "./main/Temperature_Module.c" line 38
func: continuous_adc_init
expression: adc_continuous_config(adc_handle, &adc_config)

abort() was called at PC 0x4037ad53 on core 0


Backtrace: 0x40375b79:0x3fc99150 0x4037ad5d:0x3fc99170 0x4038159d:0x3fc99190 0x4037ad53:0x3fc99200 0x42009b02:0x3fc99230 0x42009b0b:0x3fc99280 0x4201afab:0x3fc993c0 0x4037b625:0x3fc993f0




ELF file SHA256: 1ca61bb27

Rebooting...
ESP-ROM:esp32s3-20210327
Build:Mar 27 2021
rst:0xc (RTC_SW_CPU_RST),boot:0x8 (SPI_FAST_FLASH_BOOT)
Saved PC:0x40375ab8
SPIWP:0xee
mode:DIO, clock div:1
load:0x3fce2810,len:0x15a0
load:0x403c8700,len:0x4
load:0x403c8704,len:0xd20
load:0x403cb700,len:0x2ee4
entry 0x403c8928
[0;32mI (26) boot: ESP-IDF v5.4-dirty 2nd stage bootloader[0m
[0;32mI (26) boot: compile time Apr 18 2025 01:13:45[0m
[0;32mI (26) boot: Multicore bootloader[0m
[0;32mI (27) boot: chip revision: v0.2[0m
[0;32mI (29) boot: efuse block revision: v1.3[0m
[0;32mI (33) boot.esp32s3: Boot SPI Speed : 80MHz[0m
[0;32mI (37) boot.esp32s3: SPI Mode       : DIO[0m
[0;32mI (41) boot.esp32s3: SPI Flash Size : 2MB[0m
[0;32mI (44) boot: Enabling RNG early entropy source...[0m
[0;32mI (49) boot: Partition Table:[0m
[0;32mI (52) boot: ## Label            Usage          Type ST Offset   Length[0m
[0;32mI (58) boot:  0 nvs              WiFi data        01 02 00009000 00006000[0m
[0;32mI (64) boot:  1 phy_init         RF data          01 01 0000f000 00001000[0m
[0;32mI (71) boot:  2 factory          factory app      00 00 00010000 00100000[0m
[0;32mI (77) boot: End of partition table[0m
[0;32mI (81) esp_image: segment 0: paddr=00010020 vaddr=3c020020 size=0be84h ( 48772) map[0m
[0;32mI (97) esp_image: segment 1: paddr=0001beac vaddr=3fc93700 size=02ae0h ( 10976) load[0m
[0;32mI (99) esp_image: segment 2: paddr=0001e994 vaddr=40374000 size=01684h (  5764) load[0m
[0;32mI (104) esp_image: segment 3: paddr=00020020 vaddr=42000020 size=1bb38h (113464) map[0m
[0;32mI (130) esp_image: segment 4: paddr=0003bb60 vaddr=40375684 size=0dfd8h ( 57304) load[0m
[0;32mI (143) esp_image: segment 5: paddr=00049b40 vaddr=600fe100 size=0001ch (    28) load[0m
[0;32mI (150) boot: Loaded app from partition at offset 0x10000[0m
[0;32mI (150) boot: Disabling RNG early entropy source...[0m
[0;32mI (161) cpu_start: Multicore app[0m
[0;32mI (170) cpu_start: Pro cpu start user code[0m
[0;32mI (170) cpu_start: cpu freq: 160000000 Hz[0m
[0;32mI (170) app_init: Application information:[0m
[0;32mI (170) app_init: Project name:     GPIO_Example[0m
[0;32mI (175) app_init: App version:      ce7ed68-dirty[0m
[0;32mI (179) app_init: Compile time:     Apr 19 2025 02:27:40[0m
[0;32mI (184) app_init: ELF file SHA256:  1ca61bb27...[0m
[0;32mI (188) app_init: ESP-IDF:          v5.4-dirty[0m
[0;32mI (192) efuse_init: Min chip rev:     v0.0[0m
[0;32mI (196) efuse_init: Max chip rev:     v0.99 [0m
[0;32mI (200) efuse_init: Chip rev:         v0.2[0m
[0;32mI (204) heap_init: Initializing. RAM available for dynamic allocation:[0m
[0;32mI (211) heap_init: At 3FC96AD8 len 00052C38 (331 KiB): RAM[0m
[0;32mI (216) heap_init: At 3FCE9710 len 00005724 (21 KiB): RAM[0m
[0;32mI (221) heap_init: At 3FCF0000 len 00008000 (32 KiB): DRAM[0m
[0;32mI (226) heap_init: At 600FE11C len 00001ECC (7 KiB): RTCRAM[0m
[0;32mI (232) spi_flash: detected chip: gd[0m
[0;32mI (235) spi_flash: flash io: dio[0m
[0;33mW (237) spi_flash: Detected size(8192k) larger than the size in the binary image header(2048k). Using the size in the binary image header.[0m
[0;32mI (250) sleep_gpio: Configure to isolate all GPIO pins in sleep state[0m
[0;32mI (256) sleep_gpio: Enable automatic switching of GPIO sleep configuration[0m
[0;32mI (263) main_task: Started on CPU0[0m
[0;32mI (273) main_task: Calling app_main()[0m
[1;31mE (273) adc_continuous: adc_continuous_config(448): ADC bitwidth not supported[0m
ESP_ERROR_CHECK failed: esp_err_t 0x102 (ESP_ERR_INVALID_ARG) at 0x42009b02
file: "./main/Temperature_Module.c" line 38
func: continuous_adc_init
expression: adc_continuous_config(adc_handle, &adc_config)

abort() was called at PC 0x4037ad53 on core 0


Backtrace: 0x40375b79:0x3fc99150 0x4037ad5d:0x3fc99170 0x4038159d:0x3fc99190 0x4037ad53:0x3fc99200 0x42009b02:0x3fc99230 0x42009b0b:0x3fc99280 0x4201afab:0x3fc993c0 0x4037b625:0x3fc993f0




ELF file SHA256: 1ca61bb27

Rebooting...
ESP-ROM:esp32s3-20210327
Build:Mar 27 2021
rst:0xc (RTC_SW_CPU_RST),boot:0x8 (SPI_FAST_FLASH_BOOT)
Saved PC:0x40375ab8
SPIWP:0xee
mode:DIO, clock div:1
load:0x3fce2810,len:0x15a0
load:0x403c8700,len:0x4
load:0x403c8704,len:0xd20
load:0x403cb700,len:0x2ee4
entry 0x403c8928
[0;32mI (26) boot: ESP-IDF v5.4-dirty 2nd stage bootloader[0m
[0;32mI (26) boot: compile time Apr 18 2025 01:13:45[0m
[0;32mI (26) boot: Multicore bootloader[0m
[0;32mI (27) boot: chip revision: v0.2[0m
[0;32mI (29) boot: efuse block revision: v1.3[0m
[0;32mI (33) boot.esp32s3: Boot SPI Speed : 80MHz[0m
[0;32mI (37) boot.esp32s3: SPI Mode       : DIO[0m
[0;32mI (41) boot.esp32s3: SPI Flash Size : 2MB[0m
[0;32mI (44) boot: Enabling RNG early entropy source...[0m
[0;32mI (49) boot: Partition Table:[0m
[0;32mI (52) boot: ## Label            Usage          Type ST Offset   Length[0m
[0;32mI (58) boot:  0 nvs              WiFi data        01 02 00009000 00006000[0m
[0;32mI (64) boot:  1 phy_init         RF data          01 01 0000f000 00001000[0m
[0;32mI (71) boot:  2 factory          factory app      00 00 00010000 00100000[0m
[0;32mI (77) boot: End of partition table[0m
[0;32mI (81) esp_image: segment 0: paddr=00010020 vaddr=3c020020 size=0be84h ( 48772) map[0m
[0;32mI (97) esp_image: segment 1: paddr=0001beac vaddr=3fc93700 size=02ae0h ( 10976) load[0m
[0;32mI (99) esp_image: segment 2: paddr=0001e994 vaddr=40374000 size=01684h (  5764) load[0m
[0;32mI (104) esp_image: segment 3: paddr=00020020 vaddr=42000020 size=1bb38h (113464) map[0m
[0;32mI (130) esp_image: segment 4: paddr=0003bb60 vaddr=40375684 size=0dfd8h ( 57304) load[0m
[0;32mI (143) esp_image: segment 5: paddr=00049b40 vaddr=600fe100 size=0001ch (    28) load[0m
[0;32mI (150) boot: Loaded app from partition at offset 0x10000[0m
[0;32mI (150) boot: Disabling RNG early entropy source...[0m
[0;32mI (161) cpu_start: Multicore app[0m
[0;32mI (170) cpu_start: Pro cpu start user code[0m
[0;32mI (170) cpu_start: cpu freq: 160000000 Hz[0m
[0;32mI (170) app_init: Application information:[0m
[0;32mI (170) app_init: Project name:     GPIO_Example[0m
[0;32mI (175) app_init: App version:      ce7ed68-dirty[0m
[0;32mI (179) app_init: Compile time:     Apr 19 2025 02:27:40[0m
[0;32mI (184) app_init: ELF file SHA256:  1ca61bb27...[0m
[0;32mI (188) app_init: ESP-IDF:          v5.4-dirty[0m
[0;32mI (192) efuse_init: Min chip rev:     v0.0[0m
[0;32mI (196) efuse_init: Max chip rev:     v0.99 [0m
[0;32mI (200) efuse_init: Chip rev:         v0.2[0m
[0;32mI (204) heap_init: Initializing. RAM available for dynamic allocation:[0m
[0;32mI (211) heap_init: At 3FC96AD8 len 00052C38 (331 KiB): RAM[0m
[0;32mI (216) heap_init: At 3FCE9710 len 00005724 (21 KiB): RAM[0m
[0;32mI (221) heap_init: At 3FCF0000 len 00008000 (32 KiB): DRAM[0m
[0;32mI (226) heap_init: At 600FE11C len 00001ECC (7 KiB): RTCRAM[0m
[0;32mI (232) spi_flash: detected chip: gd[0m
[0;32mI (235) spi_flash: flash io: dio[0m
[0;33mW (237) spi_flash: Detected size(8192k) larger than the size in the binary image header(2048k). Using the size in the binary image header.[0m
[0;32mI (250) sleep_gpio: Configure to isolate all GPIO pins in sleep state[0m
[0;32mI (256) sleep_gpio: Enable automatic switching of GPIO sleep configuration[0m
[0;32mI (263) main_task: Started on CPU0[0m
[0;32mI (273) main_task: Calling app_main()[0m
[1;31mE (273) adc_continuous: adc_continuous_config(448): ADC bitwidth not supported[0m
ESP_ERROR_CHECK failed: esp_err_t 0x102 (ESP_ERR_INVALID_ARG) at 0x42009b02
file: "./main/Temperature_Module.c" line 38
func: continuous_adc_init
expression: adc_continuous_config(adc_handle, &adc_config)

abort() was called at PC 0x4037ad53 on core 0


Backtrace: 0x40375b79:0x3fc99150 0x4037ad5d:0x3fc99170 0x4038159d:0x3fc99190 0x4037ad53:0x3fc99200 0x42009b02:0x3fc99230 0x42009b0b:0x3fc99280 0x4201afab:0x3fc993c0 0x4037b625:0x3fc993f0




ELF file SHA256: 1ca61bb27

Rebooting...
ESP-ROM:esp32s3-20210327
Build:Mar 27 2021
rst:0xc (RTC_SW_CPU_RST),boot:0x8 (SPI_FAST_FLASH_BOOT)
Saved PC:0x40375ab8
SPIWP:0xee
mode:DIO, clock div:1
load:0x3fce2810,len:0x15a0
load:0x403c8700,len:0x4
load:0x403c8704,len:0xd20
load:0x403cb700,len:0x2ee4
entry 0x403c8928
[0;32mI (26) boot: ESP-IDF v5.4-dirty 2nd stage bootloader[0m
[0;32mI (26) boot: compile time Apr 18 2025 01:13:45[0m
[0;32mI (26) boot: Multicore bootloader[0m
[0;32mI (27) boot: chip revision: v0.2[0m
[0;32mI (29) boot: efuse block revision: v1.3[0m
[0;32mI (33) boot.esp32s3: Boot SPI Speed : 80MHz[0m
[0;32mI (37) boot.esp32s3: SPI Mode       : DIO[0m
[0;32mI (41) boot.esp32s3: SPI Flash Size : 2MB[0m
[0;32mI (44) boot: Enabling RNG early entropy source...[0m
[0;32mI (49) boot: Partition Table:[0m
[0;32mI (52) boot: ## Label            Usage          Type ST Offset   Length[0m
[0;32mI (58) boot:  0 nvs              WiFi data        01 02 00009000 00006000[0m
[0;32mI (64) boot:  1 phy_init         RF data          01 01 0000f000 00001000[0m
[0;32mI (71) boot:  2 factory          factory app      00 00 00010000 00100000[0m
[0;32mI (77) boot: End of partition table[0m
[0;32mI (81) esp_image: segment 0: paddr=00010020 vaddr=3c020020 size=0be84h ( 48772) map[0m
[0;32mI (97) esp_image: segment 1: paddr=0001beac vaddr=3fc93700 size=02ae0h ( 10976) load[0m
[0;32mI (99) esp_image: segment 2: paddr=0001e994 vaddr=40374000 size=01684h (  5764) load[0m
[0;32mI (104) esp_image: segment 3: paddr=00020020 vaddr=42000020 size=1bb38h (113464) map[0m
[0;32mI (130) esp_image: segment 4: paddr=0003bb60 vaddr=40375684 size=0dfd8h ( 57304) load[0m
[0;32mI (143) esp_image: segment 5: paddr=00049b40 vaddr=600fe100 size=0001ch (    28) load[0m
[0;32mI (150) boot: Loaded app from partition at offset 0x10000[0m
[0;32mI (150) boot: Disabling RNG early entropy source...[0m
[0;32mI (161) cpu_start: Multicore app[0m
[0;32mI (170) cpu_start: Pro cpu start user code[0m
[0;32mI (170) cpu_start: cpu freq: 160000000 Hz[0m
[0;32mI (170) app_init: Application information:[0m
[0;32mI (170) app_init: Project name:     GPIO_Example[0m
[0;32mI (175) app_init: App version:      ce7ed68-dirty[0m
[0;32mI (179) app_init: Compile time:     Apr 19 2025 02:27:40[0m
[0;32mI (184) app_init: ELF file SHA256:  1ca61bb27...[0m
[0;32mI (188) app_init: ESP-IDF:          v5.4-dirty[0m
[0;32mI (192) efuse_init: Min chip rev:     v0.0[0m
[0;32mI (196) efuse_init: Max chip rev:     v0.99 [0m
[0;32mI (200) efuse_init: Chip rev:         v0.2[0m
[0;32mI (204) heap_init: Initializing. RAM available for dynamic allocation:[0m
[0;32mI (211) heap_init: At 3FC96AD8 len 00052C38 (331 KiB): RAM[0m
[0;32mI (216) heap_init: At 3FCE9710 len 00005724 (21 KiB): RAM[0m
[0;32mI (221) heap_init: At 3FCF0000 len 00008000 (32 KiB): DRAM[0m
[0;32mI (226) heap_init: At 600FE11C len 00001ECC (7 KiB): RTCRAM[0m
[0;32mI (232) spi_flash: detected chip: gd[0m
[0;32mI (235) spi_flash: flash io: dio[0m
[0;33mW (237) spi_flash: Detected size(8192k) larger than the size in the binary image header(2048k). Using the size in the binary image header.[0m
[0;32mI (250) sleep_gpio: Configure to isolate all GPIO pins in sleep state[0m
[0;32mI (256) sleep_gpio: Enable automatic switching of GPIO sleep configuration[0m
[0;32mI (263) main_task: Started on CPU0[0m
[0;32mI (273) main_task: Calling app_main()[0m
[1;31mE (273) adc_continuous: adc_continuous_config(448): ADC bitwidth not supported[0m
ESP_ERROR_CHECK failed: esp_err_t 0x102 (ESP_ERR_INVALID_ARG) at 0x42009b02
file: "./main/Temperature_Module.c" line 38
func: continuous_adc_init
expression: adc_continuous_config(adc_handle, &adc_config)

abort() was called at PC 0x4037ad53 on core 0


Backtrace: 0x40375b79:0x3fc99150 0x4037ad5d:0x3fc99170 0x4038159d:0x3fc99190 0x4037ad53:0x3fc99200 0x42009b02:0x3fc99230 0x42009b0b:0x3fc99280 0x4201afab:0x3fc993c0 0x4037b625:0x3fc993f0




ELF file SHA256: 1ca61bb27

Rebooting...
ESP-ROM:esp32s3-20210327
Build:Mar 27 2021
rst:0xc (RTC_SW_CPU_RST),boot:0x8 (SPI_FAST_FLASH_BOOT)
Saved PC:0x40375ab8
SPIWP:0xee
mode:DIO, clock div:1
load:0x3fce2810,len:0x15a0
load:0x403c8700,len:0x4
load:0x403c8704,len:0xd20
load:0x403cb700,len:0x2ee4
entry 0x403c8928
[0;32mI (26) boot: ESP-IDF v5.4-dirty 2nd stage bootloader[0m
[0;32mI (26) boot: compile time Apr 18 2025 01:13:45[0m
[0;32mI (26) boot: Multicore bootloader[0m
[0;32mI (27) boot: chip revision: v0.2[0m
[0;32mI (29) boot: efuse block revision: v1.3[0m
[0;32mI (33) boot.esp32s3: Boot SPI Speed : 80MHz[0m
[0;32mI (37) boot.esp32s3: SPI Mode       : DIO[0m
[0;32mI (41) boot.esp32s3: SPI Flash Size : 2MB[0m
[0;32mI (44) boot: Enabling RNG early entropy source...[0m
[0;32mI (49) boot: Partition Table:[0m
[0;32mI (52) boot: ## Label            Usage          Type ST Offset   Length[0m
[0;32mI (58) boot:  0 nvs              WiFi data        01 02 00009000 00006000[0m
[0;32mI (64) boot:  1 phy_init         RF data          01 01 0000f000 00001000[0m
[0;32mI (71) boot:  2 factory          factory app      00 00 00010000 00100000[0m
[0;32mI (77) boot: End of partition table[0m
[0;32mI (81) esp_image: segment 0: paddr=00010020 vaddr=3c020020 size=0be84h ( 48772) map[0m
[0;32mI (97) esp_image: segment 1: paddr=0001beac vaddr=3fc93700 size=02ae0h ( 10976) load[0m
[0;32mI (99) esp_image: segment 2: paddr=0001e994 vaddr=40374000 size=01684h (  5764) load[0m
[0;32mI (104) esp_image: segment 3: paddr=00020020 vaddr=42000020 size=1bb38h (113464) map[0m
[0;32mI (130) esp_image: segment 4: paddr=0003bb60 vaddr=40375684 size=0dfd8h ( 57304) load[0m
[0;32mI (143) esp_image: segment 5: paddr=00049b40 vaddr=600fe100 size=0001ch (    28) load[0m
[0;32mI (150) boot: Loaded app from partition at offset 0x10000[0m
[0;32mI (150) boot: Disabling RNG early entropy source...[0m
[0;32mI (161) cpu_start: Multicore app[0m
[0;32mI (170) cpu_start: Pro cpu start user code[0m
[0;32mI (170) cpu_start: cpu freq: 160000000 Hz[0m
[0;32mI (170) app_init: Application information:[0m
[0;32mI (170) app_init: Project name:     GPIO_Example[0m
[0;32mI (175) app_init: App version:      ce7ed68-dirty[0m
[0;32mI (179) app_init: Compile time:     Apr 19 2025 02:27:40[0m
[0;32mI (184) app_init: ELF file SHA256:  1ca61bb27...[0m
[0;32mI (188) app_init: ESP-IDF:          v5.4-dirty[0m
[0;32mI (192) efuse_init: Min chip rev:     v0.0[0m
[0;32mI (196) efuse_init: Max chip rev:     v0.99 [0m
[0;32mI (200) efuse_init: Chip rev:         v0.2[0m
[0;32mI (204) heap_init: Initializing. RAM available for dynamic allocation:[0m
[0;32mI (211) heap_init: At 3FC96AD8 len 00052C38 (331 KiB): RAM[0m
[0;32mI (216) heap_init: At 3FCE9710 len 00005724 (21 KiB): RAM[0m
[0;32mI (221) heap_init: At 3FCF0000 len 00008000 (32 KiB): DRAM[0m
[0;32mI (226) heap_init: At 600FE11C len 00001ECC (7 KiB): RTCRAM[0m
[0;32mI (232) spi_flash: detected chip: gd[0m
[0;32mI (235) spi_flash: flash io: dio[0m
[0;33mW (237) spi_flash: Detected size(8192k) larger than the size in the binary image header(2048k). Using the size in the binary image header.[0m
[0;32mI (250) sleep_gpio: Configure to isolate all GPIO pins in sleep state[0m
[0;32mI (256) sleep_gpio: Enable automatic switching of GPIO sleep configuration[0m
[0;32mI (263) main_task: Started on CPU0[0m
[0;32mI (273) main_task: Calling app_main()[0m
[1;31mE (273) adc_continuous: adc_continuous_config(448): ADC bitwidth not supported[0m
ESP_ERROR_CHECK failed: esp_err_t 0x102 (ESP_ERR_INVALID_ARG) at 0x42009b02
file: "./main/Temperature_Module.c" line 38
func: continuous_adc_init
expression: adc_continuous_config(adc_handle, &adc_config)

abort() was called at PC 0x4037ad53 on core 0


Backtrace: 0x40375b79:0x3fc99150 0x4037ad5d:0x3fc99170 0x4038159d:0x3fc99190 0x4037ad53:0x3fc99200 0x42009b02:0x3fc99230 0x42009b0b:0x3fc99280 0x4201afab:0x3fc993c0 0x4037b625:0x3fc993f0




ELF file SHA256: 1ca61bb27

Rebooting...
ESP-ROM:esp32s3-20210327
Build:Mar 27 2021
rst:0xc (RTC_SW_CPU_RST),boot:0x8 (SPI_FAST_FLASH_BOOT)
Saved PC:0x40375ab8
SPIWP:0xee
mode:DIO, clock div:1
load:0x3fce2810,len:0x15a0
load:0x403c8700,len:0x4
load:0x403c8704,len:0xd20
load:0x403cb700,len:0x2ee4
entry 0x403c8928
[0;32mI (26) boot: ESP-IDF v5.4-dirty 2nd stage bootloader[0m
[0;32mI (26) boot: compile time Apr 18 2025 01:13:45[0m
[0;32mI (26) boot: Multicore bootloader[0m
[0;32mI (27) boot: chip revision: v0.2[0m
[0;32mI (29) boot: efuse block revision: v1.3[0m
[0;32mI (33) boot.esp32s3: Boot SPI Speed : 80MHz[0m
[0;32mI (37) boot.esp32s3: SPI Mode       : DIO[0m
[0;32mI (41) boot.esp32s3: SPI Flash Size : 2MB[0m
[0;32mI (44) boot: Enabling RNG early entropy source...[0m
[0;32mI (49) boot: Partition Table:[0m
[0;32mI (52) boot: ## Label            Usage          Type ST Offset   Length[0m
[0;32mI (58) boot:  0 nvs              WiFi data        01 02 00009000 00006000[0m
[0;32mI (64) boot:  1 phy_init         RF data          01 01 0000f000 00001000[0m
[0;32mI (71) boot:  2 factory          factory app      00 00 00010000 00100000[0m
[0;32mI (77) boot: End of partition table[0m
[0;32mI (81) esp_image: segment 0: paddr=00010020 vaddr=3c020020 size=0be84h ( 48772) map[0m
[0;32mI (97) esp_image: segment 1: paddr=0001beac vaddr=3fc93700 size=02ae0h ( 10976) load[0m
[0;32mI (99) esp_image: segment 2: paddr=0001e994 vaddr=40374000 size=01684h (  5764) load[0m
[0;32mI (104) esp_image: segment 3: paddr=00020020 vaddr=42000020 size=1bb38h (113464) map[0m
[0;32mI (130) esp_image: segment 4: paddr=0003bb60 vaddr=40375684 size=0dfd8h ( 57304) load[0m
[0;32mI (143) esp_image: segment 5: paddr=00049b40 vaddr=600fe100 size=0001ch (    28) load[0m
[0;32mI (150) boot: Loaded app from partition at offset 0x10000[0m
[0;32mI (150) boot: Disabling RNG early entropy source...[0m
[0;32mI (161) cpu_start: Multicore app[0m
[0;32mI (170) cpu_start: Pro cpu start user code[0m
[0;32mI (170) cpu_start: cpu freq: 160000000 Hz[0m
[0;32mI (170) app_init: Application information:[0m
[0;32mI (170) app_init: Project name:     GPIO_Example[0m
[0;32mI (175) app_init: App version:      ce7ed68-dirty[0m
[0;32mI (179) app_init: Compile time:     Apr 19 2025 02:27:40[0m
[0;32mI (184) app_init: ELF file SHA256:  1ca61bb27...[0m
[0;32mI (188) app_init: ESP-IDF:          v5.4-dirty[0m
[0;32mI (192) efuse_init: Min chip rev:     v0.0[0m
[0;32mI (196) efuse_init: Max chip rev:     v0.99 [0m
[0;32mI (200) efuse_init: Chip rev:         v0.2[0m
[0;32mI (204) heap_init: Initializing. RAM available for dynamic allocation:[0m
[0;32mI (211) heap_init: At 3FC96AD8 len 00052C38 (331 KiB): RAM[0m
[0;32mI (216) heap_init: At 3FCE9710 len 00005724 (21 KiB): RAM[0m
[0;32mI (221) heap_init: At 3FCF0000 len 00008000 (32 KiB): DRAM[0m
[0;32mI (226) heap_init: At 600FE11C len 00001ECC (7 KiB): RTCRAM[0m
[0;32mI (232) spi_flash: detected chip: gd[0m
[0;32mI (235) spi_flash: flash io: dio[0m
[0;33mW (237) spi_flash: Detected size(8192k) larger than the size in the binary image header(2048k). Using the size in the binary image header.[0m
[0;32mI (250) sleep_gpio: Configure to isolate all GPIO pins in sleep state[0m
[0;32mI (256) sleep_gpio: Enable automatic switching of GPIO sleep configuration[0m
[0;32mI (263) main_task: Started on CPU0[0m
[0;32mI (273) main_task: Calling app_main()[0m
[1;31mE (273) adc_continuous: adc_continuous_config(448): ADC bitwidth not supported[0m
ESP_ERROR_CHECK failed: esp_err_t 0x102 (ESP_ERR_INVALID_ARG) at 0x42009b02
file: "./main/Temperature_Module.c" line 38
func: continuous_adc_init
expression: adc_continuous_config(adc_handle, &adc_config)

abort() was called at PC 0x4037ad53 on core 0


Backtrace: 0x40375b79:0x3fc99150 0x4037ad5d:0x3fc99170 0x4038159d:0x3fc99190 0x4037ad53:0x3fc99200 0x42009b02:0x3fc99230 0x42009b0b:0x3fc99280 0x4201afab:0x3fc993c0 0x4037b625:0x3fc993f0




ELF file SHA256: 1ca61bb27

Rebooting...
ESP-ROM:esp32s3-20210327
Build:Mar 27 2021
rst:0xc (RTC_SW_CPU_RST),boot:0x8 (SPI_FAST_FLASH_BOOT)
Saved PC:0x40375ab8
SPIWP:0xee
mode:DIO, clock div:1
load:0x3fce2810,len:0x15a0
load:0x403c8700,len:0x4
load:0x403c8704,len:0xd20
load:0x403cb700,len:0x2ee4
entry 0x403c8928
[0;32mI (26) boot: ESP-IDF v5.4-dirty 2nd stage bootloader[0m
[0;32mI (26) boot: compile time Apr 18 2025 01:13:45[0m
[0;32mI (26) boot: Multicore bootloader[0m
[0;32mI (27) boot: chip revision: v0.2[0m
[0;32mI (29) boot: efuse block revision: v1.3[0m
[0;32mI (33) boot.esp32s3: Boot SPI Speed : 80MHz[0m
[0;32mI (37) boot.esp32s3: SPI Mode       : DIO[0m
[0;32mI (41) boot.esp32s3: SPI Flash Size : 2MB[0m
[0;32mI (44) boot: Enabling RNG early entropy source...[0m
[0;32mI (49) boot: Partition Table:[0m
[0;32mI (52) boot: ## Label            Usage          Type ST Offset   Length[0m
[0;32mI (58) boot:  0 nvs              WiFi data        01 02 00009000 00006000[0m
[0;32mI (64) boot:  1 phy_init         RF data          01 01 0000f000 00001000[0m
[0;32mI (71) boot:  2 factory          factory app      00 00 00010000 00100000[0m
[0;32mI (77) boot: End of partition table[0m
[0;32mI (81) esp_image: segment 0: paddr=00010020 vaddr=3c020020 size=0be84h ( 48772) map[0m
[0;32mI (97) esp_image: segment 1: paddr=0001beac vaddr=3fc93700 size=02ae0h ( 10976) load[0m
[0;32mI (99) esp_image: segment 2: paddr=0001e994 vaddr=40374000 size=01684h (  5764) load[0m
[0;32mI (104) esp_image: segment 3: paddr=00020020 vaddr=42000020 size=1bb38h (113464) map[0m
[0;32mI (130) esp_image: segment 4: paddr=0003bb60 vaddr=40375684 size=0dfd8h ( 57304) load[0m
[0;32mI (143) esp_image: segment 5: paddr=00049b40 vaddr=600fe100 size=0001ch (    28) load[0m
[0;32mI (150) boot: Loaded app from partition at offset 0x10000[0m
[0;32mI (150) boot: Disabling RNG early entropy source...[0m
[0;32mI (161) cpu_start: Multicore app[0m
[0;32mI (170) cpu_start: Pro cpu start user code[0m
[0;32mI (170) cpu_start: cpu freq: 160000000 Hz[0m
[0;32mI (170) app_init: Application information:[0m
[0;32mI (170) app_init: Project name:     GPIO_Example[0m
[0;32mI (175) app_init: App version:      ce7ed68-dirty[0m
[0;32mI (179) app_init: Compile time:     Apr 19 2025 02:27:40[0m
[0;32mI (184) app_init: ELF file SHA256:  1ca61bb27...[0m
[0;32mI (188) app_init: ESP-IDF:          v5.4-dirty[0m
[0;32mI (192) efuse_init: Min chip rev:     v0.0[0m
[0;32mI (196) efuse_init: Max chip rev:     v0.99 [0m
[0;32mI (200) efuse_init: Chip rev:         v0.2[0m
[0;32mI (204) heap_init: Initializing. RAM available for dynamic allocation:[0m
[0;32mI (211) heap_init: At 3FC96AD8 len 00052C38 (331 KiB): RAM[0m
[0;32mI (216) heap_init: At 3FCE9710 len 00005724 (21 KiB): RAM[0m
[0;32mI (221) heap_init: At 3FCF0000 len 00008000 (32 KiB): DRAM[0m
[0;32mI (226) heap_init: At 600FE11C len 00001ECC (7 KiB): RTCRAM[0m
[0;32mI (232) spi_flash: detected chip: gd[0m
[0;32mI (235) spi_flash: flash io: dio[0m
[0;33mW (237) spi_flash: Detected size(8192k) larger than the size in the binary image header(2048k). Using the size in the binary image header.[0m
[0;32mI (250) sleep_gpio: Configure to isolate all GPIO pins in sleep state[0m
[0;32mI (256) sleep_gpio: Enable automatic switching of GPIO sleep configuration[0m
[0;32mI (263) main_task: Started on CPU0[0m
[0;32mI (273) main_task: Calling app_main()[0m
[1;31mE (273) adc_continuous: adc_continuous_config(448): ADC bitwidth not supported[0m
ESP_ERROR_CHECK failed: esp_err_t 0x102 (ESP_ERR_INVALID_ARG) at 0x42009b02
file: "./main/Temperature_Module.c" line 38
func: continuous_adc_init
expression: adc_continuous_config(adc_handle, &adc_config)

abort() was called at PC 0x4037ad53 on core 0


Backtrace: 0x40375b79:0x3fc99150 0x4037ad5d:0x3fc99170 0x4038159d:0x3fc99190 0x4037ad53:0x3fc99200 0x42009b02:0x3fc99230 0x42009b0b:0x3fc99280 0x4201afab:0x3fc993c0 0x4037b625:0x3fc993f0




ELF file SHA256: 1ca61bb27

Rebooting...
ESP-ROM:esp32s3-20210327
Build:Mar 27 2021
rst:0xc (RTC_SW_CPU_RST),boot:0x8 (SPI_FAST_FLASH_BOOT)
Saved PC:0x40375ab8
SPIWP:0xee
mode:DIO, clock div:1
load:0x3fce2810,len:0x15a0
load:0x403c8700,len:0x4
load:0x403c8704,len:0xd20
load:0x403cb700,len:0x2ee4
entry 0x403c8928
[0;32mI (26) boot: ESP-IDF v5.4-dirty 2nd stage bootloader[0m
[0;32mI (26) boot: compile time Apr 18 2025 01:13:45[0m
[0;32mI (26) boot: Multicore bootloader[0m
[0;32mI (27) boot: chip revision: v0.2[0m
[0;32mI (29) boot: efuse block revision: v1.3[0m
[0;32mI (33) boot.esp32s3: Boot SPI Speed : 80MHz[0m
[0;32mI (37) boot.esp32s3: SPI Mode       : DIO[0m
[0;32mI (41) boot.esp32s3: SPI Flash Size : 2MB[0m
[0;32mI (44) boot: Enabling RNG early entropy source...[0m
[0;32mI (49) boot: Partition Table:[0m
[0;32mI (52) boot: ## Label            Usage          Type ST Offset   Length[0m
[0;32mI (58) boot:  0 nvs              WiFi data        01 02 00009000 00006000[0m
[0;32mI (64) boot:  1 phy_init         RF data          01 01 0000f000 00001000[0m
[0;32mI (71) boot:  2 factory          factory app      00 00 00010000 00100000[0m
[0;32mI (77) boot: End of partition table[0m
[0;32mI (81) esp_image: segment 0: paddr=00010020 vaddr=3c020020 size=0be84h ( 48772) map[0m
[0;32mI (97) esp_image: segment 1: paddr=0001beac vaddr=3fc93700 size=02ae0h ( 10976) load[0m
[0;32mI (99) esp_image: segment 2: paddr=0001e994 vaddr=40374000 size=01684h (  5764) load[0m
[0;32mI (104) esp_image: segment 3: paddr=00020020 vaddr=42000020 size=1bb38h (113464) map[0m
[0;32mI (130) esp_image: segment 4: paddr=0003bb60 vaddr=40375684 size=0dfd8h ( 57304) load[0m
[0;32mI (143) esp_image: segment 5: paddr=00049b40 vaddr=600fe100 size=0001ch (    28) load[0m
[0;32mI (150) boot: Loaded app from partition at offset 0x10000[0m
[0;32mI (150) boot: Disabling RNG early entropy source...[0m
[0;32mI (161) cpu_start: Multicore app[0m
[0;32mI (170) cpu_start: Pro cpu start user code[0m
[0;32mI (170) cpu_start: cpu freq: 160000000 Hz[0m
[0;32mI (170) app_init: Application information:[0m
[0;32mI (171) app_init: Project name:     GPIO_Example[0m
[0;32mI (175) app_init: App version:      ce7ed68-dirty[0m
[0;32mI (179) app_init: Compile time:     Apr 19 2025 02:27:40[0m
[0;32mI (184) app_init: ELF file SHA256:  1ca61bb27...[0m
[0;32mI (188) app_init: ESP-IDF:          v5.4-dirty[0m
[0;32mI (192) efuse_init: Min chip rev:     v0.0[0m
[0;32mI (196) efuse_init: Max chip rev:     v0.99 [0m
[0;32mI (200) efuse_init: Chip rev:         v0.2[0m
[0;32mI (204) heap_init: Initializing. RAM available for dynamic allocation:[0m
[0;32mI (211) heap_init: At 3FC96AD8 len 00052C38 (331 KiB): RAM[0m
[0;32mI (216) heap_init: At 3FCE9710 len 00005724 (21 KiB): RAM[0m
[0;32mI (221) heap_init: At 3FCF0000 len 00008000 (32 KiB): DRAM[0m
[0;32mI (226) heap_init: At 600FE11C len 00001ECC (7 KiB): RTCRAM[0m
[0;32mI (232) spi_flash: detected chip: gd[0m
[0;32mI (235) spi_flash: flash io: dio[0m
[0;33mW (237) spi_flash: Detected size(8192k) larger than the size in the binary image header(2048k). Using the size in the binary image header.[0m
[0;32mI (250) sleep_gpio: Configure to isolate all GPIO pins in sleep state[0m
[0;32mI (256) sleep_gpio: Enable automatic switching of GPIO sleep configuration[0m
[0;32mI (263) main_task: Started on CPU0[0m
[0;32mI (273) main_task: Calling app_main()[0m
[1;31mE (273) adc_continuous: adc_continuous_config(448): ADC bitwidth not supported[0m
ESP_ERROR_CHECK failed: esp_err_t 0x102 (ESP_ERR_INVALID_ARG) at 0x42009b02
file: "./main/Temperature_Module.c" line 38
func: continuous_adc_init
expression: adc_continuous_config(adc_handle, &adc_config)

abort() was called at PC 0x4037ad53 on core 0


Backtrace: 0x40375b79:0x3fc99150 0x4037ad5d:0x3fc99170 0x4038159d:0x3fc99190 0x4037ad53:0x3fc99200 0x42009b02:0x3fc99230 0x42009b0b:0x3fc99280 0x4201afab:0x3fc993c0 0x4037b625:0x3fc993f0




ELF file SHA256: 1ca61bb27

Rebooting...
ESP-ROM:esp32s3-20210327
Build:Mar 27 2021
rst:0xc (RTC_SW_CPU_RST),boot:0x8 (SPI_FAST_FLASH_BOOT)
Saved PC:0x40375ab8
SPIWP:0xee
mode:DIO, clock div:1
load:0x3fce2810,len:0x15a0
load:0x403c8700,len:0x4
load:0x403c8704,len:0xd20
load:0x403cb700,len:0x2ee4
entry 0x403c8928
[0;32mI (26) boot: ESP-IDF v5.4-dirty 2nd stage bootloader[0m
[0;32mI (26) boot: compile time Apr 18 2025 01:13:45[0m
[0;32mI (26) boot: Multicore bootloader[0m
[0;32mI (27) boot: chip revision: v0.2[0m
[0;32mI (29) boot: efuse block revision: v1.3[0m
[0;32mI (33) boot.esp32s3: Boot SPI Speed : 80MHz[0m
[0;32mI (37) boot.esp32s3: SPI Mode       : DIO[0m
[0;32mI (41) boot.esp32s3: SPI Flash Size : 2MB[0m
[0;32mI (44) boot: Enabling RNG early entropy source...[0m
[0;32mI (49) boot: Partition Table:[0m
[0;32mI (52) boot: ## Label            Usage          Type ST Offset   Length[0m
[0;32mI (58) boot:  0 nvs              WiFi data        01 02 00009000 00006000[0m
[0;32mI (64) boot:  1 phy_init         RF data          01 01 0000f000 00001000[0m
[0;32mI (71) boot:  2 factory          factory app      00 00 00010000 00100000[0m
[0;32mI (77) boot: End of partition table[0m
[0;32mI (81) esp_image: segment 0: paddr=00010020 vaddr=3c020020 size=0be84h ( 48772) map[0m
[0;32mI (97) esp_image: segment 1: paddr=0001beac vaddr=3fc93700 size=02ae0h ( 10976) load[0m
[0;32mI (100) esp_image: segment 2: paddr=0001e994 vaddr=40374000 size=01684h (  5764) load[0m
[0;32mI (104) esp_image: segment 3: paddr=00020020 vaddr=42000020 size=1bb38h (113464) map[0m
[0;32mI (131) esp_image: segment 4: paddr=0003bb60 vaddr=40375684 size=0dfd8h ( 57304) load[0m
[0;32mI (143) esp_image: segment 5: paddr=00049b40 vaddr=600fe100 size=0001ch (    28) load[0m
[0;32mI (150) boot: Loaded app from partition at offset 0x10000[0m
[0;32mI (150) boot: Disabling RNG early entropy source...[0m
[0;32mI (161) cpu_start: Multicore app[0m
[0;32mI (170) cpu_start: Pro cpu start user code[0m
[0;32mI (170) cpu_start: cpu freq: 160000000 Hz[0m
[0;32mI (170) app_init: Application information:[0m
[0;32mI (171) app_init: Project name:     GPIO_Example[0m
[0;32mI (175) app_init: App version:      ce7ed68-dirty[0m
[0;32mI (179) app_init: Compile time:     Apr 19 2025 02:27:40[0m
[0;32mI (184) app_init: ELF file SHA256:  1ca61bb27...[0m
[0;32mI (188) app_init: ESP-IDF:          v5.4-dirty[0m
[0;32mI (193) efuse_init: Min chip rev:     v0.0[0m
[0;32mI (196) efuse_init: Max chip rev:     v0.99 [0m
[0;32mI (200) efuse_init: Chip rev:         v0.2[0m
[0;32mI (204) heap_init: Initializing. RAM available for dynamic allocation:[0m
[0;32mI (211) heap_init: At 3FC96AD8 len 00052C38 (331 KiB): RAM[0m
[0;32mI (216) heap_init: At 3FCE9710 len 00005724 (21 KiB): RAM[0m
[0;32mI (221) heap_init: At 3FCF0000 len 00008000 (32 KiB): DRAM[0m
[0;32mI (226) heap_init: At 600FE11C len 00001ECC (7 KiB): RTCRAM[0m
[0;32mI (232) spi_flash: detected chip: gd[0m
[0;32mI (235) spi_flash: flash io: dio[0m
[0;33mW (238) spi_flash: Detected size(8192k) larger than the size in the binary image header(2048k). Using the size in the binary image header.[0m
[0;32mI (250) sleep_gpio: Configure to isolate all GPIO pins in sleep state[0m
[0;32mI (256) sleep_gpio: Enable automatic switching of GPIO sleep configuration[0m
[0;32mI (263) main_task: Started on CPU0[0m
[0;32mI (273) main_task: Calling app_main()[0m
[1;31mE (273) adc_continuous: adc_continuous_config(448): ADC bitwidth not supported[0m
ESP_ERROR_CHECK failed: esp_err_t 0x102 (ESP_ERR_INVALID_ARG) at 0x42009b02
file: "./main/Temperature_Module.c" line 38
func: continuous_adc_init
expression: adc_continuous_config(adc_handle, &adc_config)

abort() was called at PC 0x4037ad53 on core 0


Backtrace: 0x40375b79:0x3fc99150 0x4037ad5d:0x3fc99170 0x4038159d:0x3fc99190 0x4037ad53:0x3fc99200 0x42009b02:0x3fc99230 0x42009b0b:0x3fc99280 0x4201afab:0x3fc993c0 0x4037b625:0x3fc993f0




ELF file SHA256: 1ca61bb27

Rebooting...
ESP-ROM:esp32s3-20210327
Build:Mar 27 2021
rst:0xc (RTC_SW_CPU_RST),boot:0x8 (SPI_FAST_FLASH_BOOT)
Saved PC:0x40375ab8
SPIWP:0xee
mode:DIO, clock div:1
load:0x3fce2810,len:0x15a0
load:0x403c8700,len:0x4
load:0x403c8704,len:0xd20
load:0x403cb700,len:0x2ee4
entry 0x403c8928
[0;32mI (26) boot: ESP-IDF v5.4-dirty 2nd stage bootloader[0m
[0;32mI (26) boot: compile time Apr 18 2025 01:13:45[0m
[0;32mI (26) boot: Multicore bootloader[0m
[0;32mI (27) boot: chip revision: v0.2[0m
[0;32mI (29) boot: efuse block revision: v1.3[0m
[0;32mI (33) boot.esp32s3: Boot SPI Speed : 80MHz[0m
[0;32mI (37) boot.esp32s3: SPI Mode       : DIO[0m
[0;32mI (41) boot.esp32s3: SPI Flash Size : 2MB[0m
[0;32mI (44) boot: Enabling RNG early entropy source...[0m
[0;32mI (49) boot: Partition Table:[0m
[0;32mI (52) boot: ## Label            Usage          Type ST Offset   Length[0m
[0;32mI (58) boot:  0 nvs              WiFi data        01 02 00009000 00006000[0m
[0;32mI (64) boot:  1 phy_init         RF data          01 01 0000f000 00001000[0m
[0;32mI (71) boot:  2 factory          factory app      00 00 00010000 00100000[0m
[0;32mI (77) boot: End of partition table[0m
[0;32mI (81) esp_image: segment 0: paddr=00010020 vaddr=3c020020 size=0be84h ( 48772) map[0m
[0;32mI (97) esp_image: segment 1: paddr=0001beac vaddr=3fc93700 size=02ae0h ( 10976) load[0m
[0;32mI (99) esp_image: segment 2: paddr=0001e994 vaddr=40374000 size=01684h (  5764) load[0m
[0;32mI (104) esp_image: segment 3: paddr=00020020 vaddr=42000020 size=1bb38h (113464) map[0m
[0;32mI (130) esp_image: segment 4: paddr=0003bb60 vaddr=40375684 size=0dfd8h ( 57304) load[0m
[0;32mI (143) esp_image: segment 5: paddr=00049b40 vaddr=600fe100 size=0001ch (    28) load[0m
[0;32mI (150) boot: Loaded app from partition at offset 0x10000[0m
[0;32mI (150) boot: Disabling RNG early entropy source...[0m
[0;32mI (161) cpu_start: Multicore app[0m
[0;32mI (170) cpu_start: Pro cpu start user code[0m
[0;32mI (170) cpu_start: cpu freq: 160000000 Hz[0m
[0;32mI (170) app_init: Application information:[0m
[0;32mI (170) app_init: Project name:     GPIO_Example[0m
[0;32mI (175) app_init: App version:      ce7ed68-dirty[0m
[0;32mI (179) app_init: Compile time:     Apr 19 2025 02:27:40[0m
[0;32mI (184) app_init: ELF file SHA256:  1ca61bb27...[0m
[0;32mI (188) app_init: ESP-IDF:          v5.4-dirty[0m
[0;32mI (192) efuse_init: Min chip rev:     v0.0[0m
[0;32mI (196) efuse_init: Max chip rev:     v0.99 [0m
[0;32mI (200) efuse_init: Chip rev:         v0.2[0m
[0;32mI (204) heap_init: Initializing. RAM available for dynamic allocation:[0m
[0;32mI (211) heap_init: At 3FC96AD8 len 00052C38 (331 KiB): RAM[0m
[0;32mI (216) heap_init: At 3FCE9710 len 00005724 (21 KiB): RAM[0m
[0;32mI (221) heap_init: At 3FCF0000 len 00008000 (32 KiB): DRAM[0m
[0;32mI (226) heap_init: At 600FE11C len 00001ECC (7 KiB): RTCRAM[0m
[0;32mI (232) spi_flash: detected chip: gd[0m
[0;32mI (235) spi_flash: flash io: dio[0m
[0;33mW (237) spi_flash: Detected size(8192k) larger than the size in the binary image header(2048k). Using the size in the binary image header.[0m
[0;32mI (250) sleep_gpio: Configure to isolate all GPIO pins in sleep state[0m
[0;32mI (256) sleep_gpio: Enable automatic switching of GPIO sleep configuration[0m
[0;32mI (263) main_task: Started on CPU0[0m
[0;32mI (273) main_task: Calling app_main()[0m
[1;31mE (273) adc_continuous: adc_continuous_config(448): ADC bitwidth not supported[0m
