ESP-ROM:esp32s3-20210327
Build:Mar 27 2021
rst:0x1 (POWERON),boot:0x9 (SPI_FAST_FLASH_BOOT)
SPIWP:0xee
mode:DIO, clock div:1
load:0x3fce2810,len:0x15a0
load:0x403c8700,len:0x4
load:0x403c8704,len:0xd20
load:0x403cb700,len:0x2ee4
entry 0x403c8928
[0;32mI (27) boot: ESP-IDF v5.4-dirty 2nd stage bootloader[0m
[0;32mI (27) boot: compile time Apr 18 2025 01:13:45[0m
[0;32mI (27) boot: Multicore bootloader[0m
[0;32mI (27) boot: chip revision: v0.2[0m
[0;32mI (30) boot: efuse block revision: v1.3[0m
[0;32mI (34) boot.esp32s3: Boot SPI Speed : 80MHz[0m
[0;32mI (38) boot.esp32s3: SPI Mode       : DIO[0m
[0;32mI (41) boot.esp32s3: SPI Flash Size : 2MB[0m
[0;32mI (45) boot: Enabling RNG early entropy source...[0m
[0;32mI (50) boot: Partition Table:[0m
[0;32mI (52) boot: ## Label            Usage          Type ST Offset   Length[0m
[0;32mI (59) boot:  0 nvs              WiFi data        01 02 00009000 00006000[0m
[0;32mI (65) boot:  1 phy_init         RF data          01 01 0000f000 00001000[0m
[0;32mI (72) boot:  2 factory          factory app      00 00 00010000 00100000[0m
[0;32mI (78) boot: End of partition table[0m
[0;32mI (81) esp_image: segment 0: paddr=00010020 vaddr=3c020020 size=0c72ch ( 50988) map[0m
[0;32mI (98) esp_image: segment 1: paddr=0001c754 vaddr=3fc93700 size=02ae0h ( 10976) load[0m
[0;32mI (100) esp_image: segment 2: paddr=0001f23c vaddr=40374000 size=00ddch (  3548) load[0m
[0;32mI (105) esp_image: segment 3: paddr=00020020 vaddr=42000020 size=1c3d8h (115672) map[0m
[0;32mI (132) esp_image: segment 4: paddr=0003c400 vaddr=40374ddc size=0e8a0h ( 59552) load[0m
[0;32mI (145) esp_image: segment 5: paddr=0004aca8 vaddr=600fe100 size=0001ch (    28) load[0m
[0;32mI (151) boot: Loaded app from partition at offset 0x10000[0m
[0;32mI (151) boot: Disabling RNG early entropy source...[0m
[0;32mI (162) cpu_start: Multicore app[0m
[0;32mI (172) cpu_start: Pro cpu start user code[0m
[0;32mI (172) cpu_start: cpu freq: 160000000 Hz[0m
[0;32mI (172) app_init: Application information:[0m
[0;32mI (172) app_init: Project name:     GPIO_Example[0m
[0;32mI (176) app_init: App version:      ce7ed68-dirty[0m
[0;32mI (180) app_init: Compile time:     Apr 19 2025 02:27:40[0m
[0;32mI (185) app_init: ELF file SHA256:  63b88db6f...[0m
[0;32mI (190) app_init: ESP-IDF:          v5.4-dirty[0m
[0;32mI (194) efuse_init: Min chip rev:     v0.0[0m
[0;32mI (198) efuse_init: Max chip rev:     v0.99 [0m
[0;32mI (202) efuse_init: Chip rev:         v0.2[0m
[0;32mI (206) heap_init: Initializing. RAM available for dynamic allocation:[0m
[0;32mI (212) heap_init: At 3FC96AE8 len 00052C28 (331 KiB): RAM[0m
[0;32mI (217) heap_init: At 3FCE9710 len 00005724 (21 KiB): RAM[0m
[0;32mI (222) heap_init: At 3FCF0000 len 00008000 (32 KiB): DRAM[0m
[0;32mI (227) heap_init: At 600FE11C len 00001ECC (7 KiB): RTCRAM[0m
[0;32mI (234) spi_flash: detected chip: gd[0m
[0;32mI (236) spi_flash: flash io: dio[0m
[0;33mW (239) spi_flash: Detected size(8192k) larger than the size in the binary image header(2048k). Using the size in the binary image header.[0m
[0;32mI (252) sleep_gpio: Configure to isolate all GPIO pins in sleep state[0m
[0;32mI (258) sleep_gpio: Enable automatic switching of GPIO sleep configuration[0m
[0;32mI (264) main_task: Started on CPU0[0m
[0;32mI (284) main_task: Calling app_main()[0m
[1;31mE (284) adc_continuous: adc_continuous_config(468): ADC sampling frequency out of range[0m
ESP_ERROR_CHECK failed: esp_err_t 0x102 (ESP_ERR_INVALID_ARG) at 0x42009d92
file: "./main/Temperature_Module.c" line 147
func: continuous_adc_init
expression: adc_continuous_config(adc_handle, &adc_config)

abort() was called at PC 0x4037ad73 on core 0


Backtrace: 0x40375b79:0x3fc99260 0x4037ad7d:0x3fc99280 0x403815bd:0x3fc992a0 0x4037ad73:0x3fc99310 0x42009d92:0x3fc99340 0x42009e3f:0x3fc993a0 0x4201b84b:0x3fc993d0 0x4037b645:0x3fc99400




ELF file SHA256: 63b88db6f

Rebooting...
ESP-ROM:esp32s3-20210327
Build:Mar 27 2021
rst:0xc (RTC_SW_CPU_RST),boot:0x9 (SPI_FAST_FLASH_BOOT)
Saved PC:0x40375ab8
SPIWP:0xee
mode:DIO, clock div:1
load:0x3fce2810,len:0x15a0
load:0x403c8700,len:0x4
load:0x403c8704,len:0xd20
load:0x403cb700,len:0x2ee4
entry 0x403c8928
[0;32mI (31) boot: ESP-IDF v5.4-dirty 2nd stage bootloader[0m
[0;32mI (31) boot: compile time Apr 18 2025 01:13:45[0m
[0;32mI (31) boot: Multicore bootloader[0m
[0;32mI (32) boot: chip revision: v0.2[0m
[0;32mI (35) boot: efuse block revision: v1.3[0m
[0;32mI (38) boot.esp32s3: Boot SPI Speed : 80MHz[0m
[0;32mI (42) boot.esp32s3: SPI Mode       : DIO[0m
[0;32mI (46) boot.esp32s3: SPI Flash Size : 2MB[0m
[0;32mI (50) boot: Enabling RNG early entropy source...[0m
[0;32mI (54) boot: Partition Table:[0m
[0;32mI (57) boot: ## Label            Usage          Type ST Offset   Length[0m
[0;32mI (63) boot:  0 nvs              WiFi data        01 02 00009000 00006000[0m
[0;32mI (69) boot:  1 phy_init         RF data          01 01 0000f000 00001000[0m
[0;32mI (76) boot:  2 factory          factory app      00 00 00010000 00100000[0m
[0;32mI (83) boot: End of partition table[0m
[0;32mI (86) esp_image: segment 0: paddr=00010020 vaddr=3c020020 size=0c72ch ( 50988) map[0m
[0;32mI (102) esp_image: segment 1: paddr=0001c754 vaddr=3fc93700 size=02ae0h ( 10976) load[0m
[0;32mI (105) esp_image: segment 2: paddr=0001f23c vaddr=40374000 size=00ddch (  3548) load[0m
[0;32mI (109) esp_image: segment 3: paddr=00020020 vaddr=42000020 size=1c3d8h (115672) map[0m
[0;32mI (136) esp_image: segment 4: paddr=0003c400 vaddr=40374ddc size=0e8a0h ( 59552) load[0m
[0;32mI (149) esp_image: segment 5: paddr=0004aca8 vaddr=600fe100 size=0001ch (    28) load[0m
[0;32mI (155) boot: Loaded app from partition at offset 0x10000[0m
[0;32mI (156) boot: Disabling RNG early entropy source...[0m
[0;32mI (167) cpu_start: Multicore app[0m
[0;32mI (176) cpu_start: Pro cpu start user code[0m
[0;32mI (176) cpu_start: cpu freq: 160000000 Hz[0m
[0;32mI (176) app_init: Application information:[0m
[0;32mI (176) app_init: Project name:     GPIO_Example[0m
[0;32mI (180) app_init: App version:      ce7ed68-dirty[0m
[0;32mI (185) app_init: Compile time:     Apr 19 2025 02:27:40[0m
[0;32mI (190) app_init: ELF file SHA256:  63b88db6f...[0m
[0;32mI (194) app_init: ESP-IDF:          v5.4-dirty[0m
[0;32mI (198) efuse_init: Min chip rev:     v0.0[0m
[0;32mI (202) efuse_init: Max chip rev:     v0.99 [0m
[0;32mI (206) efuse_init: Chip rev:         v0.2[0m
[0;32mI (210) heap_init: Initializing. RAM available for dynamic allocation:[0m
[0;32mI (216) heap_init: At 3FC96AE8 len 00052C28 (331 KiB): RAM[0m
[0;32mI (222) heap_init: At 3FCE9710 len 00005724 (21 KiB): RAM[0m
[0;32mI (227) heap_init: At 3FCF0000 len 00008000 (32 KiB): DRAM[0m
[0;32mI (232) heap_init: At 600FE11C len 00001ECC (7 KiB): RTCRAM[0m
[0;32mI (238) spi_flash: detected chip: gd[0m
[0;32mI (240) spi_flash: flash io: dio[0m
[0;33mW (243) spi_flash: Detected size(8192k) larger than the size in the binary image header(2048k). Using the size in the binary image header.[0m
[0;32mI (256) sleep_gpio: Configure to isolate all GPIO pins in sleep state[0m
[0;32mI (262) sleep_gpio: Enable automatic switching of GPIO sleep configuration[0m
[0;32mI (269) main_task: Started on CPU0[0m
[0;32mI (289) main_task: Calling app_main()[0m
[1;31mE (289) adc_continuous: adc_continuous_config(468): ADC sampling frequency out of range[0m
ESP_ERROR_CHECK failed: esp_err_t 0x102 (ESP_ERR_INVALID_ARG) at 0x42009d92
file: "./main/Temperature_Module.c" line 147
func: continuous_adc_init
expression: adc_continuous_config(adc_handle, &adc_config)

abort() was called at PC 0x4037ad73 on core 0


Backtrace: 0x40375b79:0x3fc99260 0x4037ad7d:0x3fc99280 0x403815bd:0x3fc992a0 0x4037ad73:0x3fc99310 0x42009d92:0x3fc99340 0x42009e3f:0x3fc993a0 0x4201b84b:0x3fc993d0 0x4037b645:0x3fc99400




ELF file SHA256: 63b88db6f

Rebooting...
ï¿½ï¿½ï¿½ESP-ROM:esp32s3-20210327
Build:Mar 27 2021
rst:0xc (RTC_SW_CPU_RST),boot:0x9 (SPI_FAST_FLASH_BOOT)
Saved PC:0x40375ab8
SPIWP:0xee
mode:DIO, clock div:1
load:0x3fce2810,len:0x15a0
load:0x403c8700,len:0x4
load:0x403c8704,len:0xd20
load:0x403cb700,len:0x2ee4
entry 0x403c8928
[0;32mI (31) boot: ESP-IDF v5.4-dirty 2nd stage bootloader[0m
[0;32mI (31) boot: compile time Apr 18 2025 01:13:45[0m
[0;32mI (31) boot: Multicore bootloader[0m
[0;32mI (32) boot: chip revision: v0.2[0m
[0;32mI (35) boot: efuse block revision: v1.3[0m
[0;32mI (38) boot.esp32s3: Boot SPI Speed : 80MHz[0m
[0;32mI (42) boot.esp32s3: SPI Mode       : DIO[0m
[0;32mI (46) boot.esp32s3: SPI Flash Size : 2MB[0m
[0;32mI (50) boot: Enabling RNG early entropy source...[0m
[0;32mI (54) boot: Partition Table:[0m
[0;32mI (57) boot: ## Label            Usage          Type ST Offset   Length[0m
[0;32mI (63) boot:  0 nvs              WiFi data        01 02 00009000 00006000[0m
[0;32mI (69) boot:  1 phy_init         RF data          01 01 0000f000 00001000[0m
[0;32mI (76) boot:  2 factory          factory app      00 00 00010000 00100000[0m
[0;32mI (83) boot: End of partition table[0m
[0;32mI (86) esp_image: segment 0: paddr=00010020 vaddr=3c020020 size=0c72ch ( 50988) map[0m
[0;32mI (102) esp_image: segment 1: paddr=0001c754 vaddr=3fc93700 size=02ae0h ( 10976) load[0m
[0;32mI (105) esp_image: segment 2: paddr=0001f23c vaddr=40374000 size=00ddch (  3548) load[0m
[0;32mI (109) esp_image: segment 3: paddr=00020020 vaddr=42000020 size=1c3d8h (115672) map[0m
[0;32mI (136) esp_image: segment 4: paddr=0003c400 vaddr=40374ddc size=0e8a0h ( 59552) load[0m
[0;32mI (149) esp_image: segment 5: paddr=0004aca8 vaddr=600fe100 size=0001ch (    28) load[0m
[0;32mI (155) boot: Loaded app from partition at offset 0x10000[0m
[0;32mI (156) boot: Disabling RNG early entropy source...[0m
[0;32mI (167) cpu_start: Multicore app[0m
[0;32mI (176) cpu_start: Pro cpu start user code[0m
[0;32mI (176) cpu_start: cpu freq: 160000000 Hz[0m
[0;32mI (176) app_init: Application information:[0m
[0;32mI (176) app_init: Project name:     GPIO_Example[0m
[0;32mI (180) app_init: App version:      ce7ed68-dirty[0m
[0;32mI (185) app_init: Compile time:     Apr 19 2025 02:27:40[0m
[0;32mI (190) app_init: ELF file SHA256:  63b88db6f...[0m
[0;32mI (194) app_init: ESP-IDF:          v5.4-dirty[0m
[0;32mI (198) efuse_init: Min chip rev:     v0.0[0m
[0;32mI (202) efuse_init: Max chip rev:     v0.99 [0m
[0;32mI (206) efuse_init: Chip rev:         v0.2[0m
[0;32mI (210) heap_init: Initializing. RAM available for dynamic allocation:[0m
[0;32mI (216) heap_init: At 3FC96AE8 len 00052C28 (331 KiB): RAM[0m
[0;32mI (222) heap_init: At 3FCE9710 len 00005724 (21 KiB): RAM[0m
[0;32mI (227) heap_init: At 3FCF0000 len 00008000 (32 KiB): DRAM[0m
[0;32mI (232) heap_init: At 600FE11C len 00001ECC (7 KiB): RTCRAM[0m
[0;32mI (238) spi_flash: detected chip: gd[0m
[0;32mI (240) spi_flash: flash io: dio[0m
[0;33mW (243) spi_flash: Detected size(8192k) larger than the size in the binary image header(2048k). Using the size in the binary image header.[0m
[0;32mI (256) sleep_gpio: Configure to isolate all GPIO pins in sleep state[0m
[0;32mI (262) sleep_gpio: Enable automatic switching of GPIO sleep configuration[0m
[0;32mI (269) main_task: Started on CPU0[0m
[0;32mI (289) main_task: Calling app_main()[0m
[1;31mE (289) adc_continuous: adc_continuous_config(468): ADC sampling frequency out of range[0m
ESP_ERROR_CHECK failed: esp_err_t 0x102 (ESP_ERR_INVALID_ARG) at 0x42009d92
file: "./main/Temperature_Module.c" line 147
func: continuous_adc_init
expression: adc_continuous_config(adc_handle, &adc_config)

abort() was called at PC 0x4037ad73 on core 0


Backtrace: 0x40375b79:0x3fc99260 0x4037ad7d:0x3fc99280 0x403815bd:0x3fc992a0 0x4037ad73:0x3fc99310 0x42009d92:0x3fc99340 0x42009e3f:0x3fc993a0 0x4201b84b:0x3fc993d0 0x4037b645:0x3fc99400




ELF file SHA256: 63b88db6f

Rebooting...
ï¿½ï¿½ï¿½ESP-ROM:esp32s3-20210327
Build:Mar 27 2021
rst:0xc (RTC_SW_CPU_RST),boot:0x9 (SPI_FAST_FLASH_BOOT)
Saved PC:0x40375ab8
SPIWP:0xee
mode:DIO, clock div:1
load:0x3fce2810,len:0x15a0
load:0x403c8700,len:0x4
load:0x403c8704,len:0xd20
load:0x403cb700,len:0x2ee4
entry 0x403c8928
[0;32mI (31) boot: ESP-IDF v5.4-dirty 2nd stage bootloader[0m
[0;32mI (31) boot: compile time Apr 18 2025 01:13:45[0m
[0;32mI (31) boot: Multicore bootloader[0m
[0;32mI (32) boot: chip revision: v0.2[0m
[0;32mI (35) boot: efuse block revision: v1.3[0m
[0;32mI (38) boot.esp32s3: Boot SPI Speed : 80MHz[0m
[0;32mI (42) boot.esp32s3: SPI Mode       : DIO[0m
[0;32mI (46) boot.esp32s3: SPI Flash Size : 2MB[0m
[0;32mI (50) boot: Enabling RNG early entropy source...[0m
[0;32mI (54) boot: Partition Table:[0m
[0;32mI (57) boot: ## Label            Usage          Type ST Offset   Length[0m
[0;32mI (63) boot:  0 nvs              WiFi data        01 02 00009000 00006000[0m
[0;32mI (69) boot:  1 phy_init         RF data          01 01 0000f000 00001000[0m
[0;32mI (76) boot:  2 factory          factory app      00 00 00010000 00100000[0m
[0;32mI (83) boot: End of partition table[0m
[0;32mI (86) esp_image: segment 0: paddr=00010020 vaddr=3c020020 size=0c72ch ( 50988) map[0m
[0;32mI (102) esp_image: segment 1: paddr=0001c754 vaddr=3fc93700 size=02ae0h ( 10976) load[0m
[0;32mI (105) esp_image: segment 2: paddr=0001f23c vaddr=40374000 size=00ddch (  3548) load[0m
[0;32mI (109) esp_image: segment 3: paddr=00020020 vaddr=42000020 size=1c3d8h (115672) map[0m
[0;32mI (136) esp_image: segment 4: paddr=0003c400 vaddr=40374ddc size=0e8a0h ( 59552) load[0m
[0;32mI (149) esp_image: segment 5: paddr=0004aca8 vaddr=600fe100 size=0001ch (    28) load[0m
[0;32mI (155) boot: Loaded app from partition at offset 0x10000[0m
[0;32mI (156) boot: Disabling RNG early entropy source...[0m
[0;32mI (167) cpu_start: Multicore app[0m
[0;32mI (176) cpu_start: Pro cpu start user code[0m
[0;32mI (176) cpu_start: cpu freq: 160000000 Hz[0m
[0;32mI (176) app_init: Application information:[0m
[0;32mI (176) app_init: Project name:     GPIO_Example[0m
[0;32mI (180) app_init: App version:      ce7ed68-dirty[0m
[0;32mI (185) app_init: Compile time:     Apr 19 2025 02:27:40[0m
[0;32mI (190) app_init: ELF file SHA256:  63b88db6f...[0m
[0;32mI (194) app_init: ESP-IDF:          v5.4-dirty[0m
[0;32mI (198) efuse_init: Min chip rev:     v0.0[0m
[0;32mI (202) efuse_init: Max chip rev:     v0.99 [0m
[0;32mI (206) efuse_init: Chip rev:         v0.2[0m
[0;32mI (210) heap_init: Initializing. RAM available for dynamic allocation:[0m
[0;32mI (216) heap_init: At 3FC96AE8 len 00052C28 (331 KiB): RAM[0m
[0;32mI (222) heap_init: At 3FCE9710 len 00005724 (21 KiB): RAM[0m
[0;32mI (227) heap_init: At 3FCF0000 len 00008000 (32 KiB): DRAM[0m
[0;32mI (232) heap_init: At 600FE11C len 00001ECC (7 KiB): RTCRAM[0m
[0;32mI (238) spi_flash: detected chip: gd[0m
[0;32mI (240) spi_flash: flash io: dio[0m
[0;33mW (243) spi_flash: Detected size(8192k) larger than the size in the binary image header(2048k). Using the size in the binary image header.[0m
[0;32mI (256) sleep_gpio: Configure to isolate all GPIO pins in sleep state[0m
[0;32mI (262) sleep_gpio: Enable automatic switching of GPIO sleep configuration[0m
[0;32mI (269) main_task: Started on CPU0[0m
[0;32mI (289) main_task: Calling app_main()[0m
[1;31mE (289) adc_continuous: adc_continuous_config(468): ADC sampling frequency out of range[0m
ESP_ERROR_CHECK failed: esp_err_t 0x102 (ESP_ERR_INVALID_ARG) at 0x42009d92
file: "./main/Temperature_Module.c" line 147
func: continuous_adc_init
expression: adc_continuous_config(adc_handle, &adc_config)

abort() was called at PC 0x4037ad73 on core 0


Backtrace: 0x40375b79:0x3fc99260 0x4037ad7d:0x3fc99280 0x403815bd:0x3fc992a0 0x4037ad73:0x3fc99310 0x42009d92:0x3fc99340 0x42009e3f:0x3fc993a0 0x4201b84b:0x3fc993d0 0x4037b645:0x3fc99400




ELF file SHA256: 63b88db6f

Rebooting...
ï¿½ï¿½ï¿½ESP-ROM:esp32s3-20210327
Build:Mar 27 2021
rst:0xc (RTC_SW_CPU_RST),boot:0x9 (SPI_FAST_FLASH_BOOT)
Saved PC:0x40375ab8
SPIWP:0xee
mode:DIO, clock div:1
load:0x3fce2810,len:0x15a0
load:0x403c8700,len:0x4
load:0x403c8704,len:0xd20
load:0x403cb700,len:0x2ee4
entry 0x403c8928
[0;32mI (31) boot: ESP-IDF v5.4-dirty 2nd stage bootloader[0m
[0;32mI (31) boot: compile time Apr 18 2025 01:13:45[0m
[0;32mI (31) boot: Multicore bootloader[0m
[0;32mI (32) boot: chip revision: v0.2[0m
[0;32mI (35) boot: efuse block revision: v1.3[0m
[0;32mI (38) boot.esp32s3: Boot SPI Speed : 80MHz[0m
[0;32mI (42) boot.esp32s3: SPI Mode       : DIO[0m
[0;32mI (46) boot.esp32s3: SPI Flash Size : 2MB[0m
[0;32mI (50) boot: Enabling RNG early entropy source...[0m
[0;32mI (54) boot: Partition Table:[0m
[0;32mI (57) boot: ## Label            Usage          Type ST Offset   Length[0m
[0;32mI (63) boot:  0 nvs              WiFi data        01 02 00009000 00006000[0m
[0;32mI (69) boot:  1 phy_init         RF data          01 01 0000f000 00001000[0m
[0;32mI (76) boot:  2 factory          factory app      00 00 00010000 00100000[0m
[0;32mI (83) boot: End of partition table[0m
[0;32mI (86) esp_image: segment 0: paddr=00010020 vaddr=3c020020 size=0c72ch ( 50988) map[0m
[0;32mI (102) esp_image: segment 1: paddr=0001c754 vaddr=3fc93700 size=02ae0h ( 10976) load[0m
[0;32mI (105) esp_image: segment 2: paddr=0001f23c vaddr=40374000 size=00ddch (  3548) load[0m
[0;32mI (109) esp_image: segment 3: paddr=00020020 vaddr=42000020 size=1c3d8h (115672) map[0m
[0;32mI (136) esp_image: segment 4: paddr=0003c400 vaddr=40374ddc size=0e8a0h ( 59552) load[0m
[0;32mI (149) esp_image: segment 5: paddr=0004aca8 vaddr=600fe100 size=0001ch (    28) load[0m
[0;32mI (155) boot: Loaded app from partition at offset 0x10000[0m
[0;32mI (156) boot: Disabling RNG early entropy source...[0m
[0;32mI (167) cpu_start: Multicore app[0m
[0;32mI (176) cpu_start: Pro cpu start user code[0m
[0;32mI (176) cpu_start: cpu freq: 160000000 Hz[0m
[0;32mI (176) app_init: Application information:[0m
[0;32mI (176) app_init: Project name:     GPIO_Example[0m
[0;32mI (180) app_init: App version:      ce7ed68-dirty[0m
[0;32mI (185) app_init: Compile time:     Apr 19 2025 02:27:40[0m
[0;32mI (190) app_init: ELF file SHA256:  63b88db6f...[0m
[0;32mI (194) app_init: ESP-IDF:          v5.4-dirty[0m
[0;32mI (198) efuse_init: Min chip rev:     v0.0[0m
[0;32mI (202) efuse_init: Max chip rev:     v0.99 [0m
[0;32mI (206) efuse_init: Chip rev:         v0.2[0m
[0;32mI (210) heap_init: Initializing. RAM available for dynamic allocation:[0m
[0;32mI (216) heap_init: At 3FC96AE8 len 00052C28 (331 KiB): RAM[0m
[0;32mI (222) heap_init: At 3FCE9710 len 00005724 (21 KiB): RAM[0m
[0;32mI (227) heap_init: At 3FCF0000 len 00008000 (32 KiB): DRAM[0m
[0;32mI (232) heap_init: At 600FE11C len 00001ECC (7 KiB): RTCRAM[0m
[0;32mI (238) spi_flash: detected chip: gd[0m
[0;32mI (240) spi_flash: flash io: dio[0m
[0;33mW (243) spi_flash: Detected size(8192k) larger than the size in the binary image header(2048k). Using the size in the binary image header.[0m
[0;32mI (256) sleep_gpio: Configure to isolate all GPIO pins in sleep state[0m
[0;32mI (262) sleep_gpio: Enable automatic switching of GPIO sleep configuration[0m
[0;32mI (269) main_task: Started on CPU0[0m
[0;32mI (289) main_task: Calling app_main()[0m
[1;31mE (289) adc_continuous: adc_continuous_config(468): ADC sampling frequency out of range[0m
ESP_ERROR_CHECK failed: esp_err_t 0x102 (ESP_ERR_INVALID_ARG) at 0x42009d92
file: "./main/Temperature_Module.c" line 147
func: continuous_adc_init
expression: adc_continuous_config(adc_handle, &adc_config)

abort() was called at PC 0x4037ad73 on core 0


Backtrace: 0x40375b79:0x3fc99260 0x4037ad7d:0x3fc99280 0x403815bd:0x3fc992a0 0x4037ad73:0x3fc99310 0x42009d92:0x3fc99340 0x42009e3f:0x3fc993a0 0x4201b84b:0x3fc993d0 0x4037b645:0x3fc99400




ELF file SHA256: 63b88db6f

Rebooting...
ï¿½ï¿½ï¿½ESP-ROM:esp32s3-20210327
Build:Mar 27 2021
rst:0xc (RTC_SW_CPU_RST),boot:0x9 (SPI_FAST_FLASH_BOOT)
Saved PC:0x40375ab8
SPIWP:0xee
mode:DIO, clock div:1
load:0x3fce2810,len:0x15a0
load:0x403c8700,len:0x4
load:0x403c8704,len:0xd20
load:0x403cb700,len:0x2ee4
entry 0x403c8928
[0;32mI (31) boot: ESP-IDF v5.4-dirty 2nd stage bootloader[0m
[0;32mI (31) boot: compile time Apr 18 2025 01:13:45[0m
[0;32mI (31) boot: Multicore bootloader[0m
[0;32mI (32) boot: chip revision: v0.2[0m
[0;32mI (35) boot: efuse block revision: v1.3[0m
[0;32mI (38) boot.esp32s3: Boot SPI Speed : 80MHz[0m
[0;32mI (42) boot.esp32s3: SPI Mode       : DIO[0m
[0;32mI (46) boot.esp32s3: SPI Flash Size : 2MB[0m
[0;32mI (50) boot: Enabling RNG early entropy source...[0m
[0;32mI (54) boot: Partition Table:[0m
[0;32mI (57) boot: ## Label            Usage          Type ST Offset   Length[0m
[0;32mI (63) boot:  0 nvs              WiFi data        01 02 00009000 00006000[0m
[0;32mI (69) boot:  1 phy_init         RF data          01 01 0000f000 00001000[0m
[0;32mI (76) boot:  2 factory          factory app      00 00 00010000 00100000[0m
[0;32mI (83) boot: End of partition table[0m
[0;32mI (86) esp_image: segment 0: paddr=00010020 vaddr=3c020020 size=0c72ch ( 50988) map[0m
[0;32mI (102) esp_image: segment 1: paddr=0001c754 vaddr=3fc93700 size=02ae0h ( 10976) load[0m
[0;32mI (105) esp_image: segment 2: paddr=0001f23c vaddr=40374000 size=00ddch (  3548) load[0m
[0;32mI (109) esp_image: segment 3: paddr=00020020 vaddr=42000020 size=1c3d8h (115672) map[0m
[0;32mI (136) esp_image: segment 4: paddr=0003c400 vaddr=40374ddc size=0e8a0h ( 59552) load[0m
[0;32mI (149) esp_image: segment 5: paddr=0004aca8 vaddr=600fe100 size=0001ch (    28) load[0m
[0;32mI (155) boot: Loaded app from partition at offset 0x10000[0m
[0;32mI (156) boot: Disabling RNG early entropy source...[0m
[0;32mI (167) cpu_start: Multicore app[0m
[0;32mI (176) cpu_start: Pro cpu start user code[0m
[0;32mI (176) cpu_start: cpu freq: 160000000 Hz[0m
[0;32mI (176) app_init: Application information:[0m
[0;32mI (176) app_init: Project name:     GPIO_Example[0m
[0;32mI (180) app_init: App version:      ce7ed68-dirty[0m
[0;32mI (185) app_init: Compile time:     Apr 19 2025 02:27:40[0m
[0;32mI (190) app_init: ELF file SHA256:  63b88db6f...[0m
[0;32mI (194) app_init: ESP-IDF:          v5.4-dirty[0m
[0;32mI (198) efuse_init: Min chip rev:     v0.0[0m
[0;32mI (202) efuse_init: Max chip rev:     v0.99 [0m
[0;32mI (206) efuse_init: Chip rev:         v0.2[0m
[0;32mI (210) heap_init: Initializing. RAM available for dynamic allocation:[0m
[0;32mI (216) heap_init: At 3FC96AE8 len 00052C28 (331 KiB): RAM[0m
[0;32mI (222) heap_init: At 3FCE9710 len 00005724 (21 KiB): RAM[0m
[0;32mI (227) heap_init: At 3FCF0000 len 00008000 (32 KiB): DRAM[0m
[0;32mI (232) heap_init: At 600FE11C len 00001ECC (7 KiB): RTCRAM[0m
[0;32mI (238) spi_flash: detected chip: gd[0m
[0;32mI (240) spi_flash: flash io: dio[0m
[0;33mW (243) spi_flash: Detected size(8192k) larger than the size in the binary image header(2048k). Using the size in the binary image header.[0m
[0;32mI (256) sleep_gpio: Configure to isolate all GPIO pins in sleep state[0m
[0;32mI (262) sleep_gpio: Enable automatic switching of GPIO sleep configuration[0m
[0;32mI (269) main_task: Started on CPU0[0m
[0;32mI (289) main_task: Calling app_main()[0m
[1;31mE (289) adc_continuous: adc_continuous_config(468): ADC sampling frequency out of range[0m
ESP_ERROR_CHECK failed: esp_err_t 0x102 (ESP_ERR_INVALID_ARG) at 0x42009d92
file: "./main/Temperature_Module.c" line 147
func: continuous_adc_init
expression: adc_continuous_config(adc_handle, &adc_config)

abort() was called at PC 0x4037ad73 on core 0


Backtrace: 0x40375b79:0x3fc99260 0x4037ad7d:0x3fc99280 0x403815bd:0x3fc992a0 0x4037ad73:0x3fc99310 0x42009d92:0x3fc99340 0x42009e3f:0x3fc993a0 0x4201b84b:0x3fc993d0 0x4037b645:0x3fc99400




ELF file SHA256: 63b88db6f

Rebooting...
ï¿½ï¿½ï¿½ESP-ROM:esp32s3-20210327
Build:Mar 27 2021
rst:0xc (RTC_SW_CPU_RST),boot:0x9 (SPI_FAST_FLASH_BOOT)
Saved PC:0x40375ab8
SPIWP:0xee
mode:DIO, clock div:1
load:0x3fce2810,len:0x15a0
load:0x403c8700,len:0x4
load:0x403c8704,len:0xd20
load:0x403cb700,len:0x2ee4
entry 0x403c8928
[0;32mI (31) boot: ESP-IDF v5.4-dirty 2nd stage bootloader[0m
[0;32mI (31) boot: compile time Apr 18 2025 01:13:45[0m
[0;32mI (31) boot: Multicore bootloader[0m
[0;32mI (32) boot: chip revision: v0.2[0m
[0;32mI (35) boot: efuse block revision: v1.3[0m
[0;32mI (38) boot.esp32s3: Boot SPI Speed : 80MHz[0m
[0;32mI (42) boot.esp32s3: SPI Mode       : DIO[0m
[0;32mI (46) boot.esp32s3: SPI Flash Size : 2MB[0m
[0;32mI (50) boot: Enabling RNG early entropy source...[0m
[0;32mI (54) boot: Partition Table:[0m
[0;32mI (57) boot: ## Label            Usage          Type ST Offset   Length[0m
[0;32mI (63) boot:  0 nvs              WiFi data        01 02 00009000 00006000[0m
[0;32mI (69) boot:  1 phy_init         RF data          01 01 0000f000 00001000[0m
[0;32mI (76) boot:  2 factory          factory app      00 00 00010000 00100000[0m
[0;32mI (83) boot: End of partition table[0m
[0;32mI (86) esp_image: segment 0: paddr=00010020 vaddr=3c020020 size=0c72ch ( 50988) map[0m
[0;32mI (102) esp_image: segment 1: paddr=0001c754 vaddr=3fc93700 size=02ae0h ( 10976) load[0m
[0;32mI (105) esp_image: segment 2: paddr=0001f23c vaddr=40374000 size=00ddch (  3548) load[0m
[0;32mI (109) esp_image: segment 3: paddr=00020020 vaddr=42000020 size=1c3d8h (115672) map[0m
[0;32mI (136) esp_image: segment 4: paddr=0003c400 vaddr=40374ddc size=0e8a0h ( 59552) load[0m
[0;32mI (149) esp_image: segment 5: paddr=0004aca8 vaddr=600fe100 size=0001ch (    28) load[0m
[0;32mI (155) boot: Loaded app from partition at offset 0x10000[0m
[0;32mI (156) boot: Disabling RNG early entropy source...[0m
[0;32mI (167) cpu_start: Multicore app[0m
[0;32mI (176) cpu_start: Pro cpu start user code[0m
[0;32mI (176) cpu_start: cpu freq: 160000000 Hz[0m
[0;32mI (176) app_init: Application information:[0m
[0;32mI (176) app_init: Project name:     GPIO_Example[0m
[0;32mI (180) app_init: App version:      ce7ed68-dirty[0m
[0;32mI (185) app_init: Compile time:     Apr 19 2025 02:27:40[0m
[0;32mI (190) app_init: ELF file SHA256:  63b88db6f...[0m
[0;32mI (194) app_init: ESP-IDF:          v5.4-dirty[0m
[0;32mI (198) efuse_init: Min chip rev:     v0.0[0m
[0;32mI (202) efuse_init: Max chip rev:     v0.99 [0m
[0;32mI (206) efuse_init: Chip rev:         v0.2[0m
[0;32mI (210) heap_init: Initializing. RAM available for dynamic allocation:[0m
[0;32mI (216) heap_init: At 3FC96AE8 len 00052C28 (331 KiB): RAM[0m
[0;32mI (222) heap_init: At 3FCE9710 len 00005724 (21 KiB): RAM[0m
[0;32mI (227) heap_init: At 3FCF0000 len 00008000 (32 KiB): DRAM[0m
[0;32mI (232) heap_init: At 600FE11C len 00001ECC (7 KiB): RTCRAM[0m
[0;32mI (238) spi_flash: detected chip: gd[0m
[0;32mI (240) spi_flash: flash io: dio[0m
[0;33mW (243) spi_flash: Detected size(8192k) larger than the size in the binary image header(2048k). Using the size in the binary image header.[0m
[0;32mI (256) sleep_gpio: Configure to isolate all GPIO pins in sleep state[0m
[0;32mI (262) sleep_gpio: Enable automatic switching of GPIO sleep configuration[0m
[0;32mI (269) main_task: Started on CPU0[0m
[0;32mI (289) main_task: Calling app_main()[0m
[1;31mE (289) adc_continuous: adc_continuous_config(468): ADC sampling frequency out of range[0m
ESP_ERROR_CHECK failed: esp_err_t 0x102 (ESP_ERR_INVALID_ARG) at 0x42009d92
file: "./main/Temperature_Module.c" line 147
func: continuous_adc_init
expression: adc_continuous_config(adc_handle, &adc_config)

abort() was called at PC 0x4037ad73 on core 0


Backtrace: 0x40375b79:0x3fc99260 0x4037ad7d:0x3fc99280 0x403815bd:0x3fc992a0 0x4037ad73:0x3fc99310 0x42009d92:0x3fc99340 0x42009e3f:0x3fc993a0 0x4201b84b:0x3fc993d0 0x4037b645:0x3fc99400




ELF file SHA256: 63b88db6f

Rebooting...
ï¿½ï¿½ï¿½ESP-ROM:esp32s3-20210327
Build:Mar 27 2021
rst:0xc (RTC_SW_CPU_RST),boot:0x9 (SPI_FAST_FLASH_BOOT)
Saved PC:0x40375ab8
SPIWP:0xee
mode:DIO, clock div:1
load:0x3fce2810,len:0x15a0
load:0x403c8700,len:0x4
load:0x403c8704,len:0xd20
load:0x403cb700,len:0x2ee4
entry 0x403c8928
[0;32mI (31) boot: ESP-IDF v5.4-dirty 2nd stage bootloader[0m
[0;32mI (31) boot: compile time Apr 18 2025 01:13:45[0m
[0;32mI (31) boot: Multicore bootloader[0m
[0;32mI (32) boot: chip revision: v0.2[0m
[0;32mI (35) boot: efuse block revision: v1.3[0m
[0;32mI (38) boot.esp32s3: Boot SPI Speed : 80MHz[0m
[0;32mI (42) boot.esp32s3: SPI Mode       : DIO[0m
[0;32mI (46) boot.esp32s3: SPI Flash Size : 2MB[0m
[0;32mI (50) boot: Enabling RNG early entropy source...[0m
[0;32mI (54) boot: Partition Table:[0m
[0;32mI (57) boot: ## Label            Usage          Type ST Offset   Length[0m
[0;32mI (63) boot:  0 nvs              WiFi data        01 02 00009000 00006000[0m
[0;32mI (69) boot:  1 phy_init         RF data          01 01 0000f000 00001000[0m
[0;32mI (76) boot:  2 factory          factory app      00 00 00010000 00100000[0m
[0;32mI (83) boot: End of partition table[0m
[0;32mI (86) esp_image: segment 0: paddr=00010020 vaddr=3c020020 size=0c72ch ( 50988) map[0m
[0;32mI (102) esp_image: segment 1: paddr=0001c754 vaddr=3fc93700 size=02ae0h ( 10976) load[0m
[0;32mI (105) esp_image: segment 2: paddr=0001f23c vaddr=40374000 size=00ddch (  3548) load[0m
[0;32mI (109) esp_image: segment 3: paddr=00020020 vaddr=42000020 size=1c3d8h (115672) map[0m
[0;32mI (136) esp_image: segment 4: paddr=0003c400 vaddr=40374ddc size=0e8a0h ( 59552) load[0m
[0;32mI (149) esp_image: segment 5: paddr=0004aca8 vaddr=600fe100 size=0001ch (    28) load[0m
[0;32mI (155) boot: Loaded app from partition at offset 0x10000[0m
[0;32mI (156) boot: Disabling RNG early entropy source...[0m
[0;32mI (167) cpu_start: Multicore app[0m
[0;32mI (176) cpu_start: Pro cpu start user code[0m
[0;32mI (176) cpu_start: cpu freq: 160000000 Hz[0m
[0;32mI (176) app_init: Application information:[0m
[0;32mI (176) app_init: Project name:     GPIO_Example[0m
[0;32mI (180) app_init: App version:      ce7ed68-dirty[0m
[0;32mI (185) app_init: Compile time:     Apr 19 2025 02:27:40[0m
[0;32mI (190) app_init: ELF file SHA256:  63b88db6f...[0m
[0;32mI (194) app_init: ESP-IDF:          v5.4-dirty[0m
[0;32mI (198) efuse_init: Min chip rev:     v0.0[0m
[0;32mI (202) efuse_init: Max chip rev:     v0.99 [0m
[0;32mI (206) efuse_init: Chip rev:         v0.2[0m
[0;32mI (210) heap_init: Initializing. RAM available for dynamic allocation:[0m
[0;32mI (216) heap_init: At 3FC96AE8 len 00052C28 (331 KiB): RAM[0m
[0;32mI (222) heap_init: At 3FCE9710 len 00005724 (21 KiB): RAM[0m
[0;32mI (227) heap_init: At 3FCF0000 len 00008000 (32 KiB): DRAM[0m
[0;32mI (232) heap_init: At 600FE11C len 00001ECC (7 KiB): RTCRAM[0m
[0;32mI (238) spi_flash: detected chip: gd[0m
[0;32mI (240) spi_flash: flash io: dio[0m
[0;33mW (243) spi_flash: Detected size(8192k) larger than the size in the binary image header(2048k). Using the size in the binary image header.[0m
[0;32mI (256) sleep_gpio: Configure to isolate all GPIO pins in sleep state[0m
[0;32mI (262) sleep_gpio: Enable automatic switching of GPIO sleep configuration[0m
[0;32mI (269) main_task: Started on CPU0[0m
[0;32mI (289) main_task: Calling app_main()[0m
[1;31mE (289) adc_continuous: adc_continuous_config(468): ADC sampling frequency out of range[0m
ESP_ERROR_CHECK failed: esp_err_t 0x102 (ESP_ERR_INVALID_ARG) at 0x42009d92
file: "./main/Temperature_Module.c" line 147
func: continuous_adc_init
expression: adc_continuous_config(adc_handle, &adc_config)

abort() was called at PC 0x4037ad73 on core 0


Backtrace: 0x40375b79:0x3fc99260 0x4037ad7d:0x3fc99280 0x403815bd:0x3fc992a0 0x4037ad73:0x3fc99310 0x42009d92:0x3fc99340 0x42009e3f:0x3fc993a0 0x4201b84b:0x3fc993d0 0x4037b645:0x3fc99400
ELF file SHA256: 63b88db6f

Rebooting...
ï¿½ï¿½ï¿½ESP-ROM:esp32s3-20210327
Build:Mar 27 2021
rst:0xc (RTC_SW_CPU_RST),boot:0x9 (SPI_FAST_FLASH_BOOT)
Saved PC:0x40375ab8
SPIWP:0xee
mode:DIO, clock div:1
load:0x3fce2810,len:0x15a0
load:0x403c8700,len:0x4
load:0x403c8704,len:0xd20
load:0x403cb700,len:0x2ee4
entry 0x403c8928
[0;32mI (31) boot: ESP-IDF v5.4-dirty 2nd stage bootloader[0m
[0;32mI (31) boot: compile time Apr 18 2025 01:13:45[0m
[0;32mI (31) boot: Multicore bootloader[0m
[0;32mI (32) boot: chip revision: v0.2[0m
[0;32mI (35) boot: efuse block revision: v1.3[0m
[0;32mI (38) boot.esp32s3: Boot SPI Speed : 80MHz[0m
[0;32mI (42) boot.esp32s3: SPI Mode       : DIO[0m
[0;32mI (46) boot.esp32s3: SPI Flash Size : 2MB[0m
[0;32mI (50) boot: Enabling RNG early entropy source...[0m
[0;32mI (54) boot: Partition Table:[0m
[0;32mI (57) boot: ## Label            Usage          Type ST Offset   Length[0m
[0;32mI (63) boot:  0 nvs              WiFi data        01 02 00009000 00006000[0m
[0;32mI (69) boot:  1 phy_init         RF data          01 01 0000f000 00001000[0m
[0;32mI (76) boot:  2 factory          factory app      00 00 00010000 00100000[0m
[0;32mI (83) boot: End of partition table[0m
[0;32mI (86) esp_image: segment 0: paddr=00010020 vaddr=3c020020 size=0c72ch ( 50988) map[0m
[0;32mI (102) esp_image: segment 1: paddr=0001c754 vaddr=3fc93700 size=02ae0h ( 10976) load[0m
[0;32mI (105) esp_image: segment 2: paddr=0001f23c vaddr=40374000 size=00ddch (  3548) load[0m
[0;32mI (109) esp_image: segment 3: paddr=00020020 vaddr=42000020 size=1c3d8h (115672) map[0m
[0;32mI (136) esp_image: segment 4: paddr=0003c400 vaddr=40374ddc size=0e8a0h ( 59552) load[0m
[0;32mI (149) esp_image: segment 5: paddr=0004aca8 vaddr=600fe100 size=0001ch (    28) load[0m
[0;32mI (155) boot: Loaded app from partition at offset 0x10000[0m
[0;32mI (156) boot: Disabling RNG early entropy source...[0m
[0;32mI (167) cpu_start: Multicore app[0m
[0;32mI (176) cpu_start: Pro cpu start user code[0m
[0;32mI (176) cpu_start: cpu freq: 160000000 Hz[0m
[0;32mI (176) app_init: Application information:[0m
[0;32mI (176) app_init: Project name:     GPIO_Example[0m
[0;32mI (180) app_init: App version:      ce7ed68-dirty[0m
[0;32mI (185) app_init: Compile time:     Apr 19 2025 02:27:40[0m
[0;32mI (190) app_init: ELF file SHA256:  63b88db6f...[0m
[0;32mI (194) app_init: ESP-IDF:          v5.4-dirty[0m
[0;32mI (198) efuse_init: Min chip rev:     v0.0[0m
[0;32mI (202) efuse_init: Max chip rev:     v0.99 [0m
[0;32mI (206) efuse_init: Chip rev:         v0.2[0m
[0;32mI (210) heap_init: Initializing. RAM available for dynamic allocation:[0m
[0;32mI (216) heap_init: At 3FC96AE8 len 00052C28 (331 KiB): RAM[0m
[0;32mI (222) heap_init: At 3FCE9710 len 00005724 (21 KiB): RAM[0m
[0;32mI (227) heap_init: At 3FCF0000 len 00008000 (32 KiB): DRAM[0m
[0;32mI (232) heap_init: At 600FE11C len 00001ECC (7 KiB): RTCRAM[0m
[0;32mI (238) spi_flash: detected chip: gd[0m
[0;32mI (240) spi_flash: flash io: dio[0m
[0;33mW (243) spi_flash: Detected size(8192k) larger than the size in the binary image header(2048k). Using the size in the binary image header.[0m
[0;32mI (256) sleep_gpio: Configure to isolate all GPIO pins in sleep state[0m
[0;32mI (262) sleep_gpio: Enable automatic switching of GPIO sleep configuration[0m
[0;32mI (269) main_task: Started on CPU0[0m
[0;32mI (289) main_task: Calling app_main()[0m
[1;31mE (289) adc_continuous: adc_continuous_config(468): ADC sampling frequency out of range[0m
ESP_ERROR_CHECK failed: esp_err_t 0x102 (ESP_ERR_INVALID_ARG) at 0x42009d92
func: continuous_adc_init
expression: adc_continuous_config(adc_handle, &adc_config)

abort() was called at PC 0x4037ad73 on core 0


Backtrace: 0x40375b79:0x3fc99260 0x4037ad7d:0x3fc99280 0x403815bd:0x3fc992a040375b79:0x3fc99260 0x4037ad7d:0x3fc99280 0x403815bd:0x3fc992a0 0x4037ad73:0x3fc99310 0x42009d92:0x3fc99340 0x42009e3f:0x3fc993a0 0x4201b84b:0x3fc993d0 0x4037b645:0x3fc99400
ELF file SHA256: 63b88db6f

Rebooting...
ï¿½ï¿½ï¿½ESP-ROM:esp32s3-20210327
Build:Mar 27 2021
rst:0xc (RTC_SW_CPU_RST),boot:0x9 (SPI_FAST_FLASH_BOOT)
Saved PC:0x40375ab8
SPIWP:0xee
mode:DIO, clock div:1
load:0x3fce2810,len:0x15a0
load:0x403c8700,len:0x4
load:0x403c8704,len:0xd20
load:0x403cb700,len:0x2ee4
entry 0x403c8928
[0;32mI (31) boot: ESP-IDF v5.4-dirty 2nd stage bootloader[0m
[0;32mI (31) boot: compile time Apr 18 2025 01:13:45[0m
[0;32mI (31) boot: Multicore bootloader[0m
[0;32mI (32) boot: chip revision: v0.2[0m
[0;32mI (35) boot: efuse block revision: v1.3[0m
[0;32mI (38) boot.esp32s3: Boot SPI Speed : 80MHz[0m
[0;32mI (42) boot.esp32s3: SPI Mode       : DIO[0m
[0;32mI (46) boot.esp32s3: SPI Flash Size : 2MB[0m
[0;32mI (50) boot: Enabling RNG early entropy source...[0m
[0;32mI (54) boot: Partition Table:[0m
[0;32mI (57) boot: ## Label            Usage          Type ST Offset   Length[0m
[0;32mI (63) boot:  0 nvs              WiFi data        01 02 00009000 00006000[0m
[0;32mI (69) boot:  1 phy_init         RF data          01 01 0000f000 00001000[0m
[0;32mI (76) boot:  2 factory          factory app      00 00 00010000 00100000[0m
[0;32mI (83) boot: End of partition table[0m
[0;32mI (86) esp_image: segment 0: paddr=00010020 vaddr=3c020020 size=0c72ch ( 50988) map[0m
[0;32mI (102) esp_image: segment 1: paddr=0001c754 vaddr=3fc93700 size=02ae0h ( 10976) load[0m
[0;32mI (105) esp_image: segment 2: paddr=0001f23c vaddr=40374000 size=00ddch (  3548) load[0m
[0;32mI (109) esp_image: segment 3: paddr=00020020 vaddr=42000020 size=1c3d8h (115672) map[0m
[0;32mI (136) esp_image: segment 4: paddr=0003c400 vaddr=40374ddc size=0e8a0h ( 59552) load[0m
[0;32mI (149) esp_image: segment 5: paddr=0004aca8 vaddr=600fe100 size=0001ch (    28) load[0m
[0;32mI (155) boot: Loaded app from partition at offset 0x10000[0m
[0;32mI (156) boot: Disabling RNG early entropy source...[0m
[0;32mI (167) cpu_start: Multicore app[0m
[0;32mI (176) cpu_start: Pro cpu start user code[0m
[0;32mI (176) cpu_start: cpu freq: 160000000 Hz[0m
[0;32mI (176) app_init: Application information:[0m
[0;32mI (176) app_init: Project name:     GPIO_Example[0m
[0;32mI (180) app_init: App version:      ce7ed68-dirty[0m
[0;32mI (185) app_init: Compile time:     Apr 19 2025 02:27:40[0m
[0;32mI (190) app_init: ELF file SHA256:  63b88db6f...[0m
[0;32mI (194) app_init: ESP-IDF:          v5.4-dirty[0m
[0;32mI (198) efuse_init: Min chip rev:     v0.0[0m
[0;32mI (202) efuse_init: Max chip rev:     v0.99 [0m
[0;32mI (206) efuse_init: Chip rev:         v0.2[0m
[0;32mI (210) heap_init: Initializing. RAM available for dynamic allocation:[0m
[0;32mI (216) heap_init: At 3FC96AE8 len 00052C28 (331 KiB): RAM[0m
[0;32mI (222) heap_init: At 3FCE9710 len 00005724 (21 KiB): RAM[0m
[0;32mI (227) heap_init: At 3FCF0000 len 00008000 (32 KiB): DRAM[0m
[0;32mI (232) heap_init: At 600FE11C len 00001ECC (7 KiB): RTCRAM[0m
[0;32mI (238) spi_flash: detected chip: gd[0m
[0;32mI (240) spi_flash: flash io: dio[0m
[0;33mW (243) spi_flash: Detected size(8192k) larger than the size in the binary image header(2048k). Using the size in the binary image header.[0m
[0;32mI (256) sleep_gpio: Configure to isolate all GPIO pins in sleep state[0m
[0;32mI (262) sleep_gpio: Enable automatic switching of GPIO sleep configuration[0m
[0;32mI (269) main_task: Started on CPU0[0m
[0;32mI (289) main_task: Calling app_main()[0m
[1;31mE (289) adc_continuous: adc_continuous_config(468): ADC sampling frequency out of range[0m
ESP_ERROR_CHECK failed: esp_err_t 0x102 (ESP_ERR_INVALID_ARG) at 0x42009d92
file: "./main/Temperature_Module.c" line 147
func: continuous_adc_init
expression: adc_continuous_config(adc_handle, &adc_config)

abort() was called at PC 0x4037ad73 on core 0


Backtrace: 0x40375b79:0x3fc99260 0x4037ad7d:0x3fc99280 0x403815bd:0x3fc992a0 0x4037ad73:0x3fc99310 0x42009d92:0x3fc99340 0x42009e3f:0x3fc993a0 0x4201b84b:0x3fc993d0 0x4037b645:0x3fc99400
ELF file SHA256: 63b88db6f

Rebooting...
ï¿½ï¿½ï¿½ESP-ROM:esp32s3-20210327
Build:Mar 27 2021
rst:0xc (RTC_SW_CPU_RST),boot:0x9 (SPI_FAST_FLASH_BOOT)
Saved PC:0x40375ab8
SPIWP:0xee
mode:DIO, clock div:1
load:0x3fce2810,len:0x15a0
load:0x403c8700,len:0x4
load:0x403c8704,len:0xd20
load:0x403cb700,len:0x2ee4
entry 0x403c8928
[0;32mI (31) boot: ESP-IDF v5.4-dirty 2nd stage bootloader[0m
[0;32mI (31) boot: compile time Apr 18 2025 01:13:45[0m
[0;32mI (31) boot: Multicore bootloader[0m
[0;32mI (32) boot: chip revision: v0.2[0m
[0;32mI (35) boot: efuse block revision: v1.3[0m
[0;32mI (38) boot.esp32s3: Boot SPI Speed : 80MHz[0m
[0;32mI (42) boot.esp32s3: SPI Mode       : DIO[0m
[0;32mI (46) boot.esp32s3: SPI Flash Size : 2MB[0m
[0;32mI (50) boot: Enabling RNG early entropy source...[0m
[0;32mI (54) boot: Partition Table:[0m
[0;32mI (57) boot: ## Label            Usage          Type ST Offset   Length[0m
[0;32mI (63) boot:  0 nvs              WiFi data        01 02 00009000 00006000[0m
[0;32mI (69) boot:  1 phy_init         RF data          01 01 0000f000 00001000[0m
[0;32mI (76) boot:  2 factory          factory app      00 00 00010000 00100000[0m
[0;32mI (83) boot: End of partition table[0m
[0;32mI (86) esp_image: segment 0: paddr=00010020 vaddr=3c020020 size=0c72ch ( 50988) map[0m
[0;32mI (102) esp_image: segment 1: paddr=0001c754 vaddr=3fc93700 size=02ae0h ( 10976) load[0m
[0;32mI (105) esp_image: segment 2: paddr=0001f23c vaddr=40374000 size=00ddch (  3548) load[0m
[0;32mI (109) esp_image: segment 3: paddr=00020020 vaddr=42000020 size=1c3d8h (115672) map[0m
[0;32mI (136) esp_image: segment 4: paddr=0003c400 vaddr=40374ddc size=0e8a0h ( 59552) load[0m
[0;32mI (149) esp_image: segment 5: paddr=0004aca8 vaddr=600fe100 size=0001ch (    28) load[0m
[0;32mI (155) boot: Loaded app from partition at offset 0x10000[0m
[0;32mI (156) boot: Disabling RNG early entropy source...[0m
[0;32mI (167) cpu_start: Multicore app[0m
[0;32mI (176) cpu_start: Pro cpu start user code[0m
[0;32mI (176) cpu_start: cpu freq: 160000000 Hz[0m
[0;32mI (176) app_init: Application information:[0m
[0;32mI (176) app_init: Project name:     GPIO_Example[0m
[0;32mI (180) app_init: App version:      ce7ed68-dirty[0m
[0;32mI (185) app_init: Compile time:     Apr 19 2025 02:27:40[0m
[0;32mI (190) app_init: ELF file SHA256:  63b88db6f...[0m
[0;32mI (194) app_init: ESP-IDF:          v5.4-dirty[0m
[0;32mI (198) efuse_init: Min chip rev:     v0.0[0m
[0;32mI (202) efuse_init: Max chip rev:     v0.99 [0m
[0;32mI (206) efuse_init: Chip rev:         v0.2[0m
[0;32mI (210) heap_init: Initializing. RAM available for dynamic allocation:[0m
[0;32mI (216) heap_init: At 3FC96AE8 len 00052C28 (331 KiB): RAM[0m
[0;32mI (222) heap_init: At 3FCE9710 len 00005724 (21 KiB): RAM[0m
[0;32mI (227) heap_init: At 3FCF0000 len 00008000 (32 KiB): DRAM[0m
[0;32mI (232) heap_init: At 600FE11C len 00001ECC (7 KiB): RTCRAM[0m
[0;32mI (238) spi_flash: detected chip: gd[0m
[0;32mI (240) spi_flash: flash io: dio[0m
[0;33mW (243) spi_flash: Detected size(8192k) larger than the size in the binary image header(2048k). Using the size in the binary image header.[0m
[0;32mI (256) sleep_gpio: Configure to isolate all GPIO pins in sleep state[0m
[0;32mI (262) sleep_gpio: Enable automatic switching of GPIO sleep configuration[0m
[0;32mI (269) main_task: Started on CPU0[0m
[0;32mI (289) main_task: Calling app_main()[0m
[1;31mE (289) adc_continuous: adc_continuous_config(468): ADC sampling frequency out of range[0m
ESP_ERROR_CHECK failed: esp_err_t 0x102 (ESP_ERR_INVALID_ARG) at 0x42009d92
func: continuous_adc_init
expression: adc_continuous_config(adc_handle, &adc_config)

abort() was called at PC 0x4037ad73 on core 0
Backtrace: 0x40375b79:0x3fc99260 0x4037ad7d:0x3fc99280 0x403815bd:0x3fc992a0 0x4037ad73:0x3fc99310 0x42009d92:0x3fc99340 0x42009e3f:0x3fc993a0 0x4201b84b:0x3fc993d0 0x4037b645:0x3fc99400
ELF file SHA256: 63b88db6f

Rebooting...
ï¿½ï¿½ï¿½ESP-ROM:esp32s3-20210327
Build:Mar 27 2021
rst:0xc (RTC_SW_CPU_RST),boot:0x9 (SPI_FAST_FLASH_BOOT)
Saved PC:0x40375ab8
SPIWP:0xee
mode:DIO, clock div:1
load:0x3fce2810,len:0x15a0
load:0x403c8700,len:0x4
load:0x403c8704,len:0xd20
load:0x403cb700,len:0x2ee4
entry 0x403c8928
[0;32mI (31) boot: ESP-IDF v5.4-dirty 2nd stage bootloader[0m
[0;32mI (31) boot: compile time Apr 18 2025 01:13:45[0m
[0;32mI (31) boot: Multicore bootloader[0m
[0;32mI (32) boot: chip revision: v0.2[0m
[0;32mI (35) boot: efuse block revision: v1.3[0m
[0;32mI (38) boot.esp32s3: Boot SPI Speed : 80MHz[0m
[0;32mI (42) boot.esp32s3: SPI Mode       : DIO[0m
[0;32mI (46) boot.esp32s3: SPI Flash Size : 2MB[0m
[0;32mI (50) boot: Enabling RNG early entropy source...[0m
[0;32mI (54) boot: Partition Table:[0m
[0;32mI (57) boot: ## Label            Usage          Type ST Offset   Length[0m
[0;32mI (63) boot:  0 nvs              WiFi data        01 02 00009000 00006000[0m
[0;32mI (69) boot:  1 phy_init         RF data          01 01 0000f000 00001000[0m
[0;32mI (76) boot:  2 factory          factory app      00 00 00010000 00100000[0m
[0;32mI (83) boot: End of partition table[0m
[0;32mI (86) esp_image: segment 0: paddr=00010020 vaddr=3c020020 size=0c72ch ( 50988) map[0m
[0;32mI (102) esp_image: segment 1: paddr=0001c754 vaddr=3fc93700 size=02ae0h ( 10976) load[0m
[0;32mI (105) esp_image: segment 2: paddr=0001f23c vaddr=40374000 size=00ddch (  3548) load[0m
[0;32mI (136) esp_image: segment 4: paddr=0003c400 vaddr=40374ddc size=0e8a0h ( 59552) load[0m
[0;32mI (149) esp_image: segment 5: paddr=0004aca8 vaddr=600fe100 size=0001ch (    28) load[0m
[0;32mI (155) boot: Loaded app from partition at offset 0x10000[0m
[0;32mI (156) boot: Disabling RNG early entropy source...[0m
[0;32mI (167) cpu_start: Multicore app[0m
[0;32mI (176) cpu_start: Pro cpu start user code[0m
[0;32mI (176) cpu_start: cpu freq: 160000000 Hz[0m
[0;32mI (176) app_init: Application information:[0m
[0;32mI (176) app_init: Project name:     GPIO_Example[0m
[0;32mI (180) app_init: App version:      ce7ed68-dirty[0m
[0;32mI (185) app_init: Compile time:     Apr 19 2025 02:27:40[0m
[0;32mI (190) app_init: ELF file SHA256:  63b88db6f...[0m
[0;32mI (194) app_init: ESP-IDF:          v5.4-dirty[0m
[0;32mI (198) efuse_init: Min chip rev:     v0.0[0m
[0;32mI (202) efuse_init: Max chip rev:     v0.99 [0m
[0;32mI (206) efuse_init: Chip rev:         v0.2[0m
[0;32mI (210) heap_init: Initializing. RAM available for dynamic allocation:[0m
[0;32mI (216) heap_init: At 3FC96AE8 len 00052C28 (331 KiB): RAM[0m
[0;32mI (222) heap_init: At 3FCE9710 len 00005724 (21 KiB): RAM[0m
[0;32mI (227) heap_init: At 3FCF0000 len 00008000 (32 KiB): DRAM[0m
[0;32mI (232) heap_init: At 600FE11C len 00001ECC (7 KiB): RTCRAM[0m
[0;32mI (238) spi_flash: detected chip: gd[0m
[0;32mI (240) spi_flash: flash io: dio[0m
[0;33mW (243) spi_flash: Detected size(8192k) larger than the size in the binary image header(2048k). Using the size in the binary image header.[0m
[0;32mI (256) sleep_gpio: Configure to isolate all GPIO pins in sleep state[0m
[0;32mI (262) sleep_gpio: Enable automatic switching of GPIO sleep configuration[0m
[0;32mI (269) main_task: Started on CPU0[0m
[0;32mI (289) main_task: Calling app_main()[0m
[1;31mE (289) adc_continuous: adc_continuous_config(468): ADC sampling frequency out of range[0m
ESP_ERROR_CHECK failed: esp_err_t 0x102 (ESP_ERR_INVALID_ARG) at 0x42009d92
file: "./main/Temperature_Module.c" line 147
func: continuous_adc_init
expression: adc_continuous_config(adc_handle, &adc_config)

abort() was called at PC 0x4037ad73 on core 0
Backtrace: 0x40375b79:0x3fc99260 0x4037ad7d:0x3fc99280 0x403815bd:0x3fc992a0 0x4037ad73:0x3fc99310 0x42009d92:0x3fc99340 0x42009e3f:0x3fc993a0 0x4201b84b:0x3fc993d0 0x4037b645:0x3fc99400
ELF file SHA256: 63b88db6f

Rebooting...
ï¿½ï¿½ï¿½ESP-ROM:esp32s3-20210327
Build:Mar 27 2021
rst:0xc (RTC_SW_CPU_RST),boot:0x9 (SPI_FAST_FLASH_BOOT)
Saved PC:0x40375ab8
SPIWP:0xee
mode:DIO, clock div:1
load:0x3fce2810,len:0x15a0
load:0x403c8700,len:0x4
load:0x403c8704,len:0xd20
load:0x403cb700,len:0x2ee4
entry 0x403c8928
[0;32mI (31) boot: ESP-IDF v5.4-dirty 2nd stage bootloader[0m
[0;32mI (31) boot: compile time Apr 18 2025 01:13:45[0m
[0;32mI (31) boot: Multicore bootloader[0m
[0;32mI (32) boot: chip revision: v0.2[0m
[0;32mI (35) boot: efuse block revision: v1.3[0m
[0;32mI (38) boot.esp32s3: Boot SPI Speed : 80MHz[0m
[0;32mI (42) boot.esp32s3: SPI Mode       : DIO[0m
[0;32mI (46) boot.esp32s3: SPI Flash Size : 2MB[0m
[0;32mI (50) boot: Enabling RNG early entropy source...[0m
[0;32mI (54) boot: Partition Table:[0m
[0;32mI (57) boot: ## Label            Usage          Type ST Offset   Length[0m
[0;32mI (63) boot:  0 nvs              WiFi data        01 02 00009000 00006000[0m
[0;32mI (69) boot:  1 phy_init         RF data          01 01 0000f000 00001000[0m
[0;32mI (76) boot:  2 factory          factory app      00 00 00010000 00100000[0m
[0;32mI (83) boot: End of partition table[0m
[0;32mI (86) esp_image: segment 0: paddr=00010020 vaddr=3c020020 size=0c72ch ( 50988) map[0m
[0;32mI (102) esp_image: segment 1: paddr=0001c754 vaddr=3fc93700 size=02ae0h ( 10976) load[0m
[0;32mI (105) esp_image: segment 2: paddr=0001f23c vaddr=40374000 size=00ddch (  3548) load[0m
[0;32mI (109) esp_image: segment 3: paddr=00020020 vaddr=42000020 size=1c3d8h (115672) map[0m
[0;32mI (136) esp_image: segment 4: paddr=0003c400 vaddr=40374ddc size=0e8a0h ( 59552) load[0m
[0;32mI (149) esp_image: segment 5: paddr=0004aca8 vaddr=600fe100 size=0001ch (    28) load[0m
[0;32mI (155) boot: Loaded app from partition at offset 0x10000[0m
[0;32mI (156) boot: Disabling RNG early entropy source...[0m
[0;32mI (167) cpu_start: Multicore app[0m
[0;32mI (176) cpu_start: Pro cpu start user code[0m
[0;32mI (176) cpu_start: cpu freq: 160000000 Hz[0m
[0;32mI (176) app_init: Application information:[0m
[0;32mI (176) app_init: Project name:     GPIO_Example[0m
[0;32mI (180) app_init: App version:      ce7ed68-dirty[0m
[0;32mI (185) app_init: Compile time:     Apr 19 2025 02:27:40[0m
[0;32mI (190) app_init: ELF file SHA256:  63b88db6f...[0m
[0;32mI (194) app_init: ESP-IDF:          v5.4-dirty[0m
[0;32mI (198) efuse_init: Min chip rev:     v0.0[0m
[0;32mI (202) efuse_init: Max chip rev:     v0.99 [0m
[0;32mI (206) efuse_init: Chip rev:         v0.2[0m
[0;32mI (210) heap_init: Initializing. RAM available for dynamic allocation:[0m
[0;32mI (216) heap_init: At 3FC96AE8 len 00052C28 (331 KiB): RAM[0m
[0;32mI (222) heap_init: At 3FCE9710 len 00005724 (21 KiB): RAM[0m
[0;32mI (227) heap_init: At 3FCF0000 len 00008000 (32 KiB): DRAM[0m
[0;32mI (232) heap_init: At 600FE11C len 00001ECC (7 KiB): RTCRAM[0m
[0;32mI (238) spi_flash: detected chip: gd[0m
[0;32mI (240) spi_flash: flash io: dio[0m
[0;33mW (243) spi_flash: Detected size(8192k) larger than the size in the binary image header(2048k). Using the size in the binary image header.[0m
[0;32mI (256) sleep_gpio: Configure to isolate all GPIO pins in sleep state[0m
[0;32mI (262) sleep_gpio: Enable automatic switching of GPIO sleep configuration[0m
[0;32mI (269) main_task: Started on CPU0[0m
[0;32mI (289) main_task: Calling app_main()[0m
[1;31mE (289) adc_continuous: adc_continuous_config(468): ADC sampling frequency out of range[0m
ESP_ERROR_CHECK failed: esp_err_t 0x102 (ESP_ERR_INVALID_ARG) at 0x42009d92
func: continuous_adc_init
expression: adc_continuous_config(adc_handle, &adc_config)

abort() was called at PC 0x4037ad73 on core 0
Backtrace: 0x40375b79:0x3fc99260 0x4037ad7d:0x3fc99280 0x403815bd:0x3fc992a0 0x4037ad73:0x3fc99310 0x42009d92:0x3fc99340 0x42009e3f:0x3fc993a0 0x4201b84b:0x3fc993d0 0x4037b645:0x3fc99400
ELF file SHA256: 63b88db6f

Rebooting...
ï¿½ï¿½ï¿½ESP-ROM:esp32s3-20210327
Build:Mar 27 2021
rst:0xc (RTC_SW_CPU_RST),boot:0x9 (SPI_FAST_FLASH_BOOT)
Saved PC:0x40375ab8
SPIWP:0xee
mode:DIO, clock div:1
load:0x3fce2810,len:0x15a0
load:0x403c8700,len:0x4
load:0x403c8704,len:0xd20
load:0x403cb700,len:0x2ee4
entry 0x403c8928
[0;32mI (31) boot: ESP-IDF v5.4-dirty 2nd stage bootloader[0m
[0;32mI (31) boot: compile time Apr 18 2025 01:13:45[0m
[0;32mI (31) boot: Multicore bootloader[0m
[0;32mI (32) boot: chip revision: v0.2[0m
[0;32mI (35) boot: efuse block revision: v1.3[0m
[0;32mI (38) boot.esp32s3: Boot SPI Speed : 80MHz[0m
[0;32mI (42) boot.esp32s3: SPI Mode       : DIO[0m
[0;32mI (46) boot.esp32s3: SPI Flash Size : 2MB[0m
[0;32mI (50) boot: Enabling RNG early entropy source...[0m
[0;32mI (54) boot: Partition Table:[0m
[0;32mI (57) boot: ## Label            Usage          Type ST Offset   Length[0m
[0;32mI (63) boot:  0 nvs              WiFi data        01 02 00009000 00006000[0m
[0;32mI (69) boot:  1 phy_init         RF data          01 01 0000f000 00001000[0m
[0;32mI (76) boot:  2 factory          factory app      00 00 00010000 00100000[0m
[0;32mI (83) boot: End of partition table[0m
[0;32mI (86) esp_image: segment 0: paddr=00010020 vaddr=3c020020 size=0c72ch ( 50988) map[0m
[0;32mI (102) esp_image: segment 1: paddr=0001c754 vaddr=3fc93700 size=02ae0h ( 10976) load[0m
[0;32mI (105) esp_image: segment 2: paddr=0001f23c vaddr=40374000 size=00ddch (  3548) load[0m
[0;32mI (109) esp_image: segment 3: paddr=00020020 vaddr=42000020 size=1c3d8h (115672) map[0m
[0;32mI (136) esp_image: segment 4: paddr=0003c400 vaddr=40374ddc size=0e8a0h ( 59552) load[0m
[0;32mI (149) esp_image: segment 5: paddr=0004aca8 vaddr=600fe100 size=0001ch (    28) load[0m
[0;32mI (155) boot: Loaded app from partition at offset 0x10000[0m
[0;32mI (156) boot: Disabling RNG early entropy source...[0m
[0;32mI (167) cpu_start: Multicore app[0m
[0;32mI (176) cpu_start: Pro cpu start user code[0m
[0;32mI (176) cpu_start: cpu freq: 160000000 Hz[0m
[0;32mI (176) app_init: Application information:[0m
[0;32mI (176) app_init: Project name:     GPIO_Example[0m
[0;32mI (180) app_init: App version:      ce7ed68-dirty[0m
[0;32mI (185) app_init: Compile time:     Apr 19 2025 02:27:40[0m
[0;32mI (190) app_init: ELF file SHA256:  63b88db6f...[0m
[0;32mI (194) app_init: ESP-IDF:          v5.4-dirty[0m
[0;32mI (198) efuse_init: Min chip rev:     v0.0[0m
[0;32mI (202) efuse_init: Max chip rev:     v0.99 [0m
[0;32mI (206) efuse_init: Chip rev:         v0.2[0m
[0;32mI (210) heap_init: Initializing. RAM available for dynamic allocation:[0m
[0;32mI (216) heap_init: At 3FC96AE8 len 00052C28 (331 KiB): RAM[0m
[0;32mI (222) heap_init: At 3FCE9710 len 00005724 (21 KiB): RAM[0m
[0;32mI (227) heap_init: At 3FCF0000 len 00008000 (32 KiB): DRAM[0m
[0;32mI (232) heap_init: At 600FE11C len 00001ECC (7 KiB): RTCRAM[0m
[0;32mI (238) spi_flash: detected chip: gd[0m
[0;32mI (240) spi_flash: flash io: dio[0m
[0;33mW (243) spi_flash: Detected size(8192k) larger than the size in the binary image header(2048k). Using the size in the binary image header.[0m
[0;32mI (256) sleep_gpio: Configure to isolate all GPIO pins in sleep state[0m
[0;32mI (262) sleep_gpio: Enable automatic switching of GPIO sleep configuration[0m
[0;32mI (269) main_task: Started on CPU0[0m
[0;32mI (289) main_task: Calling app_main()[0m
[1;31mE (289) adc_continuous: adc_continuous_config(468): ADC sampling frequency out of range[0m
ESP_ERROR_CHECK failed: esp_err_t 0x102 (ESP_ERR_INVALID_ARG) at 0x42009d92
func: continuous_adc_init
expression: adc_continuous_config(adc_handle, &adc_config)

abort() was called at PC 0x4037ad73 on core 0
Backtrace: 0x40375b79:0x3fc99260 0x4037ad7d:0x3fc99280 0x403815bd:0x3fc992a0 0x4037ad73:0x3fc99310 0x42009d92:0x3fc99340 0x42009e3f:0x3fc993a0 0x4201b84b:0x3fc993d0 0x4037b645:0x3fc99400
ELF file SHA256: 63b88db6f

Rebooting...
ï¿½ï¿½ï¿½ESP-ROM:esp32s3-20210327
Build:Mar 27 2021
rst:0xc (RTC_SW_CPU_RST),boot:0x9 (SPI_FAST_FLASH_BOOT)
Saved PC:0x40375ab8
SPIWP:0xee
mode:DIO, clock div:1
load:0x3fce2810,len:0x15a0
load:0x403c8700,len:0x4
load:0x403c8704,len:0xd20
load:0x403cb700,len:0x2ee4
entry 0x403c8928
[0;32mI (31) boot: ESP-IDF v5.4-dirty 2nd stage bootloader[0m
[0;32mI (31) boot: compile time Apr 18 2025 01:13:45[0m
[0;32mI (31) boot: Multicore bootloader[0m
[0;32mI (32) boot: chip revision: v0.2[0m
[0;32mI (35) boot: efuse block revision: v1.3[0m
[0;32mI (38) boot.esp32s3: Boot SPI Speed : 80MHz[0m
[0;32mI (42) boot.esp32s3: SPI Mode       : DIO[0m
[0;32mI (46) boot.esp32s3: SPI Flash Size : 2MB[0m
[0;32mI (50) boot: Enabling RNG early entropy source...[0m
[0;32mI (54) boot: Partition Table:[0m
[0;32mI (57) boot: ## Label            Usage          Type ST Offset   Length[0m
[0;32mI (63) boot:  0 nvs              WiFi data        01 02 00009000 00006000[0m
[0;32mI (69) boot:  1 phy_init         RF data          01 01 0000f000 00001000[0m
[0;32mI (76) boot:  2 factory          factory app      00 00 00010000 00100000[0m
[0;32mI (83) boot: End of partition table[0m
[0;32mI (86) esp_image: segment 0: paddr=00010020 vaddr=3c020020 size=0c72ch ( 50988) map[0m
[0;32mI (102) esp_image: segment 1: paddr=0001c754 vaddr=3fc93700 size=02ae0h ( 10976) load[0m
[0;32mI (105) esp_image: segment 2: paddr=0001f23c vaddr=40374000 size=00ddch (  3548) load[0m
[0;32mI (109) esp_image: segment 3: paddr=00020020 vaddr=42000020 size=1c3d8h (115672) map[0m
[0;32mI (136) esp_image: segment 4: paddr=0003c400 vaddr=40374ddc size=0e8a0h ( 59552) load[0m
[0;32mI (149) esp_image: segment 5: paddr=0004aca8 vaddr=600fe100 size=0001ch (    28) load[0m
[0;32mI (155) boot: Loaded app from partition at offset 0x10000[0m
[0;32mI (156) boot: Disabling RNG early entropy source...[0m
[0;32mI (167) cpu_start: Multicore app[0m
[0;32mI (176) cpu_start: Pro cpu start user code[0m
[0;32mI (176) cpu_start: cpu freq: 160000000 Hz[0m
[0;32mI (176) app_init: Application information:[0m
[0;32mI (176) app_init: Project name:     GPIO_Example[0m
[0;32mI (180) app_init: App version:      ce7ed68-dirty[0m
[0;32mI (185) app_init: Compile time:     Apr 19 2025 02:27:40[0m
[0;32mI (190) app_init: ELF file SHA256:  63b88db6f...[0m
[0;32mI (194) app_init: ESP-IDF:          v5.4-dirty[0m
[0;32mI (198) efuse_init: Min chip rev:     v0.0[0m
[0;32mI (202) efuse_init: Max chip rev:     v0.99 [0m
[0;32mI (206) efuse_init: Chip rev:         v0.2[0m
[0;32mI (210) heap_init: Initializing. RAM available for dynamic allocation:[0m
[0;32mI (216) heap_init: At 3FC96AE8 len 00052C28 (331 KiB): RAM[0m
[0;32mI (222) heap_init: At 3FCE9710 len 00005724 (21 KiB): RAM[0m
[0;32mI (227) heap_init: At 3FCF0000 len 00008000 (32 KiB): DRAM[0m
[0;32mI (232) heap_init: At 600FE11C len 00001ECC (7 KiB): RTCRAM[0m
[0;32mI (238) spi_flash: detected chip: gd[0m
[0;32mI (240) spi_flash: flash io: dio[0m
[0;33mW (243) spi_flash: Detected size(8192k) larger than the size in the binary image header(2048k). Using the size in the binary image header.[0m
[0;32mI (256) sleep_gpio: Configure to isolate all GPIO pins in sleep state[0m
[0;32mI (262) sleep_gpio: Enable automatic switching of GPIO sleep configuration[0m
[0;32mI (269) main_task: Started on CPU0[0m
[0;32mI (289) main_task: Calling app_main()[0m
[1;31mE (289) adc_continuous: adc_continuous_config(468): ADC sampling frequency out of range[0m
ESP_ERROR_CHECK failed: esp_err_t 0x102 (ESP_ERR_INVALID_ARG) at 0x42009d92
func: continuous_adc_init
expression: adc_continuous_config(adc_handle, &adc_config)

abort() was called at PC 0x4037ad73 on core 0
Backtrace: 0x40375b79:0x3fc99260 0x4037ad7d:0x3fc99280 0x403815bd:0x3fc992a0 0x4037ad73:0x3fc99310 0x42009d92:0x3fc99340 0x42009e3f:0x3fc993a0 0x4201b84b:0x3fc993d0 0x4037b645:0x3fc99400
ELF file SHA256: 63b88db6f

Rebooting...
ï¿½ï¿½ï¿½ESP-ROM:esp32s3-20210327
Build:Mar 27 2021
rst:0xc (RTC_SW_CPU_RST),boot:0x9 (SPI_FAST_FLASH_BOOT)
Saved PC:0x40375ab8
SPIWP:0xee
mode:DIO, clock div:1
load:0x3fce2810,len:0x15a0
load:0x403c8700,len:0x4
load:0x403c8704,len:0xd20
load:0x403cb700,len:0x2ee4
entry 0x403c8928
[0;32mI (31) boot: ESP-IDF v5.4-dirty 2nd stage bootloader[0m
[0;32mI (31) boot: compile time Apr 18 2025 01:13:45[0m
[0;32mI (31) boot: Multicore bootloader[0m
[0;32mI (32) boot: chip revision: v0.2[0m
[0;32mI (35) boot: efuse block revision: v1.3[0m
[0;32mI (38) boot.esp32s3: Boot SPI Speed : 80MHz[0m
[0;32mI (42) boot.esp32s3: SPI Mode       : DIO[0m
[0;32mI (46) boot.esp32s3: SPI Flash Size : 2MB[0m
[0;32mI (50) boot: Enabling RNG early entropy source...[0m
[0;32mI (54) boot: Partition Table:[0m
[0;32mI (57) boot: ## Label            Usage          Type ST Offset   Length[0m
[0;32mI (63) boot:  0 nvs              WiFi data        01 02 00009000 00006000[0m
[0;32mI (69) boot:  1 phy_init         RF data          01 01 0000f000 00001000[0m
[0;32mI (76) boot:  2 factory          factory app      00 00 00010000 00100000[0m
[0;32mI (83) boot: End of partition table[0m
[0;32mI (86) esp_image: segment 0: paddr=00010020 vaddr=3c020020 size=0c72ch ( 50988) map[0m
[0;32mI (102) esp_image: segment 1: paddr=0001c754 vaddr=3fc93700 size=02ae0h ( 10976) load[0m
[0;32mI (105) esp_image: segment 2: paddr=0001f23c vaddr=40374000 size=00ddch (  3548) load[0m
[0;32mI (109) esp_image: segment 3: paddr=00020020 vaddr=42000020 size=1c3d8h (115672) map[0m
[0;32mI (136) esp_image: segment 4: paddr=0003c400 vaddr=40374ddc size=0e8a0h ( 59552) load[0m
[0;32mI (149) esp_image: segment 5: paddr=0004aca8 vaddr=600fe100 size=0001ch (    28) load[0m
[0;32mI (155) boot: Loaded app from partition at offset 0x10000[0m
[0;32mI (156) boot: Disabling RNG early entropy source...[0m
[0;32mI (167) cpu_start: Multicore app[0m
[0;32mI (176) cpu_start: Pro cpu start user code[0m
[0;32mI (176) cpu_start: cpu freq: 160000000 Hz[0m
[0;32mI (176) app_init: Application information:[0m
[0;32mI (176) app_init: Project name:     GPIO_Example[0m
[0;32mI (180) app_init: App version:      ce7ed68-dirty[0m
[0;32mI (185) app_init: Compile time:     Apr 19 2025 02:27:40[0m
[0;32mI (190) app_init: ELF file SHA256:  63b88db6f...[0m
[0;32mI (194) app_init: ESP-IDF:          v5.4-dirty[0m
[0;32mI (198) efuse_init: Min chip rev:     v0.0[0m
[0;32mI (202) efuse_init: Max chip rev:     v0.99 [0m
[0;32mI (206) efuse_init: Chip rev:         v0.2[0m
[0;32mI (210) heap_init: Initializing. RAM available for dynamic allocation:[0m
[0;32mI (216) heap_init: At 3FC96AE8 len 00052C28 (331 KiB): RAM[0m
[0;32mI (222) heap_init: At 3FCE9710 len 00005724 (21 KiB): RAM[0m
[0;32mI (227) heap_init: At 3FCF0000 len 00008000 (32 KiB): DRAM[0m
[0;32mI (232) heap_init: At 600FE11C len 00001ECC (7 KiB): RTCRAM[0m
[0;32mI (238) spi_flash: detected chip: gd[0m
[0;32mI (240) spi_flash: flash io: dio[0m
[0;33mW (243) spi_flash: Detected size(8192k) larger than the size in the binary image header(2048k). Using the size in the binary image header.[0m
[0;32mI (256) sleep_gpio: Configure to isolate all GPIO pins in sleep state[0m
[0;32mI (262) sleep_gpio: Enable automatic switching of GPIO sleep configuration[0m
[0;32mI (269) main_task: Started on CPU0[0m
[0;32mI (289) main_task: Calling app_main()[0m
[1;31mE (289) adc_continuous: adc_continuous_config(468): ADC sampling frequency out of range[0m
ESP_ERROR_CHECK failed: esp_err_t 0x102 (ESP_ERR_INVALID_ARG) at 0x42009d92
func: continuous_adc_init
expression: adc_continuous_config(adc_handle, &adc_config)

abort() was called at PC 0x4037ad73 on core 0


Backtrace: 0x40375b79:0x3fc99260 0x4037ad7d:0x3fc99280 0x403815bd:0x3fc992a0 0x4037ad73:0x3fc99310 0x42009d92:0x3fc99340 0x42009e3f:0x3fc993a0 0x4201b84b:0x3fc993d0 0x4037b645:0x3fc99400
ELF file SHA256: 63b88db6f

Rebooting...
ï¿½ï¿½ï¿½ESP-ROM:esp32s3-20210327
Build:Mar 27 2021
rst:0xc (RTC_SW_CPU_RST),boot:0x9 (SPI_FAST_FLASH_BOOT)
Saved PC:0x40375ab8
SPIWP:0xee
mode:DIO, clock div:1
load:0x3fce2810,len:0x15a0
load:0x403c8700,len:0x4
load:0x403c8704,len:0xd20
load:0x403cb700,len:0x2ee4
entry 0x403c8928
[0;32mI (31) boot: ESP-IDF v5.4-dirty 2nd stage bootloader[0m
[0;32mI (31) boot: compile time Apr 18 2025 01:13:45[0m
[0;32mI (31) boot: Multicore bootloader[0m
[0;32mI (32) boot: chip revision: v0.2[0m
[0;32mI (35) boot: efuse block revision: v1.3[0m
[0;32mI (38) boot.esp32s3: Boot SPI Speed : 80MHz[0m
[0;32mI (42) boot.esp32s3: SPI Mode       : DIO[0m
[0;32mI (46) boot.esp32s3: SPI Flash Size : 2MB[0m
[0;32mI (50) boot: Enabling RNG early entropy source...[0m
[0;32mI (54) boot: Partition Table:[0m
[0;32mI (57) boot: ## Label            Usage          Type ST Offset   Length[0m
[0;32mI (63) boot:  0 nvs              WiFi data        01 02 00009000 00006000[0m
[0;32mI (69) boot:  1 phy_init         RF data          01 01 0000f000 00001000[0m
[0;32mI (76) boot:  2 factory          factory app      00 00 00010000 00100000[0m
[0;32mI (83) boot: End of partition table[0m
[0;32mI (86) esp_image: segment 0: paddr=00010020 vaddr=3c020020 size=0c72ch ( 50988) map[0m
[0;32mI (102) esp_image: segment 1: paddr=0001c754 vaddr=3fc93700 size=02ae0h ( 10976) load[0m
[0;32mI (105) esp_image: segment 2: paddr=0001f23c vaddr=40374000 size=00ddch (  3548) load[0m
[0;32mI (109) esp_image: segment 3: paddr=00020020 vaddr=42000020 size=1c3d8h (115672) map[0m
[0;32mI (136) esp_image: segment 4: paddr=0003c400 vaddr=40374ddc size=0e8a0h ( 59552) load[0m
[0;32mI (149) esp_image: segment 5: paddr=0004aca8 vaddr=600fe100 size=0001ch (    28) load[0m
[0;32mI (155) boot: Loaded app from partition at offset 0x10000[0m
[0;32mI (156) boot: Disabling RNG early entropy source...[0m
[0;32mI (167) cpu_start: Multicore app[0m
[0;32mI (176) cpu_start: Pro cpu start user code[0m
[0;32mI (176) cpu_start: cpu freq: 160000000 Hz[0m
[0;32mI (176) app_init: Application information:[0m
[0;32mI (176) app_init: Project name:     GPIO_Example[0m
[0;32mI (180) app_init: App version:      ce7ed68-dirty[0m
[0;32mI (185) app_init: Compile time:     Apr 19 2025 02:27:40[0m
[0;32mI (190) app_init: ELF file SHA256:  63b88db6f...[0m
[0;32mI (194) app_init: ESP-IDF:          v5.4-dirty[0m
[0;32mI (198) efuse_init: Min chip rev:     v0.0[0m
[0;32mI (202) efuse_init: Max chip rev:     v0.99 [0m
[0;32mI (206) efuse_init: Chip rev:         v0.2[0m
[0;32mI (210) heap_init: Initializing. RAM available for dynamic allocation:[0m
[0;32mI (216) heap_init: At 3FC96AE8 len 00052C28 (331 KiB): RAM[0m
[0;32mI (222) heap_init: At 3FCE9710 len 00005724 (21 KiB): RAM[0m
[0;32mI (227) heap_init: At 3FCF0000 len 00008000 (32 KiB): DRAM[0m
[0;32mI (232) heap_init: At 600FE11C len 00001ECC (7 KiB): RTCRAM[0m
[0;32mI (238) spi_flash: detected chip: gd[0m
[0;32mI (240) spi_flash: flash io: dio[0m
[0;33mW (243) spi_flash: Detected size(8192k) larger than the size in the binary image header(2048k). Using the size in the binary image header.[0m
[0;32mI (256) sleep_gpio: Configure to isolate all GPIO pins in sleep state[0m
[0;32mI (262) sleep_gpio: Enable automatic switching of GPIO sleep configuration[0m
[0;32mI (269) main_task: Started on CPU0[0m
[0;32mI (289) main_task: Calling app_main()[0m
[1;31mE (289) adc_continuous: adc_continuous_config(468): ADC sampling frequency out of range[0m
ESP_ERROR_CHECK failed: esp_err_t 0x102 (ESP_ERR_INVALID_ARG) at 0x42009d92
file: "./main/Temperature_Module.c" line 147
func: continuous_adc_init
expression: adc_continuous_config(adc_handle, &adc_config)

abort() was called at PC 0x4037ad73 on core 0
Backtrace: 0x40375b79:0x3fc99260 0x4037ad7d:0x3fc99280 0x403815bd:0x3fc992a0 0x4037ad73:0x3fc99310 0x42009d92:0x3fc99340 0x42009e3f:0x3fc993a0 0x4201b84b:0x3fc993d0 0x4037b645:0x3fc99400
ELF file SHA256: 63b88db6f

Rebooting...
ï¿½ï¿½ï¿½ESP-ROM:esp32s3-20210327
Build:Mar 27 2021
rst:0xc (RTC_SW_CPU_RST),boot:0x9 (SPI_FAST_FLASH_BOOT)
Saved PC:0x40375ab8
SPIWP:0xee
mode:DIO, clock div:1
load:0x3fce2810,len:0x15a0
load:0x403c8700,len:0x4
load:0x403c8704,len:0xd20
load:0x403cb700,len:0x2ee4
entry 0x403c8928
[0;32mI (31) boot: ESP-IDF v5.4-dirty 2nd stage bootloader[0m
[0;32mI (31) boot: compile time Apr 18 2025 01:13:45[0m
[0;32mI (31) boot: Multicore bootloader[0m
[0;32mI (32) boot: chip revision: v0.2[0m
[0;32mI (35) boot: efuse block revision: v1.3[0m
[0;32mI (38) boot.esp32s3: Boot SPI Speed : 80MHz[0m
[0;32mI (42) boot.esp32s3: SPI Mode       : DIO[0m
[0;32mI (46) boot.esp32s3: SPI Flash Size : 2MB[0m
[0;32mI (50) boot: Enabling RNG early entropy source...[0m
[0;32mI (54) boot: Partition Table:[0m
[0;32mI (57) boot: ## Label            Usage          Type ST Offset   Length[0m
[0;32mI (63) boot:  0 nvs              WiFi data        01 02 00009000 00006000[0m
[0;32mI (69) boot:  1 phy_init         RF data          01 01 0000f000 00001000[0m
[0;32mI (76) boot:  2 factory          factory app      00 00 00010000 00100000[0m
[0;32mI (83) boot: End of partition table[0m
[0;32mI (86) esp_image: segment 0: paddr=00010020 vaddr=3c020020 size=0c72ch ( 50988) map[0m
[0;32mI (102) esp_image: segment 1: paddr=0001c754 vaddr=3fc93700 size=02ae0h ( 10976) load[0m
[0;32mI (105) esp_image: segment 2: paddr=0001f23c vaddr=40374000 size=00ddch (  3548) load[0m
[0;32mI (109) esp_image: segment 3: paddr=00020020 vaddr=42000020 size=1c3d8h (115672) map[0m
[0;32mI (136) esp_image: segment 4: paddr=0003c400 vaddr=40374ddc size=0e8a0h ( 59552) load[0m
[0;32mI (149) esp_image: segment 5: paddr=0004aca8 vaddr=600fe100 size=0001ch (    28) load[0m
[0;32mI (155) boot: Loaded app from partition at offset 0x10000[0m
[0;32mI (156) boot: Disabling RNG early entropy source...[0m
[0;32mI (167) cpu_start: Multicore app[0m
[0;32mI (176) cpu_start: Pro cpu start user code[0m
[0;32mI (176) cpu_start: cpu freq: 160000000 Hz[0m
[0;32mI (176) app_init: Application information:[0m
[0;32mI (176) app_init: Project name:     GPIO_Example[0m
[0;32mI (180) app_init: App version:      ce7ed68-dirty[0m
[0;32mI (185) app_init: Compile time:     Apr 19 2025 02:27:40[0m
[0;32mI (190) app_init: ELF file SHA256:  63b88db6f...[0m
[0;32mI (194) app_init: ESP-IDF:          v5.4-dirty[0m
[0;32mI (198) efuse_init: Min chip rev:     v0.0[0m
[0;32mI (202) efuse_init: Max chip rev:     v0.99 [0m
[0;32mI (206) efuse_init: Chip rev:         v0.2[0m
[0;32mI (210) heap_init: Initializing. RAM available for dynamic allocation:[0m
[0;32mI (216) heap_init: At 3FC96AE8 len 00052C28 (331 KiB): RAM[0m
[0;32mI (222) heap_init: At 3FCE9710 len 00005724 (21 KiB): RAM[0m
[0;32mI (227) heap_init: At 3FCF0000 len 00008000 (32 KiB): DRAM[0m
[0;32mI (232) heap_init: At 600FE11C len 00001ECC (7 KiB): RTCRAM[0m
[0;32mI (238) spi_flash: detected chip: gd[0m
[0;32mI (240) spi_flash: flash io: dio[0m
[0;33mW (243) spi_flash: Detected size(8192k) larger than the size in the binary image header(2048k). Using the size in the binary image header.[0m
[0;32mI (256) sleep_gpio: Configure to isolate all GPIO pins in sleep state[0m
[0;32mI (262) sleep_gpio: Enable automatic switching of GPIO sleep configuration[0m
[0;32mI (269) main_task: Started on CPU0[0m
[0;32mI (289) main_task: Calling app_main()[0m
[1;31mE (289) adc_continuous: adc_continuous_config(468): ADC sampling frequency out of range[0m
